http://www.freeroms.com/roms/psx/a-train.htm
http://www.freeroms.com/roms/psx/ace_combat_2.htm
http://www.freeroms.com/roms/psx/ace_combat_3_-_electrosphere.htm
http://www.freeroms.com/roms/psx/aces_of_the_air.htm
http://www.freeroms.com/roms/psx/action_bass.htm
http://www.freeroms.com/roms/psx/action_man_-_operation_extreme.htm
http://www.freeroms.com/roms/psx/activision_classics.htm
http://www.freeroms.com/roms/psx/adidas_power_soccer.htm
http://www.freeroms.com/roms/psx/adidas_power_soccer_98.htm
http://www.freeroms.com/roms/psx/adventure_of_phix.htm
http://www.freeroms.com/roms/psx/adventures_of_lomax.htm
http://www.freeroms.com/roms/psx/agile_warrior_f-111x.htm
http://www.freeroms.com/roms/psx/air_combat.htm
http://www.freeroms.com/roms/psx/air_hockey.htm
http://www.freeroms.com/roms/psx/akuji_the_heartless.htm
http://www.freeroms.com/roms/psx/alexi_lalas_international_soccer.htm
http://www.freeroms.com/roms/psx/alien_resurrection.htm
http://www.freeroms.com/roms/psx/alien_trilogy.htm
http://www.freeroms.com/roms/psx/all_star_racing.htm
http://www.freeroms.com/roms/psx/all-star_baseball.htm
http://www.freeroms.com/roms/psx/all-star_racing_2.htm
http://www.freeroms.com/roms/psx/all-star_slammin_d-ball.htm
http://www.freeroms.com/roms/psx/allied_general.htm
http://www.freeroms.com/roms/psx/alone_in_the_dark_-_one-eyed_jacks_revenge.htm
http://www.freeroms.com/roms/psx/alone_in_the_dark_-_the_new_nightmare_disc_1.htm
http://www.freeroms.com/roms/psx/alone_in_the_dark_-_the_new_nightmare_disc_2.htm
http://www.freeroms.com/roms/psx/alundra_v1_1.htm
http://www.freeroms.com/roms/psx/alundra_2_-_a_new_legend_begins.htm
http://www.freeroms.com/roms/psx/amazing_virtual_sea_monkeys.htm
http://www.freeroms.com/roms/psx/andretti_racing.htm
http://www.freeroms.com/roms/psx/animaniacs_-_ten_pin_alley_2.htm
http://www.freeroms.com/roms/psx/animorphs_-_shattered_reality.htm
http://www.freeroms.com/roms/psx/ape_escape.htm
http://www.freeroms.com/roms/psx/apocalypse.htm
http://www.freeroms.com/roms/psx/aquanaut's_holiday.htm
http://www.freeroms.com/roms/psx/arc_the_lad_collection_-_arc_arena_-_monster_tournament.htm
http://www.freeroms.com/roms/psx/arc_the_lad_collection_-_arc_the_lad.htm
http://www.freeroms.com/roms/psx/arc_the_lad_collection_-_arc_the_lad_ii.htm
http://www.freeroms.com/roms/psx/arc_the_lad_collection_-_arc_the_lad_iii_disc_1.htm
http://www.freeroms.com/roms/psx/arc_the_lad_collection_-_arc_the_lad_iii_disc_2.htm
http://www.freeroms.com/roms/psx/arc_the_lad_collection_-_the_making_of_arc_the_lad.htm
http://www.freeroms.com/roms/psx/arcade_party_pack.htm
http://www.freeroms.com/roms/psx/arcade's_greatest_hits_-_the_atari_collection_1.htm
http://www.freeroms.com/roms/psx/arcade's_greatest_hits_-_the_atari_collection_2.htm
http://www.freeroms.com/roms/psx/arcade's_greatest_hits_-_williams.htm
http://www.freeroms.com/roms/psx/arcade's_greatest_hits_midway_2.htm
http://www.freeroms.com/roms/psx/area_51.htm
http://www.freeroms.com/roms/psx/armored_core_v1_0.htm
http://www.freeroms.com/roms/psx/armored_core_v1_1.htm
http://www.freeroms.com/roms/psx/armored_core_-_master_of_arena_disc_1.htm
http://www.freeroms.com/roms/psx/armored_core_-_master_of_arena_disc_2.htm
http://www.freeroms.com/roms/psx/armored_core_-_project_phantasma.htm
http://www.freeroms.com/roms/psx/armorines_-_project_s_w_a_r_m_.htm
http://www.freeroms.com/roms/psx/army_men_-_air_attack.htm
http://www.freeroms.com/roms/psx/army_men_-_air_attack_2.htm
http://www.freeroms.com/roms/psx/army_men_-_green_rouge.htm
http://www.freeroms.com/roms/psx/army_men_-_sarges_heroes.htm
http://www.freeroms.com/roms/psx/army_men_-_sarges_heroes_2.htm
http://www.freeroms.com/roms/psx/army_men_-_world_war.htm
http://www.freeroms.com/roms/psx/army_men_-_world_war_-_final_front.htm
http://www.freeroms.com/roms/psx/army_men_-_world_war_-_land_sea_and_air.htm
http://www.freeroms.com/roms/psx/army_men_-_world_war_-_team_assault.htm
http://www.freeroms.com/roms/psx/army_men_3d.htm
http://www.freeroms.com/roms/psx/arthur!_ready_to_race.htm
http://www.freeroms.com/roms/psx/assault_retribution.htm
http://www.freeroms.com/roms/psx/assault_rigs.htm
http://www.freeroms.com/roms/psx/asteroids_3d.htm
http://www.freeroms.com/roms/psx/atari_anniversary_edition_redux.htm
http://www.freeroms.com/roms/psx/attack_of_the_saucerman.htm
http://www.freeroms.com/roms/psx/atv_-_quad_power_racing.htm
http://www.freeroms.com/roms/psx/atv_mania.htm
http://www.freeroms.com/roms/psx/atv_racers.htm
http://www.freeroms.com/roms/psx/austin_powers_pinball.htm
http://www.freeroms.com/roms/psx/auto_destruct.htm
http://www.freeroms.com/roms/psx/azure_dreams.htm
http://www.freeroms.com/roms/psx/backstreet_billiards.htm
http://www.freeroms.com/roms/psx/baldies.htm
http://www.freeroms.com/roms/psx/ball_breakers.htm
http://www.freeroms.com/roms/psx/ballblazer_champions.htm
http://www.freeroms.com/roms/psx/ballerburg_-_castle_chaos.htm
http://www.freeroms.com/roms/psx/ballistic.htm
http://www.freeroms.com/roms/psx/barbie_-_gotta_have_games.htm
http://www.freeroms.com/roms/psx/barbie_-_race_and_ride.htm
http://www.freeroms.com/roms/psx/barbie_-_super_sports.htm
http://www.freeroms.com/roms/psx/barbie_explorer.htm
http://www.freeroms.com/roms/psx/bases_loaded_'96_-_double_header.htm
http://www.freeroms.com/roms/psx/bass_landing.htm
http://www.freeroms.com/roms/psx/bassrise_fishing.htm
http://www.freeroms.com/roms/psx/batman_and_r.htm
http://www.freeroms.com/roms/psx/batman_-_gotham_city_racer.htm
http://www.freeroms.com/roms/psx/batman_beyond_-_return_of_the_joker.htm
http://www.freeroms.com/roms/psx/batman_forever_-_the_arcade_game.htm
http://www.freeroms.com/roms/psx/battle_arena_toshinden.htm
http://www.freeroms.com/roms/psx/battle_arena_toshinden_2.htm
http://www.freeroms.com/roms/psx/battle_arena_toshinden_3.htm
http://www.freeroms.com/roms/psx/battle_hunter.htm
http://www.freeroms.com/roms/psx/battle_stations.htm
http://www.freeroms.com/roms/psx/battlesport.htm
http://www.freeroms.com/roms/psx/battletanx_-_global_assault.htm
http://www.freeroms.com/roms/psx/bear_in_the_big_blue_house.htm
http://www.freeroms.com/roms/psx/beast_wars_-_transformers.htm
http://www.freeroms.com/roms/psx/beyblade.htm
http://www.freeroms.com/roms/psx/beyond_the_beyond.htm
http://www.freeroms.com/roms/psx/big_air.htm
http://www.freeroms.com/roms/psx/big_bass_fishing.htm
http://www.freeroms.com/roms/psx/big_bass_world_championship.htm
http://www.freeroms.com/roms/psx/big_league_slugger_baseball.htm
http://www.freeroms.com/roms/psx/big_strike_bowling.htm
http://www.freeroms.com/roms/psx/billiards.htm
http://www.freeroms.com/roms/psx/bio_f_r_e_a_k_s_.htm
http://www.freeroms.com/roms/psx/bios.htm
http://www.freeroms.com/roms/psx/black_bass_with_blue_marlin.htm
http://www.freeroms.com/roms/psx/black_dawn.htm
http://www.freeroms.com/roms/psx/blade.htm
http://www.freeroms.com/roms/psx/blast_chamber.htm
http://www.freeroms.com/roms/psx/blast_lacrosse.htm
http://www.freeroms.com/roms/psx/blast_radius.htm
http://www.freeroms.com/roms/psx/blaster_master_-_blasting_again.htm
http://www.freeroms.com/roms/psx/blasto.htm
http://www.freeroms.com/roms/psx/blazing_dragons.htm
http://www.freeroms.com/roms/psx/blockids.htm
http://www.freeroms.com/roms/psx/blood_omen_-_legacy_of_kain.htm
http://www.freeroms.com/roms/psx/bloody_roar.htm
http://www.freeroms.com/roms/psx/bloody_roar_ii_-_the_new_breed.htm
http://www.freeroms.com/roms/psx/blue's_clues_-_blue's_big_musical.htm
http://www.freeroms.com/roms/psx/board_game_-_top_shop.htm
http://www.freeroms.com/roms/psx/bob_the_builder_-_can_we_fix_it.htm
http://www.freeroms.com/roms/psx/bogey_-_dead_6.htm
http://www.freeroms.com/roms/psx/bomberman_-_party_edition.htm
http://www.freeroms.com/roms/psx/bomberman_fantasy_race.htm
http://www.freeroms.com/roms/psx/bomberman_world.htm
http://www.freeroms.com/roms/psx/bombing_islands_the.htm
http://www.freeroms.com/roms/psx/boombots.htm
http://www.freeroms.com/roms/psx/bottom_of_the_ninth.htm
http://www.freeroms.com/roms/psx/bottom_of_the_ninth_'97.htm
http://www.freeroms.com/roms/psx/bottom_of_the_ninth_'99.htm
http://www.freeroms.com/roms/psx/bowling.htm
http://www.freeroms.com/roms/psx/boxing.htm
http://www.freeroms.com/roms/psx/brahma_force_-_the_assault_on_beltlogger_9.htm
http://www.freeroms.com/roms/psx/brain_dead_13_disc1of2.htm
http://www.freeroms.com/roms/psx/brain_dead_13_disc2of2.htm
http://www.freeroms.com/roms/psx/bratz_-_dress_up_get_down_and_be_a_bratz_superstar!_enfres.htm
http://www.freeroms.com/roms/psx/brave_fencer_musashi.htm
http://www.freeroms.com/roms/psx/brave_fencer_musashi_bonus_disc.htm
http://www.freeroms.com/roms/psx/bravo_air_race.htm
http://www.freeroms.com/roms/psx/breakout_ntsc-u_.htm
http://www.freeroms.com/roms/psx/breath_of_fire_iii_v1_1.htm
http://www.freeroms.com/roms/psx/breath_of_fire_iv.htm
http://www.freeroms.com/roms/psx/breath_of_fire_iv_track_2.htm
http://www.freeroms.com/roms/psx/brigandine_-_the_legend_of_forsena.htm
http://www.freeroms.com/roms/psx/broken_helix_v1_1.htm
http://www.freeroms.com/roms/psx/broken_sword_-_the_shadow_of_the_templars.htm
http://www.freeroms.com/roms/psx/broken_sword_2_-_the_smoking_mirror.htm
http://www.freeroms.com/roms/psx/brunswick_circuit_pro_bowling.htm
http://www.freeroms.com/roms/psx/brunswick_circuit_pro_bowling_2.htm
http://www.freeroms.com/roms/psx/bubble_bobble_-_featuring_rainbow_islands.htm
http://www.freeroms.com/roms/psx/bubsy_3d_-_furbitten_planet.htm
http://www.freeroms.com/roms/psx/bugriders_-_the_race_of_kings.htm
http://www.freeroms.com/roms/psx/bugs_bunny_and_taz_-_time_busters_enfres.htm
http://www.freeroms.com/roms/psx/bugs_bunny_-_lost_in_time.htm
http://www.freeroms.com/roms/psx/builder's_block.htm
http://www.freeroms.com/roms/psx/burning_road.htm
http://www.freeroms.com/roms/psx/burstrick_wake_boarding!!.htm
http://www.freeroms.com/roms/psx/bushido_blade.htm
http://www.freeroms.com/roms/psx/bushido_blade_2.htm
http://www.freeroms.com/roms/psx/bust-a-groove.htm
http://www.freeroms.com/roms/psx/bust-a-groove_demo.htm
http://www.freeroms.com/roms/psx/bust-a-groove_2.htm
http://www.freeroms.com/roms/psx/bust-a-move_2_-_arcade_edition.htm
http://www.freeroms.com/roms/psx/bust-a-move_4.htm
http://www.freeroms.com/roms/psx/bust-a-move_99.htm
http://www.freeroms.com/roms/psx/buster_bros_collection.htm
http://www.freeroms.com/roms/psx/c_-_the_contra_adventure.htm
http://www.freeroms.com/roms/psx/c-12_-_final_resistance.htm
http://www.freeroms.com/roms/psx/cabela's_big_game_hunter_-_ultimate_challenge.htm
http://www.freeroms.com/roms/psx/cabela's_ultimate_deer_hunt.htm
http://www.freeroms.com/roms/psx/caesar's_palace.htm
http://www.freeroms.com/roms/psx/caesar's_palace_ii.htm
http://www.freeroms.com/roms/psx/caesars_palace_2000_-_millennium_gold_edition.htm
http://www.freeroms.com/roms/psx/calamity_1_-_the_natural_world.htm
http://www.freeroms.com/roms/psx/calamity_2_-_people_and_traditions.htm
http://www.freeroms.com/roms/psx/calamity_3_-_around_the_world.htm
http://www.freeroms.com/roms/psx/calis_geo_tools.htm
http://www.freeroms.com/roms/psx/capcom_vs_snk_-_millennium_fight_2000_pro.htm
http://www.freeroms.com/roms/psx/card_games.htm
http://www.freeroms.com/roms/psx/cardinal_syn.htm
http://www.freeroms.com/roms/psx/carnage_heart_disc1of2.htm
http://www.freeroms.com/roms/psx/carnage_heart_disc2of2.htm
http://www.freeroms.com/roms/psx/cart_world_series.htm
http://www.freeroms.com/roms/psx/casper.htm
http://www.freeroms.com/roms/psx/casper_-_friends_around_the_world.htm
http://www.freeroms.com/roms/psx/castlevania_-_symphony_of_the_night.htm
http://www.freeroms.com/roms/psx/castlevania_chronicles_v1_1.htm
http://www.freeroms.com/roms/psx/castrol_honda_superbike_racing.htm
http://www.freeroms.com/roms/psx/cat_in_the_hat.htm
http://www.freeroms.com/roms/psx/centipede.htm
http://www.freeroms.com/roms/psx/championship_bass.htm
http://www.freeroms.com/roms/psx/championship_motocross_-_featuring_ricky_carmichael.htm
http://www.freeroms.com/roms/psx/championship_motocross_2001_-_ricky_carmichael.htm
http://www.freeroms.com/roms/psx/championship_surfer.htm
http://www.freeroms.com/roms/psx/chess.htm
http://www.freeroms.com/roms/psx/chessmaster_3d.htm
http://www.freeroms.com/roms/psx/chessmaster_ii.htm
http://www.freeroms.com/roms/psx/chicken_run.htm
http://www.freeroms.com/roms/psx/chocobo_racing.htm
http://www.freeroms.com/roms/psx/chocobo's_dungeon_2.htm
http://www.freeroms.com/roms/psx/chronicles_of_the_sword_u_psygnosis_cd1.htm
http://www.freeroms.com/roms/psx/chronicles_of_the_sword_disc2of2.htm
http://www.freeroms.com/roms/psx/chrono_cross_disc_1.htm
http://www.freeroms.com/roms/psx/chrono_cross_disc_2.htm
http://www.freeroms.com/roms/psx/circuit_breakers.htm
http://www.freeroms.com/roms/psx/city_of_lost_children.htm
http://www.freeroms.com/roms/psx/civilization_ii.htm
http://www.freeroms.com/roms/psx/cleopatra's_fortune.htm
http://www.freeroms.com/roms/psx/clock_tower.htm
http://www.freeroms.com/roms/psx/clock_tower_ii_-_the_struggle_within.htm
http://www.freeroms.com/roms/psx/code_breaker_unl.htm
http://www.freeroms.com/roms/psx/code_breaker_version_3_unl.htm
http://www.freeroms.com/roms/psx/codename_-_tenka.htm
http://www.freeroms.com/roms/psx/colin_mcrae_rally.htm
http://www.freeroms.com/roms/psx/college_slam.htm
http://www.freeroms.com/roms/psx/colony_wars_disc_1.htm
http://www.freeroms.com/roms/psx/colony_wars_disc_2.htm
http://www.freeroms.com/roms/psx/colony_wars_-_red_sun.htm
http://www.freeroms.com/roms/psx/colony_wars_-_vengeance.htm
http://www.freeroms.com/roms/psx/command_and_conquer_disc_1_gdi_disc.htm
http://www.freeroms.com/roms/psx/command_and_conquer_disc_2_nod_disc.htm
http://www.freeroms.com/roms/psx/command_and_conquer_-_red_alert_disc_1_allies_disc.htm
http://www.freeroms.com/roms/psx/command_and_conquer_-_red_alert_disc_2_soviet_disc.htm
http://www.freeroms.com/roms/psx/command_and_conquer_-_red_alert_-_retaliation_disc_1_allies_disc.htm
http://www.freeroms.com/roms/psx/command_and_conquer_-_red_alert_-_retaliation_disc_2_soviet_disc.htm
http://www.freeroms.com/roms/psx/contender.htm
http://www.freeroms.com/roms/psx/contender_2.htm
http://www.freeroms.com/roms/psx/contra_-_legacy_of_war.htm
http://www.freeroms.com/roms/psx/cool_boarders_-_extreme_snowboarding.htm
http://www.freeroms.com/roms/psx/cool_boarders_2.htm
http://www.freeroms.com/roms/psx/cool_boarders_2001.htm
http://www.freeroms.com/roms/psx/cool_boarders_3.htm
http://www.freeroms.com/roms/psx/cool_boarders_4.htm
http://www.freeroms.com/roms/psx/cosmic_cookoff_-_language_arts.htm
http://www.freeroms.com/roms/psx/cosmic_cookoff_-_mathematics.htm
http://www.freeroms.com/roms/psx/countdown_vampires_disc1of2.htm
http://www.freeroms.com/roms/psx/countdown_vampires_disc2of2.htm
http://www.freeroms.com/roms/psx/courier_crisis.htm
http://www.freeroms.com/roms/psx/covert_ops_-_nuclear_dawn_disc_1.htm
http://www.freeroms.com/roms/psx/covert_ops_-_nuclear_dawn_disc_2.htm
http://www.freeroms.com/roms/psx/crash_bandicoot.htm
http://www.freeroms.com/roms/psx/crash_bandicoot_-_warped.htm
http://www.freeroms.com/roms/psx/crash_bandicoot_2_-_cortex_strikes_back.htm
http://www.freeroms.com/roms/psx/crash_bash.htm
http://www.freeroms.com/roms/psx/crash_team_racing.htm
http://www.freeroms.com/roms/psx/creative_camp.htm
http://www.freeroms.com/roms/psx/creative_isle.htm
http://www.freeroms.com/roms/psx/creative_journey_1.htm
http://www.freeroms.com/roms/psx/creatures.htm
http://www.freeroms.com/roms/psx/creatures_-_raised_in_space.htm
http://www.freeroms.com/roms/psx/crime_killer.htm
http://www.freeroms.com/roms/psx/critical_depth.htm
http://www.freeroms.com/roms/psx/criticom.htm
http://www.freeroms.com/roms/psx/croc_-_legend_of_the_gobbos.htm
http://www.freeroms.com/roms/psx/croc_2.htm
http://www.freeroms.com/roms/psx/crossroad_crisis.htm
http://www.freeroms.com/roms/psx/crow;_the_-_city_of_angels.htm
http://www.freeroms.com/roms/psx/crusader_-_no_remorse.htm
http://www.freeroms.com/roms/psx/crusaders_of_might_and_magic.htm
http://www.freeroms.com/roms/psx/crypt_killer.htm
http://www.freeroms.com/roms/psx/ctr_-_crash_team_racing.htm
http://www.freeroms.com/roms/psx/cubix_robots_for_everyone_-_race'n_robots.htm
http://www.freeroms.com/roms/psx/cyber_speed.htm
http://www.freeroms.com/roms/psx/cyberia.htm
http://www.freeroms.com/roms/psx/cybersled.htm
http://www.freeroms.com/roms/psx/cybertiger.htm
http://www.freeroms.com/roms/psx/d_disc_1.htm
http://www.freeroms.com/roms/psx/d_disc_2.htm
http://www.freeroms.com/roms/psx/d_disc_3.htm
http://www.freeroms.com/roms/psx/dance_dance_revolution_-_disney_mix.htm
http://www.freeroms.com/roms/psx/dance_dance_revolution_-_konamix.htm
http://www.freeroms.com/roms/psx/dance_dance_revolution_-_usa_mix.htm
http://www.freeroms.com/roms/psx/danger_girl.htm
http://www.freeroms.com/roms/psx/darklight_conflict.htm
http://www.freeroms.com/roms/psx/darkstalkers_-_the_night_warriors.htm
http://www.freeroms.com/roms/psx/darkstalkers_3.htm
http://www.freeroms.com/roms/psx/darkstone.htm
http://www.freeroms.com/roms/psx/dave_mirra_freestyle_bmx_v1_1.htm
http://www.freeroms.com/roms/psx/dave_mirra_freestyle_bmx_-_maximum_remix.htm
http://www.freeroms.com/roms/psx/david_beckham_soccer.htm
http://www.freeroms.com/roms/psx/dead_ball_zone.htm
http://www.freeroms.com/roms/psx/dead_in_the_water.htm
http://www.freeroms.com/roms/psx/dead_or_alive.htm
http://www.freeroms.com/roms/psx/deathtrap_dungeon.htm
http://www.freeroms.com/roms/psx/deception_iii_-_dark_delusion.htm
http://www.freeroms.com/roms/psx/defcon_5_-_peace_has_a_price.htm
http://www.freeroms.com/roms/psx/delta_force_-_urban_warfare_enfres.htm
http://www.freeroms.com/roms/psx/demolition_racer.htm
http://www.freeroms.com/roms/psx/descent.htm
http://www.freeroms.com/roms/psx/descent_maximum.htm
http://www.freeroms.com/roms/psx/destrega.htm
http://www.freeroms.com/roms/psx/destruction_derby.htm
http://www.freeroms.com/roms/psx/destruction_derby_2.htm
http://www.freeroms.com/roms/psx/devil_dice.htm
http://www.freeroms.com/roms/psx/dexters_laboratory_-_mandarks_lab.htm
http://www.freeroms.com/roms/psx/diablo_enfrdesv.htm
http://www.freeroms.com/roms/psx/die_hard_trilogy_v1_0.htm
http://www.freeroms.com/roms/psx/die_hard_trilogy_v1_1.htm
http://www.freeroms.com/roms/psx/die_hard_trilogy_2_-_viva_las_vegas.htm
http://www.freeroms.com/roms/psx/digimon_-_digital_card_battle.htm
http://www.freeroms.com/roms/psx/digimon_rumble_arena.htm
http://www.freeroms.com/roms/psx/digimon_world_2.htm
http://www.freeroms.com/roms/psx/digimon_world_3.htm
http://www.freeroms.com/roms/psx/dino_crisis_demo.htm
http://www.freeroms.com/roms/psx/dino_crisis_v1_0.htm
http://www.freeroms.com/roms/psx/dino_crisis_v1_1.htm
http://www.freeroms.com/roms/psx/dino_crisis_2.htm
http://www.freeroms.com/roms/psx/dirt_jockey_-_heavy_equipment_operator.htm
http://www.freeroms.com/roms/psx/discworld.htm
http://www.freeroms.com/roms/psx/discworld_ii_-_mortality_bytes!.htm
http://www.freeroms.com/roms/psx/disney_presents_tiggers_honey_hunt.htm
http://www.freeroms.com/roms/psx/disney_world_quest_-_magical_racing_tour.htm
http://www.freeroms.com/roms/psx/disney's_101_dalmations_ii_-_patch's_london_adventure.htm
http://www.freeroms.com/roms/psx/disney's_dinosaur.htm
http://www.freeroms.com/roms/psx/disney's_goofy's_fun_house.htm
http://www.freeroms.com/roms/psx/disney's_mulan_-_story_studio.htm
http://www.freeroms.com/roms/psx/disney's_peter_pan_in_return_to_neverland.htm
http://www.freeroms.com/roms/psx/disney's_pooh's_party_game_-_in_search_of_the_treasure.htm
http://www.freeroms.com/roms/psx/disney's_the_emperor's_new_groove.htm
http://www.freeroms.com/roms/psx/disney's_the_jungle_book_-_rhythm_n'_groove_party.htm
http://www.freeroms.com/roms/psx/disney's_the_lion_king_ii-_simba's_mighty_adventure.htm
http://www.freeroms.com/roms/psx/disney's_the_little_mermaid_ii.htm
http://www.freeroms.com/roms/psx/disney's_the_road_to_el_dorado_-_gold_and_glory.htm
http://www.freeroms.com/roms/psx/disney's_toy_story_2_-_buzz_lightyear_to_the_rescue.htm
http://www.freeroms.com/roms/psx/disney's_toy_story_racer.htm
http://www.freeroms.com/roms/psx/disney-pixars_a_bugs_life.htm
http://www.freeroms.com/roms/psx/disney-pixars_monsters_inc_-_scream_team.htm
http://www.freeroms.com/roms/psx/disney-pixars_toy_story_2_-_buzz_lightyear_to_the_rescue!.htm
http://www.freeroms.com/roms/psx/disneys_102_dalmatians_-_puppies_to_the_rescue.htm
http://www.freeroms.com/roms/psx/disneys_aladdin_in_nasiras_revenge.htm
http://www.freeroms.com/roms/psx/disneys_tarzan.htm
http://www.freeroms.com/roms/psx/disneys_treasure_planet.htm
http://www.freeroms.com/roms/psx/disneys_winnie_the_pooh_-_kindergarten.htm
http://www.freeroms.com/roms/psx/disneys_winnie_the_pooh_-_preschool.htm
http://www.freeroms.com/roms/psx/disruptor.htm
http://www.freeroms.com/roms/psx/divide;_the_-_enemies_within.htm
http://www.freeroms.com/roms/psx/donald_duck_-_goin'_quackers.htm
http://www.freeroms.com/roms/psx/doom.htm
http://www.freeroms.com/roms/psx/dora_the_explorer_-_barnyard_buddies.htm
http://www.freeroms.com/roms/psx/dracula_-_the_last_sanctuary_disc_1.htm
http://www.freeroms.com/roms/psx/dracula_-_the_last_sanctuary_disc_2.htm
http://www.freeroms.com/roms/psx/dracula_-_the_resurrection_disc1of2.htm
http://www.freeroms.com/roms/psx/dracula_-_the_resurrection_disc2of2.htm
http://www.freeroms.com/roms/psx/dragon_seed.htm
http://www.freeroms.com/roms/psx/dragon_tales_-_dragonseek.htm
http://www.freeroms.com/roms/psx/dragon_valor_disc1of2.htm
http://www.freeroms.com/roms/psx/dragon_valor_disc2of2.htm
http://www.freeroms.com/roms/psx/dragon_warrior_vii_disc_1.htm
http://www.freeroms.com/roms/psx/dragon_warrior_vii_disc_2.htm
http://www.freeroms.com/roms/psx/dragonball_gt_-_final_bout.htm
http://www.freeroms.com/roms/psx/dragonball_z_-_ultimate_battle_22.htm
http://www.freeroms.com/roms/psx/dragonheart_-_fire_and_steel.htm
http://www.freeroms.com/roms/psx/driver_-_you_are_the_wheelman.htm
http://www.freeroms.com/roms/psx/driver_-_you_are_the_wheelman_demo.htm
http://www.freeroms.com/roms/psx/driver_2_v1_0_disc_1.htm
http://www.freeroms.com/roms/psx/driver_2_v1_0_disc_2.htm
http://www.freeroms.com/roms/psx/driver_2_v1_1_disc_1.htm
http://www.freeroms.com/roms/psx/driver_2_v1_1_disc_2.htm
http://www.freeroms.com/roms/psx/ducati_world_-_racing_challenge.htm
http://www.freeroms.com/roms/psx/ducati_world_racing.htm
http://www.freeroms.com/roms/psx/duke_nukem_-_land_of_the_babes.htm
http://www.freeroms.com/roms/psx/duke_nukem_-_time_to_kill.htm
http://www.freeroms.com/roms/psx/duke_nukem_-_total_meltdown.htm
http://www.freeroms.com/roms/psx/dukes_of_hazzard_ii_the_-_daisy_dukes_it_out.htm
http://www.freeroms.com/roms/psx/dukes_of_hazzard_the_-_racing_for_home.htm
http://www.freeroms.com/roms/psx/dune_2000.htm
http://www.freeroms.com/roms/psx/dynasty_warriors.htm
http://www.freeroms.com/roms/psx/eagle_one_-_harrier_attack.htm
http://www.freeroms.com/roms/psx/easter_bunnys_big_day.htm
http://www.freeroms.com/roms/psx/echo_night.htm
http://www.freeroms.com/roms/psx/ecw_anarchy_rulz.htm
http://www.freeroms.com/roms/psx/ecw_hardcore_revolution.htm
http://www.freeroms.com/roms/psx/eggs_of_steel_-_charlies_eggcellent_adventure.htm
http://www.freeroms.com/roms/psx/ehrgeiz_-_god_bless_the_ring.htm
http://www.freeroms.com/roms/psx/einhander.htm
http://www.freeroms.com/roms/psx/eliminator.htm
http://www.freeroms.com/roms/psx/elmo's_letter_adventure.htm
http://www.freeroms.com/roms/psx/elmo's_number_journey.htm
http://www.freeroms.com/roms/psx/epidemic.htm
http://www.freeroms.com/roms/psx/equestrian_showcase.htm
http://www.freeroms.com/roms/psx/espn_extreme_games.htm
http://www.freeroms.com/roms/psx/espn_mls_gamenight.htm
http://www.freeroms.com/roms/psx/espn_x-games_proboarder.htm
http://www.freeroms.com/roms/psx/et_-_the_extra-terrestrial_-_interplanetary_mission.htm
http://www.freeroms.com/roms/psx/evil_dead_-_hail_to_the_king_disc_1.htm
http://www.freeroms.com/roms/psx/evil_dead_-_hail_to_the_king_disc_2.htm
http://www.freeroms.com/roms/psx/evil_zone.htm
http://www.freeroms.com/roms/psx/excalibur_2555_a_d_.htm
http://www.freeroms.com/roms/psx/extreme_go-kart_racing.htm
http://www.freeroms.com/roms/psx/extreme_pinball.htm
http://www.freeroms.com/roms/psx/f1_2000.htm
http://www.freeroms.com/roms/psx/f1_championship_season_2000.htm
http://www.freeroms.com/roms/psx/f1_world_grand_prix_2000.htm
http://www.freeroms.com/roms/psx/fade_to_black.htm
http://www.freeroms.com/roms/psx/faire_games_-_language_arts.htm
http://www.freeroms.com/roms/psx/faire_games_-_mathematics.htm
http://www.freeroms.com/roms/psx/family_card_game_fun_pak.htm
http://www.freeroms.com/roms/psx/family_feud.htm
http://www.freeroms.com/roms/psx/family_game_pack.htm
http://www.freeroms.com/roms/psx/fantastic_four.htm
http://www.freeroms.com/roms/psx/fatal_fury_-_wild_ambition.htm
http://www.freeroms.com/roms/psx/fear_effect_disc_1.htm
http://www.freeroms.com/roms/psx/fear_effect_disc_2.htm
http://www.freeroms.com/roms/psx/fear_effect_disc_3.htm
http://www.freeroms.com/roms/psx/fear_effect_disc_4.htm
http://www.freeroms.com/roms/psx/fear_effect_2_-_retro_helix_disc_1.htm
http://www.freeroms.com/roms/psx/fear_effect_2_-_retro_helix_disc_2.htm
http://www.freeroms.com/roms/psx/fear_effect_2_-_retro_helix_disc_3.htm
http://www.freeroms.com/roms/psx/fear_effect_2_-_retro_helix_disc_4.htm
http://www.freeroms.com/roms/psx/felony_11-79.htm
http://www.freeroms.com/roms/psx/fifa_-_road_to_world_cup_'98.htm
http://www.freeroms.com/roms/psx/fifa_2000_-_major_league_soccer.htm
http://www.freeroms.com/roms/psx/fifa_2001.htm
http://www.freeroms.com/roms/psx/fifa_2002.htm
http://www.freeroms.com/roms/psx/fifa_99.htm
http://www.freeroms.com/roms/psx/fifa_soccer_'97.htm
http://www.freeroms.com/roms/psx/fifa_soccer_2003.htm
http://www.freeroms.com/roms/psx/fifa_soccer_2004.htm
http://www.freeroms.com/roms/psx/fifa_soccer_2005.htm
http://www.freeroms.com/roms/psx/fifa_soccer_96.htm
http://www.freeroms.com/roms/psx/fifa_world_cup_2002.htm
http://www.freeroms.com/roms/psx/fifth_element_the.htm
http://www.freeroms.com/roms/psx/fighter_maker.htm
http://www.freeroms.com/roms/psx/fighting_force.htm
http://www.freeroms.com/roms/psx/fighting_force_2.htm
http://www.freeroms.com/roms/psx/final_doom.htm
http://www.freeroms.com/roms/psx/final_fantasy_anthology_-_final_fantasy_v_v1_0.htm
http://www.freeroms.com/roms/psx/final_fantasy_anthology_-_final_fantasy_v_v1_1.htm
http://www.freeroms.com/roms/psx/final_fantasy_anthology_-_final_fantasy_vi_v1_0.htm
http://www.freeroms.com/roms/psx/final_fantasy_anthology_-_final_fantasy_vi_v1_1.htm
http://www.freeroms.com/roms/psx/final_fantasy_chronicles_-_chrono_trigger_v1_0.htm
http://www.freeroms.com/roms/psx/final_fantasy_chronicles_-_chrono_trigger_v1_1.htm
http://www.freeroms.com/roms/psx/final_fantasy_chronicles_-_final_fantasy_iv_v1_0.htm
http://www.freeroms.com/roms/psx/final_fantasy_chronicles_-_final_fantasy_iv_v1_1.htm
http://www.freeroms.com/roms/psx/final_fantasy_ix_v1_0_disc_1.htm
http://www.freeroms.com/roms/psx/final_fantasy_ix_v1_0_disc_2.htm
http://www.freeroms.com/roms/psx/final_fantasy_ix_v1_0_disc_3.htm
http://www.freeroms.com/roms/psx/final_fantasy_ix_v1_0_disc_4.htm
http://www.freeroms.com/roms/psx/final_fantasy_ix_v1_1_disc_1.htm
http://www.freeroms.com/roms/psx/final_fantasy_ix_v1_1_disc_2.htm
http://www.freeroms.com/roms/psx/final_fantasy_ix_v1_1_disc_3.htm
http://www.freeroms.com/roms/psx/final_fantasy_ix_v1_1_disc_4.htm
http://www.freeroms.com/roms/psx/final_fantasy_origins_v1_1.htm
http://www.freeroms.com/roms/psx/final_fantasy_origins_v1_2.htm
http://www.freeroms.com/roms/psx/final_fantasy_tactics.htm
http://www.freeroms.com/roms/psx/final_fantasy_vii_disc_1.htm
http://www.freeroms.com/roms/psx/final_fantasy_vii_disc_2.htm
http://www.freeroms.com/roms/psx/final_fantasy_vii_disc_3.htm
http://www.freeroms.com/roms/psx/final_fantasy_viii_disc_1.htm
http://www.freeroms.com/roms/psx/final_fantasy_viii_disc_2.htm
http://www.freeroms.com/roms/psx/final_fantasy_viii_disc_3.htm
http://www.freeroms.com/roms/psx/final_fantasy_viii_disc_4.htm
http://www.freeroms.com/roms/psx/final_round_the.htm
http://www.freeroms.com/roms/psx/fisherman's_bait.htm
http://www.freeroms.com/roms/psx/fisherman's_bait_-_big_ol'_bass_2.htm
http://www.freeroms.com/roms/psx/fisherman's_bait_2_-_big_ol'_bass.htm
http://www.freeroms.com/roms/psx/flintstones_bedrock_bowling.htm
http://www.freeroms.com/roms/psx/floating_runner_-_quest_for_the_7_crystals.htm
http://www.freeroms.com/roms/psx/ford_racing.htm
http://www.freeroms.com/roms/psx/ford_truck_mania.htm
http://www.freeroms.com/roms/psx/formula_1.htm
http://www.freeroms.com/roms/psx/formula_1_'98.htm
http://www.freeroms.com/roms/psx/formula_1_championship_edition.htm
http://www.freeroms.com/roms/psx/formula_1_championship_season_2000.htm
http://www.freeroms.com/roms/psx/formula_one_'99.htm
http://www.freeroms.com/roms/psx/formula_one_2000.htm
http://www.freeroms.com/roms/psx/forsaken.htm
http://www.freeroms.com/roms/psx/fox_hunt_disc_1.htm
http://www.freeroms.com/roms/psx/fox_hunt_disc_2.htm
http://www.freeroms.com/roms/psx/fox_hunt_disc_3.htm
http://www.freeroms.com/roms/psx/fox_sports_golf_'99.htm
http://www.freeroms.com/roms/psx/fox_sports_nba_basketball_2000.htm
http://www.freeroms.com/roms/psx/fox_sports_nhl_championship_2000.htm
http://www.freeroms.com/roms/psx/fox_sports_soccer_'99.htm
http://www.freeroms.com/roms/psx/foxkids_com_-_micro_maniacs_racing.htm
http://www.freeroms.com/roms/psx/frank_thomas_big_hurt_baseball.htm
http://www.freeroms.com/roms/psx/freestyle_boardin'_'99.htm
http://www.freeroms.com/roms/psx/frogger.htm
http://www.freeroms.com/roms/psx/frogger_2_-_swampys_revenge.htm
http://www.freeroms.com/roms/psx/front_mission_3.htm
http://www.freeroms.com/roms/psx/future_cop_l_a_p_d_.htm
http://www.freeroms.com/roms/psx/g-darius.htm
http://www.freeroms.com/roms/psx/g-police_disc_1.htm
http://www.freeroms.com/roms/psx/g-police_disc_2.htm
http://www.freeroms.com/roms/psx/g-police_2_-_weapons_of_justice.htm
http://www.freeroms.com/roms/psx/galaga_-_destination_earth.htm
http://www.freeroms.com/roms/psx/galerians_disc_1.htm
http://www.freeroms.com/roms/psx/galerians_disc_2.htm
http://www.freeroms.com/roms/psx/galerians_disc_3.htm
http://www.freeroms.com/roms/psx/gallop_racer.htm
http://www.freeroms.com/roms/psx/game_of_life_the.htm
http://www.freeroms.com/roms/psx/gameshark_version_4_0_unl.htm
http://www.freeroms.com/roms/psx/gameshark_version_5_0.htm
http://www.freeroms.com/roms/psx/gauntlet_legends.htm
http://www.freeroms.com/roms/psx/gekido_-_urban_fighters.htm
http://www.freeroms.com/roms/psx/gekioh_-_shooting_king.htm
http://www.freeroms.com/roms/psx/geom_cube.htm
http://www.freeroms.com/roms/psx/gex.htm
http://www.freeroms.com/roms/psx/gex_-_enter_the_gecko.htm
http://www.freeroms.com/roms/psx/gex_3_-_deep_cover_gecko_v1_1.htm
http://www.freeroms.com/roms/psx/ghost_in_the_shell.htm
http://www.freeroms.com/roms/psx/global_domination.htm
http://www.freeroms.com/roms/psx/glover.htm
http://www.freeroms.com/roms/psx/goal_storm.htm
http://www.freeroms.com/roms/psx/goal_storm_'97.htm
http://www.freeroms.com/roms/psx/golden_nugget_disc_1.htm
http://www.freeroms.com/roms/psx/golden_nugget_disc_2.htm
http://www.freeroms.com/roms/psx/golden_tee_golf_-_peter_jacobson's.htm
http://www.freeroms.com/roms/psx/gran_turismo_v1_0.htm
http://www.freeroms.com/roms/psx/gran_turismo_v1_1.htm
http://www.freeroms.com/roms/psx/gran_turismo_2_v1_0_disc_1_arcade_mode_disc.htm
http://www.freeroms.com/roms/psx/gran_turismo_2_v1_0_disc_2_simulation_mode_disc.htm
http://www.freeroms.com/roms/psx/gran_turismo_2_v1_1_disc_1_arcade_mode_disc.htm
http://www.freeroms.com/roms/psx/gran_turismo_2_v1_1_disc_2_simulation_mode_disc.htm
http://www.freeroms.com/roms/psx/grand_slam_'97.htm
http://www.freeroms.com/roms/psx/grand_theft_auto.htm
http://www.freeroms.com/roms/psx/grand_theft_auto_-_mission_pack_1_-_london_1969.htm
http://www.freeroms.com/roms/psx/grand_theft_auto_2.htm
http://www.freeroms.com/roms/psx/grand_tour_racing_'98.htm
http://www.freeroms.com/roms/psx/grandia_disc_1.htm
http://www.freeroms.com/roms/psx/grandia_disc_2.htm
http://www.freeroms.com/roms/psx/granstream_saga_the.htm
http://www.freeroms.com/roms/psx/grid_runner.htm
http://www.freeroms.com/roms/psx/grinch_the.htm
http://www.freeroms.com/roms/psx/grind_session.htm
http://www.freeroms.com/roms/psx/grudge_warriors.htm
http://www.freeroms.com/roms/psx/guardians_crusade.htm
http://www.freeroms.com/roms/psx/gubble.htm
http://www.freeroms.com/roms/psx/guilty_gear.htm
http://www.freeroms.com/roms/psx/gundam_battle_assault.htm
http://www.freeroms.com/roms/psx/gundam_battle_assault_2.htm
http://www.freeroms.com/roms/psx/gunfighter_-_the_legend_of_jesse_james.htm
http://www.freeroms.com/roms/psx/gunship.htm
http://www.freeroms.com/roms/psx/hardball_5.htm
http://www.freeroms.com/roms/psx/hardball_99.htm
http://www.freeroms.com/roms/psx/harry_potter_and_the_chamber_of_secrets_enfres.htm
http://www.freeroms.com/roms/psx/harry_potter_and_the_sorcerers_stone_enfres.htm
http://www.freeroms.com/roms/psx/harvest_moon_-_back_to_nature.htm
http://www.freeroms.com/roms/psx/hbo_boxing.htm
http://www.freeroms.com/roms/psx/heart_of_darkness_disc_1.htm
http://www.freeroms.com/roms/psx/heart_of_darkness_disc_2.htm
http://www.freeroms.com/roms/psx/hellboy_-_asylum_seeker.htm
http://www.freeroms.com/roms/psx/hello_kitty_-_cube_frenzy.htm
http://www.freeroms.com/roms/psx/herc's_adventures.htm
http://www.freeroms.com/roms/psx/hexen_-_beyond_heretic.htm
http://www.freeroms.com/roms/psx/hi-octane_-_the_track_fights_back.htm
http://www.freeroms.com/roms/psx/high_heat_-_major_league_baseball_2002.htm
http://www.freeroms.com/roms/psx/high_heat_baseball_2000.htm
http://www.freeroms.com/roms/psx/hive_the_disc1of2.htm
http://www.freeroms.com/roms/psx/hive_the_disc2of2.htm
http://www.freeroms.com/roms/psx/hogs_of_war.htm
http://www.freeroms.com/roms/psx/hooters_road_trip.htm
http://www.freeroms.com/roms/psx/hoshigami_-_running_blue_earth.htm
http://www.freeroms.com/roms/psx/hot_shots_golf.htm
http://www.freeroms.com/roms/psx/hot_shots_golf_2.htm
http://www.freeroms.com/roms/psx/hot_wheels_-_extreme_racing.htm
http://www.freeroms.com/roms/psx/hot_wheels_-_turbo_racing.htm
http://www.freeroms.com/roms/psx/hugo_-_the_evil_mirror.htm
http://www.freeroms.com/roms/psx/hydro_thunder.htm
http://www.freeroms.com/roms/psx/i_q_-_intelligent_qube.htm
http://www.freeroms.com/roms/psx/ihra_drag_racing.htm
http://www.freeroms.com/roms/psx/impact_racing.htm
http://www.freeroms.com/roms/psx/in_cold_blood_disc_1.htm
http://www.freeroms.com/roms/psx/in_cold_blood_disc_2.htm
http://www.freeroms.com/roms/psx/in_the_hunt.htm
http://www.freeroms.com/roms/psx/incredible_crisis.htm
http://www.freeroms.com/roms/psx/incredible_hulk_the_-_the_pantheon_saga.htm
http://www.freeroms.com/roms/psx/independence_day.htm
http://www.freeroms.com/roms/psx/inspector_gadget_-_gadget's_crazy_maze.htm
http://www.freeroms.com/roms/psx/intelligent_qube.htm
http://www.freeroms.com/roms/psx/intellivision_classics.htm
http://www.freeroms.com/roms/psx/interactive_cd_sampler_demo_pack_vol_07.htm
http://www.freeroms.com/roms/psx/interactive_cd_sampler_demo_pack_vol_08.htm
http://www.freeroms.com/roms/psx/interactive_cd_sampler_demo_pack_vol_09.htm
http://www.freeroms.com/roms/psx/international_track_and_field.htm
http://www.freeroms.com/roms/psx/international_track_and_field_2000.htm
http://www.freeroms.com/roms/psx/interplay_sports_baseball_2000.htm
http://www.freeroms.com/roms/psx/inuyasha_-_a_feudal_fairy_tale.htm
http://www.freeroms.com/roms/psx/inuyasha_-_a_feudal_fairy_tale_enja_v1_1.htm
http://www.freeroms.com/roms/psx/invasion_from_beyond_-_b-movie.htm
http://www.freeroms.com/roms/psx/iron_and_blood_-_warriors_of_ravenloft.htm
http://www.freeroms.com/roms/psx/iron_soldier_3.htm
http://www.freeroms.com/roms/psx/ironman_and_x-o_manowar_in_heavy_metal.htm
http://www.freeroms.com/roms/psx/irritating_stick.htm
http://www.freeroms.com/roms/psx/iss_pro_evolution.htm
http://www.freeroms.com/roms/psx/iss_soccer_pro_'98.htm
http://www.freeroms.com/roms/psx/italian_job_the.htm
http://www.freeroms.com/roms/psx/jackie_chan_stuntmaster.htm
http://www.freeroms.com/roms/psx/jade_cocoon_-_story_of_the_tamamayu.htm
http://www.freeroms.com/roms/psx/jade_cocoon_-_story_of_the_tamamayu_demo.htm
http://www.freeroms.com/roms/psx/jarrett_and_labonte_stock_car_racing.htm
http://www.freeroms.com/roms/psx/jeopardy!.htm
http://www.freeroms.com/roms/psx/jeopardy!_-_2nd_edition.htm
http://www.freeroms.com/roms/psx/jeremy_mcgrath_supercross_'98.htm
http://www.freeroms.com/roms/psx/jeremy_mcgrath_supercross_2000.htm
http://www.freeroms.com/roms/psx/jersey_devil.htm
http://www.freeroms.com/roms/psx/jet_moto.htm
http://www.freeroms.com/roms/psx/jet_moto_2.htm
http://www.freeroms.com/roms/psx/jet_moto_3.htm
http://www.freeroms.com/roms/psx/jigsaw_madness.htm
http://www.freeroms.com/roms/psx/jimmy_johnsons_vr_football_98.htm
http://www.freeroms.com/roms/psx/jimmy_whites_2_-_cueball.htm
http://www.freeroms.com/roms/psx/johnny_bazookatone.htm
http://www.freeroms.com/roms/psx/jojos_bizarre_adventure.htm
http://www.freeroms.com/roms/psx/judge_dredd.htm
http://www.freeroms.com/roms/psx/juggernaut_disc1of3.htm
http://www.freeroms.com/roms/psx/juggernaut_disc2of3.htm
http://www.freeroms.com/roms/psx/juggernaut_disc3of3.htm
http://www.freeroms.com/roms/psx/jumping_flash!.htm
http://www.freeroms.com/roms/psx/jumping_flash!_2.htm
http://www.freeroms.com/roms/psx/jumpstart_-_wildlife_safari.htm
http://www.freeroms.com/roms/psx/junior_league_dodgeball.htm
http://www.freeroms.com/roms/psx/jupiter_strike.htm
http://www.freeroms.com/roms/psx/k-1_-_the_arena_fighters_-_in_the_red_corner.htm
http://www.freeroms.com/roms/psx/k-1_grand_prix.htm
http://www.freeroms.com/roms/psx/k-1_revenge.htm
http://www.freeroms.com/roms/psx/k9_5_1_-_live_in_airedale.htm
http://www.freeroms.com/roms/psx/k9_5_2_-_we_are_the_dogs!.htm
http://www.freeroms.com/roms/psx/k9_5_3_-_webtunes.htm
http://www.freeroms.com/roms/psx/k9_5_4_-_the_tail-wag_tour.htm
http://www.freeroms.com/roms/psx/k9_5_5_-_the_howlywood_premiere.htm
http://www.freeroms.com/roms/psx/kagero_-_deception_ii.htm
http://www.freeroms.com/roms/psx/kartia_-_the_word_of_fate.htm
http://www.freeroms.com/roms/psx/kazmania_1_-_trail_of_gems.htm
http://www.freeroms.com/roms/psx/kazmania_2_-_chaos_in_kazmania.htm
http://www.freeroms.com/roms/psx/kensei_-_sacred_fist.htm
http://www.freeroms.com/roms/psx/kickboxing.htm
http://www.freeroms.com/roms/psx/kileak_-_the_dna_imperative.htm
http://www.freeroms.com/roms/psx/killer_loop.htm
http://www.freeroms.com/roms/psx/killing_zone.htm
http://www.freeroms.com/roms/psx/king_of_fighters_'95.htm
http://www.freeroms.com/roms/psx/king_of_fighters_the_99.htm
http://www.freeroms.com/roms/psx/kings_field.htm
http://www.freeroms.com/roms/psx/kings_field_ii.htm
http://www.freeroms.com/roms/psx/kingsley`s_adventure.htm
http://www.freeroms.com/roms/psx/kiss_pinball.htm
http://www.freeroms.com/roms/psx/klonoa_-_door_to_phantomile.htm
http://www.freeroms.com/roms/psx/knockout_kings.htm
http://www.freeroms.com/roms/psx/knockout_kings_2000.htm
http://www.freeroms.com/roms/psx/knockout_kings_2001.htm
http://www.freeroms.com/roms/psx/konami_arcade_classics.htm
http://www.freeroms.com/roms/psx/koudelka_disc_1.htm
http://www.freeroms.com/roms/psx/koudelka_disc_2.htm
http://www.freeroms.com/roms/psx/koudelka_disc_3.htm
http://www.freeroms.com/roms/psx/koudelka_disc_4.htm
http://www.freeroms.com/roms/psx/krazy_ivan.htm
http://www.freeroms.com/roms/psx/kurt_warner's_arena_football_unleashed.htm
http://www.freeroms.com/roms/psx/land_before_time_-_big_water_adventure.htm
http://www.freeroms.com/roms/psx/land_before_time_-_return_to_the_great_valley.htm
http://www.freeroms.com/roms/psx/land_before_time_the_-_great_valley_racing_adventure.htm
http://www.freeroms.com/roms/psx/largo_winch_-_commando_sar.htm
http://www.freeroms.com/roms/psx/league_of_pain_-_professional_underground.htm
http://www.freeroms.com/roms/psx/legacy_of_kain_-_soul_reaver.htm
http://www.freeroms.com/roms/psx/legend_of_dragoon_the_disc_1.htm
http://www.freeroms.com/roms/psx/legend_of_dragoon_the_disc_2.htm
http://www.freeroms.com/roms/psx/legend_of_dragoon_the_disc_3.htm
http://www.freeroms.com/roms/psx/legend_of_dragoon_the_disc_4.htm
http://www.freeroms.com/roms/psx/legend_of_legaia.htm
http://www.freeroms.com/roms/psx/legend_of_mana.htm
http://www.freeroms.com/roms/psx/lego_-_rock_raiders.htm
http://www.freeroms.com/roms/psx/lego_island_2.htm
http://www.freeroms.com/roms/psx/lego_racers.htm
http://www.freeroms.com/roms/psx/lemmings_and_oh_no!_more_lemmings.htm
http://www.freeroms.com/roms/psx/lemmings_3d.htm
http://www.freeroms.com/roms/psx/lethal_enforcers_i_and_ii.htm
http://www.freeroms.com/roms/psx/liquid_books_adventure_1_-_letys_favorite_stories.htm
http://www.freeroms.com/roms/psx/liquid_books_adventure_2_-_amritas_trees_and_cerdito_and_the_coyote.htm
http://www.freeroms.com/roms/psx/liquid_books_adventure_5_-_pop-out_prose.htm
http://www.freeroms.com/roms/psx/liquid_books_adventure_6_-_the_wandering_path.htm
http://www.freeroms.com/roms/psx/loaded.htm
http://www.freeroms.com/roms/psx/lode_runner.htm
http://www.freeroms.com/roms/psx/looney_toons_sheep_raider.htm
http://www.freeroms.com/roms/psx/looney_tunes_racing.htm
http://www.freeroms.com/roms/psx/lucky_luke.htm
http://www.freeroms.com/roms/psx/lunar_-_silver_star_story_complete_disc_1.htm
http://www.freeroms.com/roms/psx/lunar_-_silver_star_story_complete_disc_2.htm
http://www.freeroms.com/roms/psx/lunar_-_silver_star_story_complete_the_making_of.htm
http://www.freeroms.com/roms/psx/lunar_2_-_eternal_blue_complete_demo.htm
http://www.freeroms.com/roms/psx/lunar_2_-_eternal_blue_complete_disc_1.htm
http://www.freeroms.com/roms/psx/lunar_2_-_eternal_blue_complete_disc_2.htm
http://www.freeroms.com/roms/psx/lunar_2_-_eternal_blue_complete_disc_3.htm
http://www.freeroms.com/roms/psx/lunar_2_-_eternal_blue_complete_the_making_of.htm
http://www.freeroms.com/roms/psx/mandm_shell_shocked.htm
http://www.freeroms.com/roms/psx/machine_head.htm
http://www.freeroms.com/roms/psx/machine_hunter.htm
http://www.freeroms.com/roms/psx/madden_97.htm
http://www.freeroms.com/roms/psx/madden_nfl_2000.htm
http://www.freeroms.com/roms/psx/madden_nfl_2001.htm
http://www.freeroms.com/roms/psx/madden_nfl_2002.htm
http://www.freeroms.com/roms/psx/madden_nfl_2003.htm
http://www.freeroms.com/roms/psx/madden_nfl_2005.htm
http://www.freeroms.com/roms/psx/madden_nfl_96.htm
http://www.freeroms.com/roms/psx/madden_nfl_98.htm
http://www.freeroms.com/roms/psx/madden_nfl_99.htm
http://www.freeroms.com/roms/psx/magic_carpet.htm
http://www.freeroms.com/roms/psx/magic_the_gathering_-_battlemage.htm
http://www.freeroms.com/roms/psx/marble_master.htm
http://www.freeroms.com/roms/psx/march_madness_98.htm
http://www.freeroms.com/roms/psx/mars_moose_adventure_-_walkabout_1_-_the_natural_history_museum.htm
http://www.freeroms.com/roms/psx/mars_moose_adventure_-_walkabout_2_-_the_shakespeare_festival.htm
http://www.freeroms.com/roms/psx/mars_moose_adventure_-_walkabout_3_-_world_sports_day.htm
http://www.freeroms.com/roms/psx/mars_moose_cosmic_quest_1_-_city_sights.htm
http://www.freeroms.com/roms/psx/mars_moose_cosmic_quest_2_-_fairy_tale_island.htm
http://www.freeroms.com/roms/psx/mars_moose_cosmic_quest_3_-_race_through_france.htm
http://www.freeroms.com/roms/psx/mars_moose_stay_and_play_3_-_in_lonnies_classroom.htm
http://www.freeroms.com/roms/psx/martian_gothic_-_unification.htm
http://www.freeroms.com/roms/psx/marvel_super_heroes.htm
http://www.freeroms.com/roms/psx/marvel_super_heroes_vs_street_fighter.htm
http://www.freeroms.com/roms/psx/marvel_vs_capcom_-_clash_of_super_heroes.htm
http://www.freeroms.com/roms/psx/mary-kate_and_ashley_-_crush_course.htm
http://www.freeroms.com/roms/psx/mary-kate_and_ashley_-_magical_mystery_mall.htm
http://www.freeroms.com/roms/psx/mary-kate_and_ashley_winner's_circle.htm
http://www.freeroms.com/roms/psx/mass_destruction.htm
http://www.freeroms.com/roms/psx/masters_of_monsters_-_diciples_of_gaia.htm
http://www.freeroms.com/roms/psx/mat_hoffmans_pro_bmx.htm
http://www.freeroms.com/roms/psx/math_gallery_-_collection_1.htm
http://www.freeroms.com/roms/psx/math_gallery_-_collection_2.htm
http://www.freeroms.com/roms/psx/math_on_the_move!_-_addition_and_subtraction_-_advanced.htm
http://www.freeroms.com/roms/psx/math_on_the_move!_-_addition_and_subtraction_-_intermediate.htm
http://www.freeroms.com/roms/psx/math_on_the_move!_-_multiplication_and_division_-_advanced.htm
http://www.freeroms.com/roms/psx/math_on_the_move!_-_multiplication_and_division_-_intermediate.htm
http://www.freeroms.com/roms/psx/maximum_force.htm
http://www.freeroms.com/roms/psx/mcgrath_vs_pastrana_freestyle_motocross.htm
http://www.freeroms.com/roms/psx/mdk.htm
http://www.freeroms.com/roms/psx/mechwarrior_2_-_31st_century_combat.htm
http://www.freeroms.com/roms/psx/medal_of_honor.htm
http://www.freeroms.com/roms/psx/medal_of_honor_-_underground.htm
http://www.freeroms.com/roms/psx/medievil.htm
http://www.freeroms.com/roms/psx/medievil_demo.htm
http://www.freeroms.com/roms/psx/medievil_ii.htm
http://www.freeroms.com/roms/psx/mega_man_8.htm
http://www.freeroms.com/roms/psx/mega_man_legends.htm
http://www.freeroms.com/roms/psx/mega_man_legends_2.htm
http://www.freeroms.com/roms/psx/mega_man_x4.htm
http://www.freeroms.com/roms/psx/mega_man_x5.htm
http://www.freeroms.com/roms/psx/mega_man_x6.htm
http://www.freeroms.com/roms/psx/men_in_black_-_the_series_-_crashdown.htm
http://www.freeroms.com/roms/psx/metal_gear_solid_v1_0_disc_1.htm
http://www.freeroms.com/roms/psx/metal_gear_solid_v1_0_disc_2.htm
http://www.freeroms.com/roms/psx/metal_gear_solid_v1_1_disc_1.htm
http://www.freeroms.com/roms/psx/metal_gear_solid_v1_1_disc_2.htm
http://www.freeroms.com/roms/psx/metal_gear_solid_-_vr_missions.htm
http://www.freeroms.com/roms/psx/metal_slug_x_-_super_vehicle-001.htm
http://www.freeroms.com/roms/psx/micro_machines_v3.htm
http://www.freeroms.com/roms/psx/micro_maniacs_racing.htm
http://www.freeroms.com/roms/psx/mike_tyson_boxing.htm
http://www.freeroms.com/roms/psx/millenium_soldier_-_expendable.htm
http://www.freeroms.com/roms/psx/miracle_space_race.htm
http://www.freeroms.com/roms/psx/misadventures_of_tron_bonne;_the.htm
http://www.freeroms.com/roms/psx/miss_spiders_tea_party.htm
http://www.freeroms.com/roms/psx/missile_command.htm
http://www.freeroms.com/roms/psx/mission_-_impossible_enfres.htm
http://www.freeroms.com/roms/psx/mlb_'98.htm
http://www.freeroms.com/roms/psx/mlb_'99.htm
http://www.freeroms.com/roms/psx/mlb_2000.htm
http://www.freeroms.com/roms/psx/mlb_2001.htm
http://www.freeroms.com/roms/psx/mlb_2002.htm
http://www.freeroms.com/roms/psx/mlb_2003.htm
http://www.freeroms.com/roms/psx/mlb_2004.htm
http://www.freeroms.com/roms/psx/mlb_2005.htm
http://www.freeroms.com/roms/psx/mobil_1_rally_championship.htm
http://www.freeroms.com/roms/psx/mobile_armor.htm
http://www.freeroms.com/roms/psx/mobile_light_force.htm
http://www.freeroms.com/roms/psx/mona_and_moki_1_-_drive_me_wild!.htm
http://www.freeroms.com/roms/psx/mona_and_moki_2_-_drive_me_wilder!.htm
http://www.freeroms.com/roms/psx/monaco_grand_prix.htm
http://www.freeroms.com/roms/psx/monkey_hero.htm
http://www.freeroms.com/roms/psx/monkey_magic.htm
http://www.freeroms.com/roms/psx/monopoly.htm
http://www.freeroms.com/roms/psx/monster_bass.htm
http://www.freeroms.com/roms/psx/monster_rancher.htm
http://www.freeroms.com/roms/psx/monster_rancher_-_battle_card_-_episode_ii.htm
http://www.freeroms.com/roms/psx/monster_rancher_2.htm
http://www.freeroms.com/roms/psx/monster_rancher_hop-a-bout.htm
http://www.freeroms.com/roms/psx/monsters_inc_-_scream_team.htm
http://www.freeroms.com/roms/psx/mort_the_chicken.htm
http://www.freeroms.com/roms/psx/mortal_kombat_-_special_forces.htm
http://www.freeroms.com/roms/psx/mortal_kombat_3.htm
http://www.freeroms.com/roms/psx/mortal_kombat_4.htm
http://www.freeroms.com/roms/psx/mortal_kombat_mythologies_-_sub_zero_0.htm
http://www.freeroms.com/roms/psx/mortal_kombat_trilogy.htm
http://www.freeroms.com/roms/psx/mortal_kombat_trilogy_v1_0.htm
http://www.freeroms.com/roms/psx/mortal_kombat_trilogy_v1_1.htm
http://www.freeroms.com/roms/psx/moto_racer.htm
http://www.freeroms.com/roms/psx/moto_racer_2.htm
http://www.freeroms.com/roms/psx/moto_racer_world_tour.htm
http://www.freeroms.com/roms/psx/motocross_mania.htm
http://www.freeroms.com/roms/psx/motocross_mania_2.htm
http://www.freeroms.com/roms/psx/motor_toon_grand_prix.htm
http://www.freeroms.com/roms/psx/motorhead.htm
http://www.freeroms.com/roms/psx/mr_domino_-_no_one_can_stop.htm
http://www.freeroms.com/roms/psx/mr_driller.htm
http://www.freeroms.com/roms/psx/ms_pac-man_-_maze_madness.htm
http://www.freeroms.com/roms/psx/mtv_celebrity_deathmatch.htm
http://www.freeroms.com/roms/psx/mtv_music_generator.htm
http://www.freeroms.com/roms/psx/mtv_sports_-_pure_ride.htm
http://www.freeroms.com/roms/psx/mtv_sports_-_skateboarding_featuring_andy_macdonald.htm
http://www.freeroms.com/roms/psx/mtv_sports_-_tj_lavin's_ultimate_bmx.htm
http://www.freeroms.com/roms/psx/mummy_the.htm
http://www.freeroms.com/roms/psx/muppet_monster_adventure.htm
http://www.freeroms.com/roms/psx/muppet_race_mania.htm
http://www.freeroms.com/roms/psx/my_disney_kitchen.htm
http://www.freeroms.com/roms/psx/n-gen_racing.htm
http://www.freeroms.com/roms/psx/n2o_-_nitrous_oxide.htm
http://www.freeroms.com/roms/psx/nagano_winter_olympics_'98.htm
http://www.freeroms.com/roms/psx/namco_museum_vol_1.htm
http://www.freeroms.com/roms/psx/namco_museum_vol_3.htm
http://www.freeroms.com/roms/psx/namco_museum_vol_2.htm
http://www.freeroms.com/roms/psx/namco_museum_vol_4.htm
http://www.freeroms.com/roms/psx/namco_museum_vol_5.htm
http://www.freeroms.com/roms/psx/nanotek_warrior.htm
http://www.freeroms.com/roms/psx/nascar_'98.htm
http://www.freeroms.com/roms/psx/nascar_'98_-_collector's_edition.htm
http://www.freeroms.com/roms/psx/nascar_'99.htm
http://www.freeroms.com/roms/psx/nascar_'99_legacy.htm
http://www.freeroms.com/roms/psx/nascar_2000.htm
http://www.freeroms.com/roms/psx/nascar_2001.htm
http://www.freeroms.com/roms/psx/nascar_heat.htm
http://www.freeroms.com/roms/psx/nascar_racing.htm
http://www.freeroms.com/roms/psx/nascar_rumble.htm
http://www.freeroms.com/roms/psx/nascar_thunder_2002.htm
http://www.freeroms.com/roms/psx/nascar_thunder_2003.htm
http://www.freeroms.com/roms/psx/nascar_thunder_2004.htm
http://www.freeroms.com/roms/psx/nba_basketball_2000.htm
http://www.freeroms.com/roms/psx/nba_fastbreak_'98.htm
http://www.freeroms.com/roms/psx/nba_hangtime.htm
http://www.freeroms.com/roms/psx/nba_hoopz.htm
http://www.freeroms.com/roms/psx/nba_in_the_zone.htm
http://www.freeroms.com/roms/psx/nba_in_the_zone_'98.htm
http://www.freeroms.com/roms/psx/nba_in_the_zone_2.htm
http://www.freeroms.com/roms/psx/nba_in_the_zone_2000.htm
http://www.freeroms.com/roms/psx/nba_in_the_zone_99.htm
http://www.freeroms.com/roms/psx/nba_jam_-_extreme.htm
http://www.freeroms.com/roms/psx/nba_jam_t_e_.htm
http://www.freeroms.com/roms/psx/nba_live_2001.htm
http://www.freeroms.com/roms/psx/nba_live_2002.htm
http://www.freeroms.com/roms/psx/nba_live_2003.htm
http://www.freeroms.com/roms/psx/nba_live_96.htm
http://www.freeroms.com/roms/psx/nba_live_97.htm
http://www.freeroms.com/roms/psx/nba_live_98.htm
http://www.freeroms.com/roms/psx/nba_live_99.htm
http://www.freeroms.com/roms/psx/nba_shootout.htm
http://www.freeroms.com/roms/psx/nba_shootout_'97.htm
http://www.freeroms.com/roms/psx/nba_shootout_2000.htm
http://www.freeroms.com/roms/psx/nba_shootout_2001.htm
http://www.freeroms.com/roms/psx/nba_shootout_2002.htm
http://www.freeroms.com/roms/psx/nba_shootout_2003.htm
http://www.freeroms.com/roms/psx/nba_shootout_2004.htm
http://www.freeroms.com/roms/psx/nba_shootout_98.htm
http://www.freeroms.com/roms/psx/nba_showtime_-_nba_on_nbc.htm
http://www.freeroms.com/roms/psx/nba_live_2000_ntsc-u_.htm
http://www.freeroms.com/roms/psx/ncaa_basketball_final_four_'97_-.htm
http://www.freeroms.com/roms/psx/ncaa_final_four_'99.htm
http://www.freeroms.com/roms/psx/ncaa_final_four_2000.htm
http://www.freeroms.com/roms/psx/ncaa_final_four_2001.htm
http://www.freeroms.com/roms/psx/ncaa_football_2000_v1_0.htm
http://www.freeroms.com/roms/psx/ncaa_football_2000_v1_1.htm
http://www.freeroms.com/roms/psx/ncaa_football_2001.htm
http://www.freeroms.com/roms/psx/ncaa_football_98.htm
http://www.freeroms.com/roms/psx/ncaa_football_99.htm
http://www.freeroms.com/roms/psx/ncaa_football_gamebreaker.htm
http://www.freeroms.com/roms/psx/ncaa_gamebreaker_'98.htm
http://www.freeroms.com/roms/psx/ncaa_gamebreaker_'99.htm
http://www.freeroms.com/roms/psx/ncaa_gamebreaker_2001_ntsc-u.htm
http://www.freeroms.com/roms/psx/ncaa_march_madness_2000.htm
http://www.freeroms.com/roms/psx/ncaa_march_madness_2001.htm
http://www.freeroms.com/roms/psx/ncaa_march_madness_99.htm
http://www.freeroms.com/roms/psx/ncaa_gamebreaker_2000_ntsc-u_.htm
http://www.freeroms.com/roms/psx/nectaris_-_military_madness.htm
http://www.freeroms.com/roms/psx/need_for_speed_-_high_stakes.htm
http://www.freeroms.com/roms/psx/need_for_speed_-_porsche_unleashed.htm
http://www.freeroms.com/roms/psx/need_for_speed_-_v-rally.htm
http://www.freeroms.com/roms/psx/need_for_speed_-_v-rally_2.htm
http://www.freeroms.com/roms/psx/need_for_speed_ii.htm
http://www.freeroms.com/roms/psx/need_for_speed_iii_-_hot_pursuit.htm
http://www.freeroms.com/roms/psx/newman-haas_racing.htm
http://www.freeroms.com/roms/psx/next_tetris;_the.htm
http://www.freeroms.com/roms/psx/nfl_blitz.htm
http://www.freeroms.com/roms/psx/nfl_blitz_2000.htm
http://www.freeroms.com/roms/psx/nfl_blitz_2001.htm
http://www.freeroms.com/roms/psx/nfl_full_contact.htm
http://www.freeroms.com/roms/psx/nfl_gameday.htm
http://www.freeroms.com/roms/psx/nfl_gameday_2000.htm
http://www.freeroms.com/roms/psx/nfl_gameday_2001.htm
http://www.freeroms.com/roms/psx/nfl_gameday_2002.htm
http://www.freeroms.com/roms/psx/nfl_gameday_2003.htm
http://www.freeroms.com/roms/psx/nfl_gameday_2004.htm
http://www.freeroms.com/roms/psx/nfl_gameday_97.htm
http://www.freeroms.com/roms/psx/nfl_gameday_98.htm
http://www.freeroms.com/roms/psx/nfl_gameday_99_v1_0.htm
http://www.freeroms.com/roms/psx/nfl_gameday_99_v1_1.htm
http://www.freeroms.com/roms/psx/nfl_quarterback_club_'97.htm
http://www.freeroms.com/roms/psx/nfl_xtreme.htm
http://www.freeroms.com/roms/psx/nfl_xtreme_2.htm
http://www.freeroms.com/roms/psx/nhl_2000.htm
http://www.freeroms.com/roms/psx/nhl_2001.htm
http://www.freeroms.com/roms/psx/nhl_97.htm
http://www.freeroms.com/roms/psx/nhl_98.htm
http://www.freeroms.com/roms/psx/nhl_99.htm
http://www.freeroms.com/roms/psx/nhl_blades_of_steel_2000.htm
http://www.freeroms.com/roms/psx/nhl_breakaway_'98.htm
http://www.freeroms.com/roms/psx/nhl_championship_2000.htm
http://www.freeroms.com/roms/psx/nhl_face_off.htm
http://www.freeroms.com/roms/psx/nhl_face_off_97.htm
http://www.freeroms.com/roms/psx/nhl_face_off_98.htm
http://www.freeroms.com/roms/psx/nhl_faceoff_'99.htm
http://www.freeroms.com/roms/psx/nhl_faceoff_2000.htm
http://www.freeroms.com/roms/psx/nhl_faceoff_2001.htm
http://www.freeroms.com/roms/psx/nhl_open_ice.htm
http://www.freeroms.com/roms/psx/nhl_powerplay_96.htm
http://www.freeroms.com/roms/psx/nhl_rock_the_rink.htm
http://www.freeroms.com/roms/psx/nicktoons_racing.htm
http://www.freeroms.com/roms/psx/nightmare_creatures.htm
http://www.freeroms.com/roms/psx/nightmare_creatures_ii.htm
http://www.freeroms.com/roms/psx/ninja_-_shadow_of_darkness.htm
http://www.freeroms.com/roms/psx/no_fear_downhill_mountain_bike_racing.htm
http://www.freeroms.com/roms/psx/no_one_can_stop_mr_domino.htm
http://www.freeroms.com/roms/psx/norse_by_norsewest_-_return_of_the_lost_vikings.htm
http://www.freeroms.com/roms/psx/novastorm_disc1of2.htm
http://www.freeroms.com/roms/psx/novastorm_disc2of2.htm
http://www.freeroms.com/roms/psx/nuclear_strike.htm
http://www.freeroms.com/roms/psx/o_d_t_-_escape_or_die_trying.htm
http://www.freeroms.com/roms/psx/oddworld_-_abes_exoddus_disc_1.htm
http://www.freeroms.com/roms/psx/oddworld_-_abes_exoddus_disc_2.htm
http://www.freeroms.com/roms/psx/oddworld_-_abes_oddysee_v1_0.htm
http://www.freeroms.com/roms/psx/oddworld_-_abes_oddysee_v1_1.htm
http://www.freeroms.com/roms/psx/off-world_interceptor_extreme.htm
http://www.freeroms.com/roms/psx/ogre_battle_-_ep_5_-_the_march_of_the_black_queen_limited_edition.htm
http://www.freeroms.com/roms/psx/olympic_soccer.htm
http://www.freeroms.com/roms/psx/olympic_summer_games.htm
http://www.freeroms.com/roms/psx/omega_boost.htm
http://www.freeroms.com/roms/psx/one.htm
http://www.freeroms.com/roms/psx/one_piece_mansion.htm
http://www.freeroms.com/roms/psx/overblood.htm
http://www.freeroms.com/roms/psx/p_k_s_math_studio_1.htm
http://www.freeroms.com/roms/psx/p_k_s_place_1_-_party_on_the_patio!.htm
http://www.freeroms.com/roms/psx/p_k_s_place_2_-_hoopo_at_sea.htm
http://www.freeroms.com/roms/psx/p_k_s_place_3_-_carlos_at_the_races!.htm
http://www.freeroms.com/roms/psx/p_k_s_place_4_-_daphne_and_the_seventh_wonder.htm
http://www.freeroms.com/roms/psx/pac-man_world_20th_anniversary.htm
http://www.freeroms.com/roms/psx/pajama_sam_-_you_are_what_you_eat_from_your_head_to_your_feet.htm
http://www.freeroms.com/roms/psx/pandemonium!_v1_0.htm
http://www.freeroms.com/roms/psx/pandemonium!_2.htm
http://www.freeroms.com/roms/psx/panzer_front.htm
http://www.freeroms.com/roms/psx/panzer_general.htm
http://www.freeroms.com/roms/psx/parappa_the_rapper.htm
http://www.freeroms.com/roms/psx/parasite_eve_disc_1.htm
http://www.freeroms.com/roms/psx/parasite_eve_disc_2.htm
http://www.freeroms.com/roms/psx/parasite_eve_ii_disc_1.htm
http://www.freeroms.com/roms/psx/parasite_eve_ii_disc_2.htm
http://www.freeroms.com/roms/psx/patriotic_pinball.htm
http://www.freeroms.com/roms/psx/peak_performance.htm
http://www.freeroms.com/roms/psx/perfect_weapon.htm
http://www.freeroms.com/roms/psx/persona.htm
http://www.freeroms.com/roms/psx/persona_-_revelations.htm
http://www.freeroms.com/roms/psx/persona_2_-_eternal_punishment.htm
http://www.freeroms.com/roms/psx/persona_2_-_eternal_punishment_bonus_disc.htm
http://www.freeroms.com/roms/psx/pga_tour_96.htm
http://www.freeroms.com/roms/psx/pga_tour_97.htm
http://www.freeroms.com/roms/psx/pga_tour_98.htm
http://www.freeroms.com/roms/psx/philosoma.htm
http://www.freeroms.com/roms/psx/pink_panther_-_pinkadelic_pursuit.htm
http://www.freeroms.com/roms/psx/pinobee.htm
http://www.freeroms.com/roms/psx/pipe_dreams_3d.htm
http://www.freeroms.com/roms/psx/pitball.htm
http://www.freeroms.com/roms/psx/pitfall_3d_-_beyond_the_jungle.htm
http://www.freeroms.com/roms/psx/pizza_hut_sampler_disc_2.htm
http://www.freeroms.com/roms/psx/planet_of_the_apes.htm
http://www.freeroms.com/roms/psx/play_with_the_teletubbies.htm
http://www.freeroms.com/roms/psx/playstation_demo_disc_-_shock_your_system!.htm
http://www.freeroms.com/roms/psx/pocket_fighter.htm
http://www.freeroms.com/roms/psx/poed.htm
http://www.freeroms.com/roms/psx/point_blank.htm
http://www.freeroms.com/roms/psx/point_blank_2.htm
http://www.freeroms.com/roms/psx/point_blank_3.htm
http://www.freeroms.com/roms/psx/polaris_snocross.htm
http://www.freeroms.com/roms/psx/pong_-_the_next_level.htm
http://www.freeroms.com/roms/psx/pool_hustler.htm
http://www.freeroms.com/roms/psx/populous_-_the_beginning.htm
http://www.freeroms.com/roms/psx/porsche_challenge.htm
http://www.freeroms.com/roms/psx/power_move_pro_wrestling.htm
http://www.freeroms.com/roms/psx/power_play_-_sports_trivia.htm
http://www.freeroms.com/roms/psx/power_rangers_-_lightspeed_rescue.htm
http://www.freeroms.com/roms/psx/power_rangers_-_time_force.htm
http://www.freeroms.com/roms/psx/power_rangers_zeo_-_full_tilt_battle_pinball.htm
http://www.freeroms.com/roms/psx/power_serve_3d_tennis.htm
http://www.freeroms.com/roms/psx/power_shovel.htm
http://www.freeroms.com/roms/psx/power_spike_-_pro_beach_volleyball.htm
http://www.freeroms.com/roms/psx/powerboat_racing.htm
http://www.freeroms.com/roms/psx/powerpuff_girls_the_-_chemical_x-traction_enes.htm
http://www.freeroms.com/roms/psx/powerslave.htm
http://www.freeroms.com/roms/psx/poypoy.htm
http://www.freeroms.com/roms/psx/primal_rage.htm
http://www.freeroms.com/roms/psx/pro_18_-_world_tour_golf.htm
http://www.freeroms.com/roms/psx/pro_pinball_-_big_race_usa.htm
http://www.freeroms.com/roms/psx/pro_pinball_-_fantastic_journey.htm
http://www.freeroms.com/roms/psx/pro_pinball_-_timeshock!.htm
http://www.freeroms.com/roms/psx/project_-_horned_owl.htm
http://www.freeroms.com/roms/psx/project_overkill.htm
http://www.freeroms.com/roms/psx/psone_demo_disc.htm
http://www.freeroms.com/roms/psx/psybadek.htm
http://www.freeroms.com/roms/psx/psychic_detective_disc_1.htm
http://www.freeroms.com/roms/psx/psychic_detective_disc_2.htm
http://www.freeroms.com/roms/psx/psychic_detective_disc_3.htm
http://www.freeroms.com/roms/psx/psychic_force.htm
http://www.freeroms.com/roms/psx/punky_skunk.htm
http://www.freeroms.com/roms/psx/putter_golf.htm
http://www.freeroms.com/roms/psx/puzznic.htm
http://www.freeroms.com/roms/psx/q-bert.htm
http://www.freeroms.com/roms/psx/qix_neo.htm
http://www.freeroms.com/roms/psx/quaddle_family_mysteries_the_1_-_the_case_of_the_scarce_scarab_-_lobby_-_kitchen.htm
http://www.freeroms.com/roms/psx/quaddle_family_mysteries_the_2_-_the_case_of_the_scarce_scarab_-_garden.htm
http://www.freeroms.com/roms/psx/quaddle_family_mysteries_the_3_-_the_case_of_the_scarce_scarab_-_parlor_-_family_room.htm
http://www.freeroms.com/roms/psx/quake_ii.htm
http://www.freeroms.com/roms/psx/r-type_delta.htm
http://www.freeroms.com/roms/psx/r-types.htm
http://www.freeroms.com/roms/psx/racing_enfres.htm
http://www.freeroms.com/roms/psx/rage_racer.htm
http://www.freeroms.com/roms/psx/raiden_project_the.htm
http://www.freeroms.com/roms/psx/rally_cross_2.htm
http://www.freeroms.com/roms/psx/rampage_-_world_tour.htm
http://www.freeroms.com/roms/psx/rampage_2_-_universal_tour.htm
http://www.freeroms.com/roms/psx/rascal.htm
http://www.freeroms.com/roms/psx/rayman.htm
http://www.freeroms.com/roms/psx/rayman_2_-_the_great_escape_enfres.htm
http://www.freeroms.com/roms/psx/rayman_brain_games.htm
http://www.freeroms.com/roms/psx/rayman_rush.htm
http://www.freeroms.com/roms/psx/raystorm.htm
http://www.freeroms.com/roms/psx/razor_freestyle_scooter.htm
http://www.freeroms.com/roms/psx/razor_racing.htm
http://www.freeroms.com/roms/psx/rc_helicopter.htm
http://www.freeroms.com/roms/psx/ready_2_rumble_boxing.htm
http://www.freeroms.com/roms/psx/ready_2_rumble_boxing_-_round_2.htm
http://www.freeroms.com/roms/psx/reboot.htm
http://www.freeroms.com/roms/psx/reel_fishing.htm
http://www.freeroms.com/roms/psx/reloaded_-_the_hardcore_sequel.htm
http://www.freeroms.com/roms/psx/rescue_copter.htm
http://www.freeroms.com/roms/psx/return_fire.htm
http://www.freeroms.com/roms/psx/rhapsody_-_a_musical_adventure.htm
http://www.freeroms.com/roms/psx/ridge_racer.htm
http://www.freeroms.com/roms/psx/ridge_racer_revolution.htm
http://www.freeroms.com/roms/psx/rival_schools_-_united_by_fate_disc_1_arcade_disc.htm
http://www.freeroms.com/roms/psx/rival_schools_-_united_by_fate_disc_2_evolution_disc.htm
http://www.freeroms.com/roms/psx/riven_-_the_sequel_to_myst_disc_1.htm
http://www.freeroms.com/roms/psx/riven_-_the_sequel_to_myst_disc_5.htm
http://www.freeroms.com/roms/psx/road_rash_-_jailbreak.htm
http://www.freeroms.com/roms/psx/road_rash_3d.htm
http://www.freeroms.com/roms/psx/road_writer.htm
http://www.freeroms.com/roms/psx/robo_pit_2.htm
http://www.freeroms.com/roms/psx/rocket_power_-_team_rocket_rescue.htm
http://www.freeroms.com/roms/psx/rogue_trip_-_vacation_2012.htm
http://www.freeroms.com/roms/psx/rollcage.htm
http://www.freeroms.com/roms/psx/rollcage_demo.htm
http://www.freeroms.com/roms/psx/rollcage_-_stage_ii.htm
http://www.freeroms.com/roms/psx/rosco_mcqueen_firefighter_extreme.htm
http://www.freeroms.com/roms/psx/rpg_maker.htm
http://www.freeroms.com/roms/psx/rugrats_-_search_for_reptar.htm
http://www.freeroms.com/roms/psx/rugrats_-_studio_tour.htm
http://www.freeroms.com/roms/psx/s_c_a_r_s_.htm
http://www.freeroms.com/roms/psx/sabrina_the_teenage_witch_-_a_twitch_in_time!.htm
http://www.freeroms.com/roms/psx/saga_frontier.htm
http://www.freeroms.com/roms/psx/saga_frontier_2.htm
http://www.freeroms.com/roms/psx/saiyuki_-_journey_west.htm
http://www.freeroms.com/roms/psx/saltwater_sportfishing.htm
http://www.freeroms.com/roms/psx/sammy_sosa_high_heat_baseball_2001.htm
http://www.freeroms.com/roms/psx/sammy_sosa_softball_slam.htm
http://www.freeroms.com/roms/psx/samurai_shodown_iii_-_blades_of_blood.htm
http://www.freeroms.com/roms/psx/samurai_showdown_-_warrior's_rage.htm
http://www.freeroms.com/roms/psx/samurai_showdown_iii.htm
http://www.freeroms.com/roms/psx/san_francisco_rush_-_extreme_racing.htm
http://www.freeroms.com/roms/psx/scooby-doo_and_the_cyber_chase.htm
http://www.freeroms.com/roms/psx/scrabble.htm
http://www.freeroms.com/roms/psx/sea-doo_hydrocross.htm
http://www.freeroms.com/roms/psx/secret_of_googol_1a_the_-_reshaping_googol_-_the_submarine.htm
http://www.freeroms.com/roms/psx/secret_of_googol_1b_the_-_reshaping_googol_-_the_tower.htm
http://www.freeroms.com/roms/psx/secret_of_googol_2a_the_-_reshaping_googol_-_the_castle.htm
http://www.freeroms.com/roms/psx/secret_of_googol_2b_the_-_reshaping_googol_-_under_the_ocean.htm
http://www.freeroms.com/roms/psx/secret_of_googol_3_the_-_the_googol_counting_fair_-_midways.htm
http://www.freeroms.com/roms/psx/secret_of_googol_4_the_-_the_googol_counting_fair_-_corral_-_fun_house.htm
http://www.freeroms.com/roms/psx/secret_of_googol_5_the_-_googolfest_-_party_isle_-_toy_isle.htm
http://www.freeroms.com/roms/psx/secret_of_googol_7_the_-_eggs_all_around_-_egg_trek_-_balloon_picnic.htm
http://www.freeroms.com/roms/psx/secret_of_googol_8_the_-_googol_gulch_-_general_store_-_math_arcade.htm
http://www.freeroms.com/roms/psx/sentient.htm
http://www.freeroms.com/roms/psx/sentinel_returns.htm
http://www.freeroms.com/roms/psx/sesame_street_-_elmos_letter_adventure.htm
http://www.freeroms.com/roms/psx/sesame_street_-_elmos_number_journey.htm
http://www.freeroms.com/roms/psx/sesame_street_sports.htm
http://www.freeroms.com/roms/psx/shadow_madness_disc1of2.htm
http://www.freeroms.com/roms/psx/shadow_madness_disc2of2.htm
http://www.freeroms.com/roms/psx/shadow_man.htm
http://www.freeroms.com/roms/psx/shadow_tower.htm
http://www.freeroms.com/roms/psx/sheep.htm
http://www.freeroms.com/roms/psx/shellshock.htm
http://www.freeroms.com/roms/psx/shipwreckers!.htm
http://www.freeroms.com/roms/psx/shockwave_-_operation_jumpgate.htm
http://www.freeroms.com/roms/psx/shockwave_assault.htm
http://www.freeroms.com/roms/psx/shrek_treasure_hunt.htm
http://www.freeroms.com/roms/psx/silent_bomber.htm
http://www.freeroms.com/roms/psx/silent_hill_v1_1.htm
http://www.freeroms.com/roms/psx/silverload.htm
http://www.freeroms.com/roms/psx/sim_theme_park.htm
http://www.freeroms.com/roms/psx/simcity_2000.htm
http://www.freeroms.com/roms/psx/simpsons_wrestling.htm
http://www.freeroms.com/roms/psx/skeleton_warriors.htm
http://www.freeroms.com/roms/psx/skullmonkeys.htm
http://www.freeroms.com/roms/psx/skydiving_extreme.htm
http://www.freeroms.com/roms/psx/slam_'n_jam_'96.htm
http://www.freeroms.com/roms/psx/slamscape.htm
http://www.freeroms.com/roms/psx/sled_storm.htm
http://www.freeroms.com/roms/psx/slots.htm
http://www.freeroms.com/roms/psx/small_soldiers.htm
http://www.freeroms.com/roms/psx/smurf_racer!_enfres.htm
http://www.freeroms.com/roms/psx/smurfs_the_enfres.htm
http://www.freeroms.com/roms/psx/sno-cross_championship_racing.htm
http://www.freeroms.com/roms/psx/snowboarding.htm
http://www.freeroms.com/roms/psx/sol_divide.htm
http://www.freeroms.com/roms/psx/sorcerer's_maze.htm
http://www.freeroms.com/roms/psx/soul_blade.htm
http://www.freeroms.com/roms/psx/soul_of_the_samurai.htm
http://www.freeroms.com/roms/psx/south_park.htm
http://www.freeroms.com/roms/psx/south_park_-_chef's_luv_shack.htm
http://www.freeroms.com/roms/psx/south_park_rally.htm
http://www.freeroms.com/roms/psx/soviet_strike.htm
http://www.freeroms.com/roms/psx/space_griffon_vf-9.htm
http://www.freeroms.com/roms/psx/space_hulk_-_vengeance_of_the_blood_angels.htm
http://www.freeroms.com/roms/psx/space_invaders.htm
http://www.freeroms.com/roms/psx/space_jam.htm
http://www.freeroms.com/roms/psx/space_shot.htm
http://www.freeroms.com/roms/psx/spawn_-_the_eternal.htm
http://www.freeroms.com/roms/psx/spec_ops_-_airborne_commando.htm
http://www.freeroms.com/roms/psx/spec_ops_-_covert_assault.htm
http://www.freeroms.com/roms/psx/spec_ops_-_ranger_elite.htm
http://www.freeroms.com/roms/psx/spec_ops_-_stealth_patrol.htm
http://www.freeroms.com/roms/psx/speed_punks.htm
http://www.freeroms.com/roms/psx/speed_racer.htm
http://www.freeroms.com/roms/psx/speedball_2100.htm
http://www.freeroms.com/roms/psx/spice_world.htm
http://www.freeroms.com/roms/psx/spider_-_the_video_game.htm
http://www.freeroms.com/roms/psx/spider-man.htm
http://www.freeroms.com/roms/psx/spider-man_2_-_enter_-_electro.htm
http://www.freeroms.com/roms/psx/spin_jam.htm
http://www.freeroms.com/roms/psx/spongebob_squarepants_-_supersponge.htm
http://www.freeroms.com/roms/psx/spot_goes_to_hollywood.htm
http://www.freeroms.com/roms/psx/spyro_-_year_of_the_dragon_v1_0.htm
http://www.freeroms.com/roms/psx/spyro_-_year_of_the_dragon_v1_1.htm
http://www.freeroms.com/roms/psx/spyro_2_-_riptos_rage.htm
http://www.freeroms.com/roms/psx/spyro_the_dragon.htm
http://www.freeroms.com/roms/psx/spyro_the_dragon_3_-_year_of_the_dragon.htm
http://www.freeroms.com/roms/psx/squaresoft_on_playstation_1998_collectors_cd_vol_1.htm
http://www.freeroms.com/roms/psx/squaresoft_on_playstation_1998_collectors_cd_vol_2_final_fantasy_viii_demo.htm
http://www.freeroms.com/roms/psx/squaresoft_on_playstation_2000_collectors_cd_vol_3.htm
http://www.freeroms.com/roms/psx/star_fighter.htm
http://www.freeroms.com/roms/psx/star_gladiator_-_episode_1_-_final_crusade.htm
http://www.freeroms.com/roms/psx/star_ocean_-_the_second_story_disc_1.htm
http://www.freeroms.com/roms/psx/star_ocean_-_the_second_story_disc_2.htm
http://www.freeroms.com/roms/psx/star_sweep.htm
http://www.freeroms.com/roms/psx/star_trek_-_invasion.htm
http://www.freeroms.com/roms/psx/star_wars_-_dark_forces.htm
http://www.freeroms.com/roms/psx/star_wars_-_demolition.htm
http://www.freeroms.com/roms/psx/star_wars_-_episode_i_-_jedi_power_battles.htm
http://www.freeroms.com/roms/psx/star_wars_-_episode_i_-_the_phantom_menace.htm
http://www.freeroms.com/roms/psx/star_wars_-_masters_of_teras_kasi.htm
http://www.freeroms.com/roms/psx/star_wars_-_rebel_assault_ii_-_the_hidden_empire_disc_1.htm
http://www.freeroms.com/roms/psx/star_wars_-_rebel_assault_ii_-_the_hidden_empire_disc_2.htm
http://www.freeroms.com/roms/psx/starblade_alpha.htm
http://www.freeroms.com/roms/psx/starfighter_sanvein.htm
http://www.freeroms.com/roms/psx/starwinder_-_the_ultimate_space_race.htm
http://www.freeroms.com/roms/psx/steel_harbinger.htm
http://www.freeroms.com/roms/psx/steel_reign.htm
http://www.freeroms.com/roms/psx/str_at_e_s_1_-_match-a-batch.htm
http://www.freeroms.com/roms/psx/str_at_e_s_2_-_matchamania!.htm
http://www.freeroms.com/roms/psx/str_at_e_s_3_-_title_this!_title_that!.htm
http://www.freeroms.com/roms/psx/str_at_e_s_4_-_titlerama!.htm
http://www.freeroms.com/roms/psx/str_at_e_s_5_-_parallel_lives!.htm
http://www.freeroms.com/roms/psx/str_at_e_s_6_-_analogy-ology!.htm
http://www.freeroms.com/roms/psx/str_at_e_s_7_-_riddle_roundup!.htm
http://www.freeroms.com/roms/psx/str_at_e_s_8_-_riddle_wrangler!.htm
http://www.freeroms.com/roms/psx/streak_-_hoverboard_racing.htm
http://www.freeroms.com/roms/psx/street_fighter_-_the_movie.htm
http://www.freeroms.com/roms/psx/street_fighter_alpha_-_warriors_dreams.htm
http://www.freeroms.com/roms/psx/street_fighter_alpha_2.htm
http://www.freeroms.com/roms/psx/street_fighter_alpha_3.htm
http://www.freeroms.com/roms/psx/street_fighter_collection_disc_1.htm
http://www.freeroms.com/roms/psx/street_fighter_collection_disc_2.htm
http://www.freeroms.com/roms/psx/street_fighter_collection_2.htm
http://www.freeroms.com/roms/psx/street_fighter_ex_plus_alpha.htm
http://www.freeroms.com/roms/psx/street_fighter_ex2_plus.htm
http://www.freeroms.com/roms/psx/street_racquetball.htm
http://www.freeroms.com/roms/psx/street_sk8er.htm
http://www.freeroms.com/roms/psx/street_sk8er_2.htm
http://www.freeroms.com/roms/psx/strider.htm
http://www.freeroms.com/roms/psx/strider_2.htm
http://www.freeroms.com/roms/psx/strike_point.htm
http://www.freeroms.com/roms/psx/striker.htm
http://www.freeroms.com/roms/psx/striker_pro_2000.htm
http://www.freeroms.com/roms/psx/strikers_1945.htm
http://www.freeroms.com/roms/psx/stuart_little_2.htm
http://www.freeroms.com/roms/psx/suikoden_v1_0.htm
http://www.freeroms.com/roms/psx/suikoden_v1_1.htm
http://www.freeroms.com/roms/psx/suikoden_ii.htm
http://www.freeroms.com/roms/psx/super_bike_2000.htm
http://www.freeroms.com/roms/psx/super_bubble_pop.htm
http://www.freeroms.com/roms/psx/super_puzzle_fighter_ii_turbo.htm
http://www.freeroms.com/roms/psx/super_shot_soccer.htm
http://www.freeroms.com/roms/psx/supercross_2000.htm
http://www.freeroms.com/roms/psx/supercross_2001.htm
http://www.freeroms.com/roms/psx/supercross_circuit.htm
http://www.freeroms.com/roms/psx/superstar_dance_club_ntsc_-_us.htm
http://www.freeroms.com/roms/psx/surf_riders.htm
http://www.freeroms.com/roms/psx/swagman.htm
http://www.freeroms.com/roms/psx/sydney_2000.htm
http://www.freeroms.com/roms/psx/syndicate_wars.htm
http://www.freeroms.com/roms/psx/syphon_filter_v1_0.htm
http://www.freeroms.com/roms/psx/syphon_filter_v1_1.htm
http://www.freeroms.com/roms/psx/syphon_filter_2_disc_1.htm
http://www.freeroms.com/roms/psx/syphon_filter_2_disc_2.htm
http://www.freeroms.com/roms/psx/syphon_filter_3.htm
http://www.freeroms.com/roms/psx/t'ai_fu_-_wrath_of_the_tiger.htm
http://www.freeroms.com/roms/psx/t_r_a_g_-_tactical_rescue_assault_group.htm
http://www.freeroms.com/roms/psx/tactics_ogre.htm
http://www.freeroms.com/roms/psx/tail_concerto.htm
http://www.freeroms.com/roms/psx/tail_of_the_sun_-_wild;_pure;_simple_life.htm
http://www.freeroms.com/roms/psx/tales_of_destiny.htm
http://www.freeroms.com/roms/psx/tales_of_destiny_ii_disc_1.htm
http://www.freeroms.com/roms/psx/tales_of_destiny_ii_disc_2.htm
http://www.freeroms.com/roms/psx/tales_of_destiny_ii_disc_3.htm
http://www.freeroms.com/roms/psx/tall_infinity_-_the_tower_of_wisdom.htm
http://www.freeroms.com/roms/psx/team_buddies.htm
http://www.freeroms.com/roms/psx/team_losi_rc_racer.htm
http://www.freeroms.com/roms/psx/tecmo_stackers.htm
http://www.freeroms.com/roms/psx/tecmo_super_bowl.htm
http://www.freeroms.com/roms/psx/tecmo_world_golf_-_japan.htm
http://www.freeroms.com/roms/psx/tecmo's_deception_-_invitation_to_darkness.htm
http://www.freeroms.com/roms/psx/tekken.htm
http://www.freeroms.com/roms/psx/tekken_2.htm
http://www.freeroms.com/roms/psx/tekken_3.htm
http://www.freeroms.com/roms/psx/tempest_x3.htm
http://www.freeroms.com/roms/psx/ten_pin_alley.htm
http://www.freeroms.com/roms/psx/tenchu_-_stealth_assassins.htm
http://www.freeroms.com/roms/psx/tenchu_2_-_birth_of_the_stealth_assassins.htm
http://www.freeroms.com/roms/psx/tennis.htm
http://www.freeroms.com/roms/psx/tennis_arena.htm
http://www.freeroms.com/roms/psx/test_drive_-_off-road_2.htm
http://www.freeroms.com/roms/psx/test_drive_4.htm
http://www.freeroms.com/roms/psx/test_drive_5.htm
http://www.freeroms.com/roms/psx/test_drive_6.htm
http://www.freeroms.com/roms/psx/test_drive_le_mans.htm
http://www.freeroms.com/roms/psx/test_drive_off-road.htm
http://www.freeroms.com/roms/psx/test_drive_off-road_3.htm
http://www.freeroms.com/roms/psx/tetris_plus.htm
http://www.freeroms.com/roms/psx/theme_hospital.htm
http://www.freeroms.com/roms/psx/theme_park.htm
http://www.freeroms.com/roms/psx/thousand_arms_disc_1.htm
http://www.freeroms.com/roms/psx/thousand_arms_disc_2.htm
http://www.freeroms.com/roms/psx/thrasher_-_skate_and_destroy.htm
http://www.freeroms.com/roms/psx/threads_of_fate.htm
http://www.freeroms.com/roms/psx/three_decoders_1_the_-_riddle_of_the_ring.htm
http://www.freeroms.com/roms/psx/three_decoders_2_the_-_key_to_the_carousel.htm
http://www.freeroms.com/roms/psx/three_stooges_the.htm
http://www.freeroms.com/roms/psx/thrill_kill.htm
http://www.freeroms.com/roms/psx/thunder_truck_rally.htm
http://www.freeroms.com/roms/psx/thunderstrike_2.htm
http://www.freeroms.com/roms/psx/tiger_woods_pga_tour_2000.htm
http://www.freeroms.com/roms/psx/tiger_woods_pga_tour_golf.htm
http://www.freeroms.com/roms/psx/tigershark.htm
http://www.freeroms.com/roms/psx/time_commando.htm
http://www.freeroms.com/roms/psx/time_crisis.htm
http://www.freeroms.com/roms/psx/time_crisis_-_project_titan.htm
http://www.freeroms.com/roms/psx/timeless_jade_trade.htm
http://www.freeroms.com/roms/psx/timeless_math_1_-_maya_search_and_rescue.htm
http://www.freeroms.com/roms/psx/timeless_math_2_-_maya_observatory.htm
http://www.freeroms.com/roms/psx/timeless_math_3_-_maya_king_jaguars_village.htm
http://www.freeroms.com/roms/psx/timeless_math_4_-_lunar_base.htm
http://www.freeroms.com/roms/psx/timeless_math_5_-_space_flight_rescue.htm
http://www.freeroms.com/roms/psx/timeless_math_6_-_brainswarm.htm
http://www.freeroms.com/roms/psx/timeless_math_7_-_rover_recovery.htm
http://www.freeroms.com/roms/psx/tiny_tank.htm
http://www.freeroms.com/roms/psx/tiny_toon_adventures_-_pluckys_big_adventure.htm
http://www.freeroms.com/roms/psx/tiny_toon_adventures_-_the_great_beanstalk.htm
http://www.freeroms.com/roms/psx/tiny_toon_adventures_-_toonenstein_-_dare_to_scare!.htm
http://www.freeroms.com/roms/psx/tiny_toons_adventures_-_pluck's_big_adventure.htm
http://www.freeroms.com/roms/psx/tnn_hardcore_4x4.htm
http://www.freeroms.com/roms/psx/tnn_motorsports_hardcore_tr.htm
http://www.freeroms.com/roms/psx/tobal_no_1.htm
http://www.freeroms.com/roms/psx/toca_-_touring_car_challenge_2.htm
http://www.freeroms.com/roms/psx/toca_championship_racing.htm
http://www.freeroms.com/roms/psx/tokyo_highway_battle.htm
http://www.freeroms.com/roms/psx/tom_and_jerry_-_house_trap.htm
http://www.freeroms.com/roms/psx/tom_clancys_rainbow_six.htm
http://www.freeroms.com/roms/psx/tom_clancys_rainbow_six_-_lone_wolf.htm
http://www.freeroms.com/roms/psx/tom_clancys_rainbow_six_-_rogue_spear.htm
http://www.freeroms.com/roms/psx/tomb_raider_v1_0.htm
http://www.freeroms.com/roms/psx/tomb_raider_v1_1.htm
http://www.freeroms.com/roms/psx/tomb_raider_v1_2.htm
http://www.freeroms.com/roms/psx/tomb_raider_v1_3.htm
http://www.freeroms.com/roms/psx/tomb_raider_-_the_last_revelation_v1_1.htm
http://www.freeroms.com/roms/psx/tomb_raider_4_-_the_last_revelation.htm
http://www.freeroms.com/roms/psx/tomb_raider_5_-_chronicles.htm
http://www.freeroms.com/roms/psx/tomb_raider_chronicles.htm
http://www.freeroms.com/roms/psx/tomb_raider_ii_-_starring_lara_croft_v1_0.htm
http://www.freeroms.com/roms/psx/tomb_raider_ii_-_starring_lara_croft_v1_1.htm
http://www.freeroms.com/roms/psx/tomb_raider_iii_-_adventures_of_lara_croft.htm
http://www.freeroms.com/roms/psx/tomba!.htm
http://www.freeroms.com/roms/psx/tomba!_2_-_the_evil_swine_returns.htm
http://www.freeroms.com/roms/psx/tonka_space_station.htm
http://www.freeroms.com/roms/psx/tony_hawks_pro_skater.htm
http://www.freeroms.com/roms/psx/tony_hawks_pro_skater_2.htm
http://www.freeroms.com/roms/psx/tony_hawks_pro_skater_3.htm
http://www.freeroms.com/roms/psx/tony_hawks_pro_skater_4.htm
http://www.freeroms.com/roms/psx/top_gun_-_fire_at_will.htm
http://www.freeroms.com/roms/psx/top_shop.htm
http://www.freeroms.com/roms/psx/torc_-_legend_of_the_ogre_crown.htm
http://www.freeroms.com/roms/psx/torneko_-_the_last_hope_-_world_of_dragon_warrior.htm
http://www.freeroms.com/roms/psx/total_eclipse_-_turbo.htm
http://www.freeroms.com/roms/psx/transformers_-_beast_wars_-_transmetals.htm
http://www.freeroms.com/roms/psx/trap_gunner.htm
http://www.freeroms.com/roms/psx/treasures_of_the_deep.htm
http://www.freeroms.com/roms/psx/trick'n_snowboarder.htm
http://www.freeroms.com/roms/psx/triple_play_'99.htm
http://www.freeroms.com/roms/psx/triple_play_2000.htm
http://www.freeroms.com/roms/psx/triple_play_2001.htm
http://www.freeroms.com/roms/psx/triple_play_97.htm
http://www.freeroms.com/roms/psx/triple_play_98.htm
http://www.freeroms.com/roms/psx/triple_play_baseball.htm
http://www.freeroms.com/roms/psx/true_pinball.htm
http://www.freeroms.com/roms/psx/tunnel_b1.htm
http://www.freeroms.com/roms/psx/turbo_prop_racing.htm
http://www.freeroms.com/roms/psx/turnabout.htm
http://www.freeroms.com/roms/psx/twisted_metal.htm
http://www.freeroms.com/roms/psx/twisted_metal_-_small_brawl.htm
http://www.freeroms.com/roms/psx/twisted_metal_2.htm
http://www.freeroms.com/roms/psx/twisted_metal_3_v1_0.htm
http://www.freeroms.com/roms/psx/twisted_metal_3_v1_1.htm
http://www.freeroms.com/roms/psx/twisted_metal_4.htm
http://www.freeroms.com/roms/psx/tyco_rc_assault_with_a_battery.htm
http://www.freeroms.com/roms/psx/ultimate_8_ball.htm
http://www.freeroms.com/roms/psx/ultimate_brain_games.htm
http://www.freeroms.com/roms/psx/ultimate_fighting_championship.htm
http://www.freeroms.com/roms/psx/um_jammer_lammy.htm
http://www.freeroms.com/roms/psx/unholy_war_the.htm
http://www.freeroms.com/roms/psx/uprising_x.htm
http://www.freeroms.com/roms/psx/urban_chaos.htm
http://www.freeroms.com/roms/psx/v-tennis.htm
http://www.freeroms.com/roms/psx/vagrant_story.htm
http://www.freeroms.com/roms/psx/valkyrie_profile_disc_1.htm
http://www.freeroms.com/roms/psx/valkyrie_profile_disc_2.htm
http://www.freeroms.com/roms/psx/vampire_hunter_d.htm
http://www.freeroms.com/roms/psx/vanark_-_astro_trooper.htm
http://www.freeroms.com/roms/psx/vandal_hearts.htm
http://www.freeroms.com/roms/psx/vandal_hearts_ii_v1_1.htm
http://www.freeroms.com/roms/psx/vanguard_bandits.htm
http://www.freeroms.com/roms/psx/vanishing_point.htm
http://www.freeroms.com/roms/psx/vegas_games_2000.htm
http://www.freeroms.com/roms/psx/vigilante_8.htm
http://www.freeroms.com/roms/psx/vigilante_8_-_second_offense.htm
http://www.freeroms.com/roms/psx/vip.htm
http://www.freeroms.com/roms/psx/virtual_kasparov.htm
http://www.freeroms.com/roms/psx/virtual_pool.htm
http://www.freeroms.com/roms/psx/virtual_pool_3.htm
http://www.freeroms.com/roms/psx/viva_soccer.htm
http://www.freeroms.com/roms/psx/vmx_racing.htm
http://www.freeroms.com/roms/psx/vr_baseball_97.htm
http://www.freeroms.com/roms/psx/vr_baseball_99.htm
http://www.freeroms.com/roms/psx/vr_golf_97.htm
http://www.freeroms.com/roms/psx/vr_soccer_96.htm
http://www.freeroms.com/roms/psx/vs_.htm
http://www.freeroms.com/roms/psx/walt_disney_world_quest_-_magical_racing_tour.htm
http://www.freeroms.com/roms/psx/walt_disneys_the_jungle_book_-_rhythm_n_groove.htm
http://www.freeroms.com/roms/psx/war_games_-_defcon_1.htm
http://www.freeroms.com/roms/psx/war_gods.htm
http://www.freeroms.com/roms/psx/warcraft_ii_-_the_dark_saga_enfrdeesit.htm
http://www.freeroms.com/roms/psx/warhammer_-_dark_omen.htm
http://www.freeroms.com/roms/psx/warhammer_-_shadow_of_the_horned_rat.htm
http://www.freeroms.com/roms/psx/warhawk_-_the_red_mercury_missions.htm
http://www.freeroms.com/roms/psx/warpath_-_jurassic_park.htm
http://www.freeroms.com/roms/psx/warriors_of_might_and_magic.htm
http://www.freeroms.com/roms/psx/warzone_2100.htm
http://www.freeroms.com/roms/psx/wayne_gretzky's_3d_hockey_'98.htm
http://www.freeroms.com/roms/psx/wcw_-_nwo_thunder.htm
http://www.freeroms.com/roms/psx/wcw_backstage_assault.htm
http://www.freeroms.com/roms/psx/wcw_mayhem.htm
http://www.freeroms.com/roms/psx/wcw_nitro.htm
http://www.freeroms.com/roms/psx/wcw_vs_the_world.htm
http://www.freeroms.com/roms/psx/wdl_world_destruction_league_-_thunder_tanks.htm
http://www.freeroms.com/roms/psx/weakest_link.htm
http://www.freeroms.com/roms/psx/wheel_of_fortune.htm
http://www.freeroms.com/roms/psx/wheel_of_fortune_-_2nd_edition.htm
http://www.freeroms.com/roms/psx/who_wants_to_be_a_millionaire_-_2nd_edition.htm
http://www.freeroms.com/roms/psx/who_wants_to_be_a_millionaire_-_3rd_edition.htm
http://www.freeroms.com/roms/psx/wild_9.htm
http://www.freeroms.com/roms/psx/wild_arms.htm
http://www.freeroms.com/roms/psx/wild_arms_-_2nd_ignition_disc_1.htm
http://www.freeroms.com/roms/psx/wild_arms_-_2nd_ignition_disc_2.htm
http://www.freeroms.com/roms/psx/wild_thornberrys_the_-_animal_adventures.htm
http://www.freeroms.com/roms/psx/wing_commander_iii_-_heart_of_the_tiger_disc1of4.htm
http://www.freeroms.com/roms/psx/wing_commander_iii_-_heart_of_the_tiger_disc2of4.htm
http://www.freeroms.com/roms/psx/wing_commander_iii_-_heart_of_the_tiger_disc3of4.htm
http://www.freeroms.com/roms/psx/wing_commander_iii_-_heart_of_the_tiger_disc4of4.htm
http://www.freeroms.com/roms/psx/wing_commander_iv_-_the_price_of_freedom_disc_1.htm
http://www.freeroms.com/roms/psx/wing_commander_iv_-_the_price_of_freedom_disc_2.htm
http://www.freeroms.com/roms/psx/wing_commander_iv_-_the_price_of_freedom_disc_3.htm
http://www.freeroms.com/roms/psx/wing_commander_iv_-_the_price_of_freedom_disc_4.htm
http://www.freeroms.com/roms/psx/winnie_the_pooh_-_kindergarden.htm
http://www.freeroms.com/roms/psx/winnie_the_pooh_-_preschool.htm
http://www.freeroms.com/roms/psx/winnie_the_pooh_-_tigger's_honey_hunt.htm
http://www.freeroms.com/roms/psx/wipeout.htm
http://www.freeroms.com/roms/psx/wipeout_3.htm
http://www.freeroms.com/roms/psx/wipeout_xl.htm
http://www.freeroms.com/roms/psx/wipeout_xl_beta.htm
http://www.freeroms.com/roms/psx/woody_woodpecker_racing.htm
http://www.freeroms.com/roms/psx/world_cup_'98.htm
http://www.freeroms.com/roms/psx/world_cup_golf_-_professional_edition.htm
http://www.freeroms.com/roms/psx/world_destruction_league_-_thunder_tanks.htm
http://www.freeroms.com/roms/psx/world_destruction_league_-_war_jetz.htm
http://www.freeroms.com/roms/psx/worlds_scariest_police_chases.htm
http://www.freeroms.com/roms/psx/worms.htm
http://www.freeroms.com/roms/psx/worms_armageddon.htm
http://www.freeroms.com/roms/psx/worms_world_party_enfresitnlsvda.htm
http://www.freeroms.com/roms/psx/wreckin_crew_-_drive_dangerously_enes.htm
http://www.freeroms.com/roms/psx/wu-tang_-_shaolin_style.htm
http://www.freeroms.com/roms/psx/wwf_attitude.htm
http://www.freeroms.com/roms/psx/wwf_in_your_house.htm
http://www.freeroms.com/roms/psx/wwf_smackdown!.htm
http://www.freeroms.com/roms/psx/wwf_smackdown!_2_-_know_your_role.htm
http://www.freeroms.com/roms/psx/wwf_war_zone_v1_0.htm
http://www.freeroms.com/roms/psx/wwf_war_zone_v1_1.htm
http://www.freeroms.com/roms/psx/wwf_wrestlemania_-_the_arcade_game.htm
http://www.freeroms.com/roms/psx/x-bladez_-_inline_skater.htm
http://www.freeroms.com/roms/psx/x-com_-_ufo_defense.htm
http://www.freeroms.com/roms/psx/x-files_the_disc_1.htm
http://www.freeroms.com/roms/psx/x-files_the_disc_2.htm
http://www.freeroms.com/roms/psx/x-files_the_disc_3.htm
http://www.freeroms.com/roms/psx/x-files_the_disc_4.htm
http://www.freeroms.com/roms/psx/x-men_-_children_of_the_atom.htm
http://www.freeroms.com/roms/psx/x-men_-_mutant_academy.htm
http://www.freeroms.com/roms/psx/x-men_-_mutant_academy_2.htm
http://www.freeroms.com/roms/psx/x-men_vs_street_fighter.htm
http://www.freeroms.com/roms/psx/xena_-_warrior_princess.htm
http://www.freeroms.com/roms/psx/xenogears_disc_1.htm
http://www.freeroms.com/roms/psx/xenogears_disc_2.htm
http://www.freeroms.com/roms/psx/xevious_3d-g_.htm
http://www.freeroms.com/roms/psx/xs_airboat_racing.htm
http://www.freeroms.com/roms/psx/xs_junior_league_dodgeball.htm
http://www.freeroms.com/roms/psx/xs_junior_league_football.htm
http://www.freeroms.com/roms/psx/xs_junior_league_soccer.htm
http://www.freeroms.com/roms/psx/xs_moto.htm
http://www.freeroms.com/roms/psx/you_dont_know_jack_disc_1.htm
http://www.freeroms.com/roms/psx/you_dont_know_jack_disc_2.htm
http://www.freeroms.com/roms/psx/you_dont_know_jack_mock_2.htm
http://www.freeroms.com/roms/psx/yu-gi-oh!_-_forbidden_memories.htm
http://www.freeroms.com/roms/psx/zero_divide.htm
http://www.freeroms.com/roms/psx/zoboomafoo_-_leapin_lemurs!.htm
http://www.freeroms.com/roms/psx/zoop_-_americas_largest_killer_of_time!.htm
