http://psx1.freeroms.com/psx_roms/aa/a-train_62.zip
http://psx1.freeroms.com/psx_roms/aa/ace_combat_2.zip
http://psx1.freeroms.com/psx_roms/aa/ace_combat_3_-_electrosphere_363.zip
http://psx1.freeroms.com/psx_roms/aa/aces_of_the_air_565.zip
http://psx1.freeroms.com/psx_roms/aa/action_bass_81.zip
http://psx1.freeroms.com/psx_roms/aa/action_man_-_operation_extreme.zip
http://psx1.freeroms.com/psx_roms/aa/activision_classics.zip
http://psx1.freeroms.com/psx_roms/aa/adidas_power_soccer_302.zip
http://psx1.freeroms.com/psx_roms/aa/adidas_power_soccer_98_488.zip
http://psx1.freeroms.com/psx_roms/aa/adventure_of_phix_490.zip
http://psx1.freeroms.com/psx_roms/aa/adventures_of_lomax_574.zip
http://psx1.freeroms.com/psx_roms/aa/agile_warrior_f-111x.zip
http://psx1.freeroms.com/psx_roms/aa/air_combat.zip
http://psx1.freeroms.com/psx_roms/aa/air_hockey.zip
http://psx1.freeroms.com/psx_roms/aa/akuji_the_heartless.zip
http://psx1.freeroms.com/psx_roms/aa/alexi_lalas_international_soccer_52.zip
http://psx1.freeroms.com/psx_roms/aa/alien_resurrection.zip
http://psx1.freeroms.com/psx_roms/aa/alien_trilogy_400.zip
http://psx1.freeroms.com/psx_roms/aa/all_star_racing.zip
http://psx1.freeroms.com/psx_roms/aa/all-star_baseball_166.zip
http://psx1.freeroms.com/psx_roms/aa/all-star_racing_2_281.zip
http://psx1.freeroms.com/psx_roms/aa/all-star_slammin_d-ball.zip
http://psx1.freeroms.com/psx_roms/aa/allied_general_385.zip
http://psx1.freeroms.com/psx_roms/aa/alone_in_the_dark_-_one-eyed_jacks_revenge.zip
http://psx1.freeroms.com/psx_roms/aa/alone_in_the_dark_-_the_new_nightmare_(disc_1).zip
http://psx1.freeroms.com/psx_roms/aa/alone_in_the_dark_-_the_new_nightmare_(disc_2).zip
http://psx1.freeroms.com/psx_roms/aa/alundra_(v1.1).zip
http://psx1.freeroms.com/psx_roms/aa/alundra_2_-_a_new_legend_begins.zip
http://psx1.freeroms.com/psx_roms/aa/amazing_virtual_sea_monkeys_549.zip
http://psx1.freeroms.com/psx_roms/aa/andretti_racing.zip
http://psx1.freeroms.com/psx_roms/aa/animaniacs_-_ten_pin_alley_2_132.zip
http://psx1.freeroms.com/psx_roms/aa/animorphs_-_shattered_reality_236.zip
http://psx1.freeroms.com/psx_roms/aa/ape_escape.zip
http://psx1.freeroms.com/psx_roms/aa/apocalypse.zip
http://psx1.freeroms.com/psx_roms/aa/aquanauts_holiday_110.zip
http://psx1.freeroms.com/psx_roms/aa/arc_the_lad_collection_-_arc_arena_-_monster_tournament.zip
http://psx1.freeroms.com/psx_roms/aa/arc_the_lad_collection_-_arc_the_lad.zip
http://psx1.freeroms.com/psx_roms/aa/arc_the_lad_collection_-_arc_the_lad_ii.zip
http://psx1.freeroms.com/psx_roms/aa/arc_the_lad_collection_-_arc_the_lad_iii_(disc_1).zip
http://psx1.freeroms.com/psx_roms/aa/arc_the_lad_collection_-_arc_the_lad_iii_(disc_2).zip
http://psx1.freeroms.com/psx_roms/aa/arc_the_lad_collection_-_the_making_of_arc_the_lad.zip
http://psx1.freeroms.com/psx_roms/aa/arcade_party_pack_434.zip
http://psx1.freeroms.com/psx_roms/aa/arcades_greatest_hits_-_the_atari_collection_1_443.zip
http://psx1.freeroms.com/psx_roms/aa/arcades_greatest_hits_-_the_atari_collection_2_147.zip
http://psx1.freeroms.com/psx_roms/aa/arcades_greatest_hits_-_williams_275.zip
http://psx1.freeroms.com/psx_roms/aa/arcades_greatest_hits_midway_2_337.zip
http://psx1.freeroms.com/psx_roms/aa/area_51.zip
http://psx1.freeroms.com/psx_roms/aa/armored_core_(v1.0).zip
http://psx1.freeroms.com/psx_roms/aa/armored_core_(v1.1).zip
http://psx1.freeroms.com/psx_roms/aa/armored_core_-_master_of_arena_(disc_1).zip
http://psx1.freeroms.com/psx_roms/aa/armored_core_-_master_of_arena_(disc_2).zip
http://psx1.freeroms.com/psx_roms/aa/armored_core_-_project_phantasma_193.zip
http://psx1.freeroms.com/psx_roms/aa/armorines_-_project_s.w.a.r.m..zip
http://psx1.freeroms.com/psx_roms/aa/army_men_-_air_attack.zip
http://psx1.freeroms.com/psx_roms/aa/army_men_-_air_attack_2_448.zip
http://psx1.freeroms.com/psx_roms/aa/army_men_green_rouge_328.zip
http://psx1.freeroms.com/psx_roms/aa/army_men_-_sarges_heroes.zip
http://psx1.freeroms.com/psx_roms/aa/army_men_-_sarges_heroes_2.zip
http://psx1.freeroms.com/psx_roms/aa/army_men_-_world_war_28.zip
http://psx1.freeroms.com/psx_roms/aa/army_men_-_world_war_-_final_front_225.zip
http://psx1.freeroms.com/psx_roms/aa/army_men_-_world_war_-_land,_sea_%26_air_186.zip
http://psx1.freeroms.com/psx_roms/aa/army_men_-_world_war_-_team_assault.zip
http://psx1.freeroms.com/psx_roms/aa/army_men_3d.zip
http://psx1.freeroms.com/psx_roms/aa/arthur!_ready_to_race_111.zip
http://psx1.freeroms.com/psx_roms/aa/assault_retribution_121.zip
http://psx1.freeroms.com/psx_roms/aa/assault_rigs.zip
http://psx1.freeroms.com/psx_roms/aa/asteroids_3d_114.zip
http://psx1.freeroms.com/psx_roms/aa/atari_anniversary_edition_redux.zip
http://psx1.freeroms.com/psx_roms/aa/attack_of the saucerman_639.zip
http://psx1.freeroms.com/psx_roms/aa/atv_-_quad_power_racing.zip
http://psx1.freeroms.com/psx_roms/aa/atv_mania_248.zip
http://psx1.freeroms.com/psx_roms/aa/atv_racers_38.zip
http://psx1.freeroms.com/psx_roms/aa/austin_powers_pinball.zip
http://psx1.freeroms.com/psx_roms/aa/auto_destruct_128.zip
http://psx1.freeroms.com/psx_roms/aa/azure_dreams.zip
http://psxone.freeroms.com/psx_roms/ba/backstreet_billiards.zip
http://psxone.freeroms.com/psx_roms/ba/baldies.zip
http://psxone.freeroms.com/psx_roms/ba/ball_breakers.zip
http://psxone.freeroms.com/psx_roms/ba/ballblazer_champions.zip
http://psxone.freeroms.com/psx_roms/ba/ballerburg_-_castle_chaos.zip
http://psxone.freeroms.com/psx_roms/ba/ballistic.zip
http://psxone.freeroms.com/psx_roms/ba/barbie_-_gotta_have_games.zip
http://psxone.freeroms.com/psx_roms/ba/barbie_-_race_%26_ride.zip
http://psxone.freeroms.com/psx_roms/ba/barbie_-_super_sports.zip
http://psxone.freeroms.com/psx_roms/ba/barbie_explorer.zip
http://psxone.freeroms.com/psx_roms/ba/bases_loaded_96_-_double_header.zip
http://psxone.freeroms.com/psx_roms/ba/bass_landing.zip
http://psxone.freeroms.com/psx_roms/ba/bassrise_fishing.zip
http://psxone.freeroms.com/psx_roms/ba/batman_%26_r.zip
http://psxone.freeroms.com/psx_roms/ba/batman_-_gotham_city_racer.zip
http://psxone.freeroms.com/psx_roms/ba/batman_beyond_-_return_of_the_joker.zip
http://psxone.freeroms.com/psx_roms/ba/batman_forever_-_the_arcade_game.zip
http://psxone.freeroms.com/psx_roms/ba/battle_arena_toshinden.zip
http://psxone.freeroms.com/psx_roms/ba/battle_arena_toshinden_2.zip
http://psxone.freeroms.com/psx_roms/ba/battle_arena_toshinden_3.zip
http://psxone.freeroms.com/psx_roms/ba/battle_hunter.zip
http://psxone.freeroms.com/psx_roms/ba/battle_stations.zip
http://psxone.freeroms.com/psx_roms/ba/battlesport.zip
http://psxone.freeroms.com/psx_roms/ba/battletanx_-_global_assault.zip
http://psxone.freeroms.com/psx_roms/ba/bear_in_the_big_blue_house.zip
http://psxone.freeroms.com/psx_roms/ba/beast_wars_-_transformers.zip
http://psxone.freeroms.com/psx_roms/ba/beyblade.zip
http://psxone.freeroms.com/psx_roms/ba/beyond_the_beyond.zip
http://psxone.freeroms.com/psx_roms/ba/big_air.zip
http://psxone.freeroms.com/psx_roms/ba/big_bass_fishing.zip
http://psxone.freeroms.com/psx_roms/ba/big_bass_world_championship.zip
http://psxone.freeroms.com/psx_roms/ba/big_league_slugger_baseball.zip
http://psxone.freeroms.com/psx_roms/ba/big_strike_bowling.zip
http://psxone.freeroms.com/psx_roms/ba/billiards.zip
http://psxone.freeroms.com/psx_roms/ba/bio_f.r.e.a.k.s..zip
http://psxone.freeroms.com/psx_roms/ba/bios.zip
http://psxone.freeroms.com/psx_roms/ba/black_bass_with_blue_marlin.zip
http://psxone.freeroms.com/psx_roms/ba/black_dawn.zip
http://psxone.freeroms.com/psx_roms/ba/blade.zip
http://psxone.freeroms.com/psx_roms/ba/blast_chamber.zip
http://psxone.freeroms.com/psx_roms/ba/blast_lacrosse.zip
http://psxone.freeroms.com/psx_roms/ba/blast_radius.zip
http://psxone.freeroms.com/psx_roms/ba/blaster_master_-_blasting_again.zip
http://psxone.freeroms.com/psx_roms/ba/blasto.zip
http://psxone.freeroms.com/psx_roms/ba/blazing_dragons.zip
http://psxone.freeroms.com/psx_roms/ba/blockids.zip
http://psxone.freeroms.com/psx_roms/ba/blood_omen_-_legacy_of_kain.zip
http://psxone.freeroms.com/psx_roms/ba/bloody_roar.zip
http://psxone.freeroms.com/psx_roms/ba/bloody_roar_ii_-_the_new_breed.zip
http://psxone.freeroms.com/psx_roms/ba/blues_clues_-_blues_big_musical.zip
http://psxone.freeroms.com/psx_roms/ba/board_game_-_top_shop.zip
http://psxone.freeroms.com/psx_roms/ba/bob_the_builder_-_can_we_fix_it.zip
http://psxone.freeroms.com/psx_roms/ba/bogey_-_dead_6.zip
http://psxone.freeroms.com/psx_roms/ba/bomberman_-_party_edition.zip
http://psxone.freeroms.com/psx_roms/ba/bomberman_fantasy_race.zip
http://psxone.freeroms.com/psx_roms/ba/bomberman_world.zip
http://psxone.freeroms.com/psx_roms/ba/bombing_islands,_the.zip
http://psxone.freeroms.com/psx_roms/ba/boombots.zip
http://psxone.freeroms.com/psx_roms/ba/bottom_of_the_ninth.zip
http://psxone.freeroms.com/psx_roms/ba/bottom_of_the_ninth_97.zip
http://psxone.freeroms.com/psx_roms/ba/bottom_of_the_ninth_99.zip
http://psxone.freeroms.com/psx_roms/ba/bowling.zip
http://psxone.freeroms.com/psx_roms/ba/boxing.zip
http://psxone.freeroms.com/psx_roms/ba/brahma_force_-_the_assault_on_beltlogger_9.zip
http://psxone.freeroms.com/psx_roms/ba/brain_dead_13_[disc1of2].zip
http://psxone.freeroms.com/psx_roms/ba/brain_dead_13_[disc2of2].zip
http://psxone.freeroms.com/psx_roms/ba/bratz_-_dress_up,_get_down_and_be_a_bratz_superstar!_(en,fr,es).zip
http://psxone.freeroms.com/psx_roms/ba/brave_fencer_musashi.zip
http://psxone.freeroms.com/psx_roms/ba/brave_fencer_musashi_[bonus_disc].zip
http://psxone.freeroms.com/psx_roms/ba/bravo_air_race.zip
http://psxone.freeroms.com/psx_roms/ba/breakout_(ntsc-u)_.zip
http://psxone.freeroms.com/psx_roms/ba/breath_of_fire_iii_(v1.1).zip
http://psxone.freeroms.com/psx_roms/ba/breath_of_fire_iv.zip
http://psxone.freeroms.com/psx_roms/ba/breath_of_fire_iv_track_2.zip
http://psxone.freeroms.com/psx_roms/ba/brigandine_-_the_legend_of_forsena.zip
http://psxone.freeroms.com/psx_roms/ba/broken_helix_(v1.1).zip
http://psxone.freeroms.com/psx_roms/ba/broken_sword_-_the_shadow_of_the_templars.zip
http://psxone.freeroms.com/psx_roms/ba/broken_sword_2_-_the_smoking_mirror.zip
http://psxone.freeroms.com/psx_roms/ba/brunswick_circuit_pro_bowling.zip
http://psxone.freeroms.com/psx_roms/ba/brunswick_circuit_pro_bowling_2.zip
http://psxone.freeroms.com/psx_roms/ba/bubble_bobble_-_featuring_rainbow_islands.zip
http://psxone.freeroms.com/psx_roms/ba/bubsy_3d_-_furbitten_planet.zip
http://psxone.freeroms.com/psx_roms/ba/bugriders_-_the_race_of_kings.zip
http://psxone.freeroms.com/psx_roms/ba/bugs_bunny_%26_taz_-_time_busters_(en,fr,es).zip
http://psxone.freeroms.com/psx_roms/ba/bugs_bunny_-_lost_in_time.zip
http://psxone.freeroms.com/psx_roms/ba/builders_block.zip
http://psxone.freeroms.com/psx_roms/ba/burning_road.zip
http://psxone.freeroms.com/psx_roms/ba/burstrick_wake_boarding!!.zip
http://psxone.freeroms.com/psx_roms/ba/bushido_blade.zip
http://psxone.freeroms.com/psx_roms/ba/bushido_blade_2.zip
http://psxone.freeroms.com/psx_roms/ba/bust-a-groove.zip
http://psxone.freeroms.com/psx_roms/ba/bust-a-groove_(demo).zip
http://psxone.freeroms.com/psx_roms/ba/bust-a-groove_2.zip
http://psxone.freeroms.com/psx_roms/ba/bust-a-move_2_-_arcade_edition.zip
http://psxone.freeroms.com/psx_roms/ba/bust-a-move_4.zip
http://psxone.freeroms.com/psx_roms/ba/bust-a-move_99.zip
http://psxone.freeroms.com/psx_roms/ba/buster_bros._collection.zip
http://psx1.freeroms.com/psx_roms/ca/c_-_the_contra_adventure.zip
http://psx1.freeroms.com/psx_roms/ca/c-12_-_final_resistance.zip
http://psx1.freeroms.com/psx_roms/ca/cabelas_big_game_hunter_-_ultimate_challenge.zip
http://psx1.freeroms.com/psx_roms/ca/cabelas_ultimate_deer_hunt.zip
http://psx1.freeroms.com/psx_roms/ca/caesars_palace.zip
http://psx1.freeroms.com/psx_roms/ca/caesars_palace_ii.zip
http://psx1.freeroms.com/psx_roms/ca/caesars_palace_2000_-_millennium_gold_edition.zip
http://psx1.freeroms.com/psx_roms/ca/calamity_1_-_the_natural_world.zip
http://psx1.freeroms.com/psx_roms/ca/calamity_2_-_people_and_traditions.zip
http://psx1.freeroms.com/psx_roms/ca/calamity_3_-_around_the_world.zip
http://psx1.freeroms.com/psx_roms/ca/calis_geo_tools.zip
http://psx1.freeroms.com/psx_roms/ca/capcom_vs._snk_-_millennium_fight_2000_pro.zip
http://psx1.freeroms.com/psx_roms/ca/card_games.zip
http://psx1.freeroms.com/psx_roms/ca/cardinal_syn.zip
http://psx1.freeroms.com/psx_roms/ca/carnage_heart_[disc1of2].zip
http://psx1.freeroms.com/psx_roms/ca/carnage_heart_[disc2of2].zip
http://psx1.freeroms.com/psx_roms/ca/cart_world_series.zip
http://psx1.freeroms.com/psx_roms/ca/casper.zip
http://psx1.freeroms.com/psx_roms/ca/casper_-_friends_around_the_world.zip
http://psx1.freeroms.com/psx_roms/ca/castlevania_-_symphony_of_the_night.zip
http://psx1.freeroms.com/psx_roms/ca/castlevania_chronicles_(v1.1).zip
http://psx1.freeroms.com/psx_roms/ca/castrol_honda_superbike_racing.zip
http://psx1.freeroms.com/psx_roms/ca/cat_in_the_hat.zip
http://psx1.freeroms.com/psx_roms/ca/centipede.zip
http://psx1.freeroms.com/psx_roms/ca/championship_bass.zip
http://psx1.freeroms.com/psx_roms/ca/championship_motocross_-_featuring_ricky_carmichael.zip
http://psx1.freeroms.com/psx_roms/ca/championship_motocross_2001_-_ricky_carmichael.zip
http://psx1.freeroms.com/psx_roms/ca/championship_surfer.zip
http://psx1.freeroms.com/psx_roms/ca/chess.zip
http://psx1.freeroms.com/psx_roms/ca/chessmaster_3d.zip
http://psx1.freeroms.com/psx_roms/ca/chessmaster_ii.zip
http://psx1.freeroms.com/psx_roms/ca/chicken_run.zip
http://psx1.freeroms.com/psx_roms/ca/chocobo_racing.zip
http://psx1.freeroms.com/psx_roms/ca/chocobos_dungeon_2.zip
http://psx1.freeroms.com/psx_roms/ca/chronicles_of_the_sword_(u)_(psygnosis)_[cd1].zip
http://psx1.freeroms.com/psx_roms/ca/chronicles_of_the_sword_[disc2of2].zip
http://psx1.freeroms.com/psx_roms/ca/chrono_cross_(disc_1).zip
http://psx1.freeroms.com/psx_roms/ca/chrono_cross_(disc_2).zip
http://psx1.freeroms.com/psx_roms/ca/circuit_breakers.zip
http://psx1.freeroms.com/psx_roms/ca/city_of_lost_children.zip
http://psx1.freeroms.com/psx_roms/ca/civilization_ii.zip
http://psx1.freeroms.com/psx_roms/ca/cleopatras_fortune.zip
http://psx1.freeroms.com/psx_roms/ca/clock_tower.zip
http://psx1.freeroms.com/psx_roms/ca/clock_tower_ii_-_the_struggle_within.zip
http://psx1.freeroms.com/psx_roms/ca/code_breaker_(unl).zip
http://psx1.freeroms.com/psx_roms/ca/code_breaker_version_3_(unl).zip
http://psx1.freeroms.com/psx_roms/ca/codename_-_tenka.zip
http://psx1.freeroms.com/psx_roms/ca/colin_mcrae_rally.zip
http://psx1.freeroms.com/psx_roms/ca/college_slam.zip
http://psx1.freeroms.com/psx_roms/ca/colony_wars_(disc_1).zip
http://psx1.freeroms.com/psx_roms/ca/colony_wars_(disc_2).zip
http://psx1.freeroms.com/psx_roms/ca/colony_wars_-_red_sun.zip
http://psx1.freeroms.com/psx_roms/ca/colony_wars_-_vengeance.zip
http://psx1.freeroms.com/psx_roms/ca/command_%26_conquer_(disc_1)_(gdi_disc).zip
http://psx1.freeroms.com/psx_roms/ca/command_%26_conquer_(disc_2)_(nod_disc).zip
http://psx1.freeroms.com/psx_roms/ca/command_%26_conquer_-_red_alert_(disc_1)_(allies_disc).zip
http://psx1.freeroms.com/psx_roms/ca/command_%26_conquer_-_red_alert_(disc_2)_(soviet_disc).zip
http://psx1.freeroms.com/psx_roms/ca/command_%26_conquer_-_red_alert_-_retaliation_(disc_1)_(allies_disc).zip
http://psx1.freeroms.com/psx_roms/ca/command_%26_conquer_-_red_alert_-_retaliation_(disc_2)_(soviet_disc).zip
http://psx1.freeroms.com/psx_roms/ca/contender.zip
http://psx1.freeroms.com/psx_roms/ca/contender_2.zip
http://psx1.freeroms.com/psx_roms/ca/contra_-_legacy_of_war.zip
http://psx1.freeroms.com/psx_roms/ca/cool_boarders_-_extreme_snowboarding.zip
http://psx1.freeroms.com/psx_roms/ca/cool_boarders_2.zip
http://psx1.freeroms.com/psx_roms/ca/cool_boarders_2001.zip
http://psx1.freeroms.com/psx_roms/ca/cool_boarders_3.zip
http://psx1.freeroms.com/psx_roms/ca/cool_boarders_4.zip
http://psx1.freeroms.com/psx_roms/ca/cosmic_cookoff_-_language_arts.zip
http://psx1.freeroms.com/psx_roms/ca/cosmic_cookoff_-_mathematics.zip
http://psx1.freeroms.com/psx_roms/ca/countdown_vampires_[disc1of2].zip
http://psx1.freeroms.com/psx_roms/ca/countdown_vampires_[disc2of2].zip
http://psx1.freeroms.com/psx_roms/ca/courier_crisis.zip
http://psx1.freeroms.com/psx_roms/ca/covert_ops_-_nuclear_dawn_(disc_1).zip
http://psx1.freeroms.com/psx_roms/ca/covert_ops_-_nuclear_dawn_(disc_2).zip
http://psx1.freeroms.com/psx_roms/ca/crash_bandicoot.zip
http://psx1.freeroms.com/psx_roms/ca/crash_bandicoot_-_warped.zip
http://psx1.freeroms.com/psx_roms/ca/crash_bandicoot_2_-_cortex_strikes_back.zip
http://psx1.freeroms.com/psx_roms/ca/crash_bash.zip
http://psx1.freeroms.com/psx_roms/ca/crash_team_racing.zip
http://psx1.freeroms.com/psx_roms/ca/creative_camp.zip
http://psx1.freeroms.com/psx_roms/ca/creative_isle.zip
http://psx1.freeroms.com/psx_roms/ca/creative_journey_1.zip
http://psx1.freeroms.com/psx_roms/ca/creatures.zip
http://psx1.freeroms.com/psx_roms/ca/creatures_-_raised_in_space.zip
http://psx1.freeroms.com/psx_roms/ca/crime_killer.zip
http://psx1.freeroms.com/psx_roms/ca/critical_depth.zip
http://psx1.freeroms.com/psx_roms/ca/criticom.zip
http://psx1.freeroms.com/psx_roms/ca/croc_-_legend_of_the_gobbos.zip
http://psx1.freeroms.com/psx_roms/ca/croc_2.zip
http://psx1.freeroms.com/psx_roms/ca/crossroad_crisis.zip
http://psx1.freeroms.com/psx_roms/ca/crow;_the_-_city_of_angels.zip
http://psx1.freeroms.com/psx_roms/ca/crusader_-_no_remorse.zip
http://psx1.freeroms.com/psx_roms/ca/crusaders_of_might_and_magic.zip
http://psx1.freeroms.com/psx_roms/ca/crypt_killer.zip
http://psx1.freeroms.com/psx_roms/ca/ctr_-_crash_team_racing.zip
http://psx1.freeroms.com/psx_roms/ca/cubix_robots_for_everyone_-_racen_robots.zip
http://psx1.freeroms.com/psx_roms/ca/cyber_speed.zip
http://psx1.freeroms.com/psx_roms/ca/cyberia.zip
http://psx1.freeroms.com/psx_roms/ca/cybersled.zip
http://psx1.freeroms.com/psx_roms/ca/cybertiger.zip
http://psxone.freeroms.com/psx_roms/da/d_(disc_1).zip
http://psxone.freeroms.com/psx_roms/da/d_(disc_2).zip
http://psxone.freeroms.com/psx_roms/da/d_(disc_3).zip
http://psxone.freeroms.com/psx_roms/da/dance_dance_revolution_-_disney_mix.zip
http://psxone.freeroms.com/psx_roms/da/dance_dance_revolution_-_konamix.zip
http://psxone.freeroms.com/psx_roms/da/dance_dance_revolution_-_usa_mix.zip
http://psxone.freeroms.com/psx_roms/da/danger_girl.zip
http://psxone.freeroms.com/psx_roms/da/darklight_conflict.zip
http://psxone.freeroms.com/psx_roms/da/darkstalkers_-_the_night_warriors.zip
http://psxone.freeroms.com/psx_roms/da/darkstalkers_3.zip
http://psxone.freeroms.com/psx_roms/da/darkstone.zip
http://psxone.freeroms.com/psx_roms/da/dave_mirra_freestyle_bmx_(v1.1).zip
http://psxone.freeroms.com/psx_roms/da/dave_mirra_freestyle_bmx_-_maximum_remix.zip
http://psxone.freeroms.com/psx_roms/da/david_beckham_soccer.zip
http://psxone.freeroms.com/psx_roms/da/dead_ball_zone.zip
http://psxone.freeroms.com/psx_roms/da/dead_in_the_water.zip
http://psxone.freeroms.com/psx_roms/da/dead_or_alive.zip
http://psxone.freeroms.com/psx_roms/da/deathtrap_dungeon.zip
http://psxone.freeroms.com/psx_roms/da/deception_iii_-_dark_delusion.zip
http://psxone.freeroms.com/psx_roms/da/defcon_5_-_peace_has_a_price.zip
http://psxone.freeroms.com/psx_roms/da/delta_force_-_urban_warfare_(en,fr,es).zip
http://psxone.freeroms.com/psx_roms/da/demolition_racer.zip
http://psxone.freeroms.com/psx_roms/da/descent.zip
http://psxone.freeroms.com/psx_roms/da/descent_maximum.zip
http://psxone.freeroms.com/psx_roms/da/destrega.zip
http://psxone.freeroms.com/psx_roms/da/destruction_derby.zip
http://psxone.freeroms.com/psx_roms/da/destruction_derby_2.zip
http://psxone.freeroms.com/psx_roms/da/devil_dice.zip
http://psxone.freeroms.com/psx_roms/da/dexters_laboratory_-_mandarks_lab.zip
http://psxone.freeroms.com/psx_roms/da/diablo_(en,fr,de,sv).zip
http://psxone.freeroms.com/psx_roms/da/die_hard_trilogy_(v1.0).zip
http://psxone.freeroms.com/psx_roms/da/die_hard_trilogy_(v1.1).zip
http://psxone.freeroms.com/psx_roms/da/die_hard_trilogy_2_-_viva_las_vegas.zip
http://psxone.freeroms.com/psx_roms/da/digimon_-_digital_card_battle.zip
http://psxone.freeroms.com/psx_roms/da/digimon_rumble_arena.zip
http://psxone.freeroms.com/psx_roms/da/digimon_world_2.zip
http://psxone.freeroms.com/psx_roms/da/digimon_world_3.zip
http://psxone.freeroms.com/psx_roms/da/dino_crisis_(demo).zip
http://psxone.freeroms.com/psx_roms/da/dino_crisis_(v1.0).zip
http://psxone.freeroms.com/psx_roms/da/dino_crisis_(v1.1).zip
http://psxone.freeroms.com/psx_roms/da/dino_crisis_2.zip
http://psxone.freeroms.com/psx_roms/da/dirt_jockey_-_heavy_equipment_operator.zip
http://psxone.freeroms.com/psx_roms/da/discworld.zip
http://psxone.freeroms.com/psx_roms/da/discworld_ii_-_mortality_bytes!.zip
http://psxone.freeroms.com/psx_roms/da/disney_presents_tiggers_honey_hunt.zip
http://psxone.freeroms.com/psx_roms/da/disney_world_quest_-_magical_racing_tour.zip
http://psxone.freeroms.com/psx_roms/da/disneys_101_dalmations_ii_-_patchs_london_adventure.zip
http://psxone.freeroms.com/psx_roms/da/disneys_dinosaur.zip
http://psxone.freeroms.com/psx_roms/da/disneys_goofys_fun_house.zip
http://psxone.freeroms.com/psx_roms/da/disneys_mulan_-_story_studio.zip
http://psxone.freeroms.com/psx_roms/da/disneys_peter_pan_in_return_to_neverland.zip
http://psxone.freeroms.com/psx_roms/da/disneys_poohs_party_game_-_in_search_of_the_treasure.zip
http://psxone.freeroms.com/psx_roms/da/disneys_the_emperors_new_groove.zip
http://psxone.freeroms.com/psx_roms/da/disneys_the_jungle_book_-_rhythm_n_groove_party.zip
http://psxone.freeroms.com/psx_roms/da/disneys_the_lion_king_ii-_simbas_mighty_adventure.zip
http://psxone.freeroms.com/psx_roms/da/disneys_the_little_mermaid_ii.zip
http://psxone.freeroms.com/psx_roms/da/disneys_the_road_to_el_dorado_-_gold_%26_glory.zip
http://psxone.freeroms.com/psx_roms/da/disneys_toy_story_2_-_buzz_lightyear_to_the_rescue.zip
http://psxone.freeroms.com/psx_roms/da/disneys_toy_story_racer.zip
http://psxone.freeroms.com/psx_roms/da/disney-pixars_a_bugs_life.zip
http://psxone.freeroms.com/psx_roms/da/disney-pixars_monsters,_inc._-_scream_team.zip
http://psxone.freeroms.com/psx_roms/da/disney-pixars_toy_story_2_-_buzz_lightyear_to_the_rescue!.zip
http://psxone.freeroms.com/psx_roms/da/disneys_102_dalmatians_-_puppies_to_the_rescue.zip
http://psxone.freeroms.com/psx_roms/da/disneys_aladdin_in_nasiras_revenge.zip
http://psxone.freeroms.com/psx_roms/da/disneys_tarzan.zip
http://psxone.freeroms.com/psx_roms/da/disneys_treasure_planet.zip
http://psxone.freeroms.com/psx_roms/da/disneys_winnie_the_pooh_-_kindergarten.zip
http://psxone.freeroms.com/psx_roms/da/disneys_winnie_the_pooh_-_preschool.zip
http://psxone.freeroms.com/psx_roms/da/disruptor.zip
http://psxone.freeroms.com/psx_roms/da/divide;_the_-_enemies_within.zip
http://psxone.freeroms.com/psx_roms/da/donald_duck_-_goin_quackers.zip
http://psxone.freeroms.com/psx_roms/da/doom.zip
http://psxone.freeroms.com/psx_roms/da/dora_the_explorer_-_barnyard_buddies.zip
http://psxone.freeroms.com/psx_roms/da/dracula_-_the_last_sanctuary_(disc_1).zip
http://psxone.freeroms.com/psx_roms/da/dracula_-_the_last_sanctuary_(disc_2).zip
http://psxone.freeroms.com/psx_roms/da/dracula_-_the_resurrection_[disc1of2].zip
http://psxone.freeroms.com/psx_roms/da/dracula_-_the_resurrection_[disc2of2].zip
http://psxone.freeroms.com/psx_roms/da/dragon_seed.zip
http://psxone.freeroms.com/psx_roms/da/dragon_tales_-_dragonseek.zip
http://psxone.freeroms.com/psx_roms/da/dragon_valor_[disc1of2].zip
http://psxone.freeroms.com/psx_roms/da/dragon_valor_[disc2of2].zip
http://psxone.freeroms.com/psx_roms/da/dragon_warrior_vii_(disc_1).zip
http://psxone.freeroms.com/psx_roms/da/dragon_warrior_vii_(disc_2).zip
http://psxone.freeroms.com/psx_roms/da/dragonball_gt_-_final_bout.zip
http://psxone.freeroms.com/psx_roms/da/dragonball_z_-_ultimate_battle_22.zip
http://psxone.freeroms.com/psx_roms/da/dragonheart_-_fire_and_steel.zip
http://psxone.freeroms.com/psx_roms/da/driver_-_you_are_the_wheelman.zip
http://psxone.freeroms.com/psx_roms/da/driver_-_you_are_the_wheelman_(demo).zip
http://psxone.freeroms.com/psx_roms/da/driver_2_(v1.0)_(disc_1).zip
http://psxone.freeroms.com/psx_roms/da/driver_2_(v1.0)_(disc_2).zip
http://psxone.freeroms.com/psx_roms/da/driver_2_(v1.1)_(disc_1).zip
http://psxone.freeroms.com/psx_roms/da/driver_2_(v1.1)_(disc_2).zip
http://psxone.freeroms.com/psx_roms/da/ducati_world_-_racing_challenge.zip
http://psxone.freeroms.com/psx_roms/da/ducati_world_racing.zip
http://psxone.freeroms.com/psx_roms/da/duke_nukem_-_land_of_the_babes.zip
http://psxone.freeroms.com/psx_roms/da/duke_nukem_-_time_to_kill.zip
http://psxone.freeroms.com/psx_roms/da/duke_nukem_-_total_meltdown.zip
http://psxone.freeroms.com/psx_roms/da/dukes_of_hazzard_ii,_the_-_daisy_dukes_it_out.zip
http://psxone.freeroms.com/psx_roms/da/dukes_of_hazzard,_the_-_racing_for_home.zip
http://psxone.freeroms.com/psx_roms/da/dune_2000.zip
http://psxone.freeroms.com/psx_roms/da/dynasty_warriors.zip
http://psx1.freeroms.com/psx_roms/ea/eagle_one_-_harrier_attack.zip
http://psx1.freeroms.com/psx_roms/ea/easter_bunnys_big_day.zip
http://psx1.freeroms.com/psx_roms/ea/echo_night.zip
http://psx1.freeroms.com/psx_roms/ea/ecw_anarchy_rulz.zip
http://psx1.freeroms.com/psx_roms/ea/ecw_hardcore_revolution.zip
http://psx1.freeroms.com/psx_roms/ea/eggs_of_steel_-_charlies_eggcellent_adventure.zip
http://psx1.freeroms.com/psx_roms/ea/ehrgeiz_-_god_bless_the_ring.zip
http://psx1.freeroms.com/psx_roms/ea/einhander.zip
http://psx1.freeroms.com/psx_roms/ea/eliminator.zip
http://psx1.freeroms.com/psx_roms/ea/elmos_letter_adventure.zip
http://psx1.freeroms.com/psx_roms/ea/elmos_number_journey.zip
http://psx1.freeroms.com/psx_roms/ea/epidemic.zip
http://psx1.freeroms.com/psx_roms/ea/equestrian_showcase.zip
http://psx1.freeroms.com/psx_roms/ea/espn_extreme_games.zip
http://psx1.freeroms.com/psx_roms/ea/espn_mls_gamenight.zip
http://psx1.freeroms.com/psx_roms/ea/espn_x-games_proboarder.zip
http://psx1.freeroms.com/psx_roms/ea/et_-_the_extra-terrestrial_-_interplanetary_mission.zip
http://psx1.freeroms.com/psx_roms/ea/evil_dead_-_hail_to_the_king_(disc_1).zip
http://psx1.freeroms.com/psx_roms/ea/evil_dead_-_hail_to_the_king_(disc_2).zip
http://psx1.freeroms.com/psx_roms/ea/evil_zone.zip
http://psx1.freeroms.com/psx_roms/ea/excalibur_2555_a.d..zip
http://psx1.freeroms.com/psx_roms/ea/extreme_go-kart_racing.zip
http://psx1.freeroms.com/psx_roms/ea/extreme_pinball.zip
http://psxone.freeroms.com/psx_roms/fa/f1_2000.zip
http://psxone.freeroms.com/psx_roms/fa/f1_championship_season_2000.zip
http://psxone.freeroms.com/psx_roms/fa/f1_world_grand_prix_2000.zip
http://psxone.freeroms.com/psx_roms/fa/fade_to_black.zip
http://psxone.freeroms.com/psx_roms/fa/faire_games_-_language_arts.zip
http://psxone.freeroms.com/psx_roms/fa/faire_games_-_mathematics.zip
http://psxone.freeroms.com/psx_roms/fa/family_card_game_fun_pak.zip
http://psxone.freeroms.com/psx_roms/fa/family_feud.zip
http://psxone.freeroms.com/psx_roms/fa/family_game_pack.zip
http://psxone.freeroms.com/psx_roms/fa/fantastic_four.zip
http://psxone.freeroms.com/psx_roms/fa/fatal_fury_-_wild_ambition.zip
http://psxone.freeroms.com/psx_roms/fa/fear_effect_(disc_1).zip
http://psxone.freeroms.com/psx_roms/fa/fear_effect_(disc_2).zip
http://psxone.freeroms.com/psx_roms/fa/fear_effect_(disc_3).zip
http://psxone.freeroms.com/psx_roms/fa/fear_effect_(disc_4).zip
http://psxone.freeroms.com/psx_roms/fa/fear_effect_2_-_retro_helix_(disc_1).zip
http://psxone.freeroms.com/psx_roms/fa/fear_effect_2_-_retro_helix_(disc_2).zip
http://psxone.freeroms.com/psx_roms/fa/fear_effect_2_-_retro_helix_(disc_3).zip
http://psxone.freeroms.com/psx_roms/fa/fear_effect_2_-_retro_helix_(disc_4).zip
http://psxone.freeroms.com/psx_roms/fa/felony_11-79.zip
http://psxone.freeroms.com/psx_roms/fa/fifa_-_road_to_world_cup_98.zip
http://psxone.freeroms.com/psx_roms/fa/fifa_2000_-_major_league_soccer.zip
http://psxone.freeroms.com/psx_roms/fa/fifa_2001.zip
http://psxone.freeroms.com/psx_roms/fa/fifa_2002.zip
http://psxone.freeroms.com/psx_roms/fa/fifa_99.zip
http://psxone.freeroms.com/psx_roms/fa/fifa_soccer_97.zip
http://psxone.freeroms.com/psx_roms/fa/fifa_soccer_2003.zip
http://psxone.freeroms.com/psx_roms/fa/fifa_soccer_2004.zip
http://psxone.freeroms.com/psx_roms/fa/fifa_soccer_2005.zip
http://psxone.freeroms.com/psx_roms/fa/fifa_soccer_96.zip
http://psxone.freeroms.com/psx_roms/fa/fifa_world_cup_2002.zip
http://psxone.freeroms.com/psx_roms/fa/fifth_element,_the.zip
http://psxone.freeroms.com/psx_roms/fa/fighter_maker.zip
http://psxone.freeroms.com/psx_roms/fa/fighting_force.zip
http://psxone.freeroms.com/psx_roms/fa/fighting_force_2.zip
http://psxone.freeroms.com/psx_roms/fa/final_doom.zip
http://psxone.freeroms.com/psx_roms/fa/final_fantasy_anthology_-_final_fantasy_v_(v1.0).zip
http://psxone.freeroms.com/psx_roms/fa/final_fantasy_anthology_-_final_fantasy_v_(v1.1).zip
http://psxone.freeroms.com/psx_roms/fa/final_fantasy_anthology_-_final_fantasy_vi_(v1.0).zip
http://psxone.freeroms.com/psx_roms/fa/final_fantasy_anthology_-_final_fantasy_vi_(v1.1).zip
http://psxone.freeroms.com/psx_roms/fa/final_fantasy_chronicles_-_chrono_trigger_(v1.0).zip
http://psxone.freeroms.com/psx_roms/fa/final_fantasy_chronicles_-_chrono_trigger_(v1.1).zip
http://psxone.freeroms.com/psx_roms/fa/final_fantasy_chronicles_-_final_fantasy_iv_(v1.0).zip
http://psxone.freeroms.com/psx_roms/fa/final_fantasy_chronicles_-_final_fantasy_iv_(v1.1).zip
http://psxone.freeroms.com/psx_roms/fa/final_fantasy_ix_(v1.0)_(disc_1).zip
http://psxone.freeroms.com/psx_roms/fa/final_fantasy_ix_(v1.0)_(disc_2).zip
http://psxone.freeroms.com/psx_roms/fa/final_fantasy_ix_(v1.0)_(disc_3).zip
http://psxone.freeroms.com/psx_roms/fa/final_fantasy_ix_(v1.0)_(disc_4).zip
http://psxone.freeroms.com/psx_roms/fa/final_fantasy_ix_(v1.1)_(disc_1).zip
http://psxone.freeroms.com/psx_roms/fa/final_fantasy_ix_(v1.1)_(disc_2).zip
http://psxone.freeroms.com/psx_roms/fa/final_fantasy_ix_(v1.1)_(disc_3).zip
http://psxone.freeroms.com/psx_roms/fa/final_fantasy_ix_(v1.1)_(disc_4).zip
http://psxone.freeroms.com/psx_roms/fa/final_fantasy_origins_(v1.1).zip
http://psxone.freeroms.com/psx_roms/fa/final_fantasy_origins_(v1.2).zip
http://psxone.freeroms.com/psx_roms/fa/final_fantasy_tactics.zip
http://psxone.freeroms.com/psx_roms/fa/final_fantasy_vii_(disc_1).zip
http://psxone.freeroms.com/psx_roms/fa/final_fantasy_vii_(disc_2).zip
http://psxone.freeroms.com/psx_roms/fa/final_fantasy_vii_(disc_3).zip
http://psxone.freeroms.com/psx_roms/fa/final_fantasy_viii_(disc_1).zip
http://psxone.freeroms.com/psx_roms/fa/final_fantasy_viii_(disc_2).zip
http://psxone.freeroms.com/psx_roms/fa/final_fantasy_viii_(disc_3).zip
http://psxone.freeroms.com/psx_roms/fa/final_fantasy_viii_(disc_4).zip
http://psxone.freeroms.com/psx_roms/fa/final_round,_the.zip
http://psxone.freeroms.com/psx_roms/fa/fishermans_bait.zip
http://psxone.freeroms.com/psx_roms/fa/fishermans_bait_-_big_ol_bass_2.zip
http://psxone.freeroms.com/psx_roms/fa/fishermans_bait_2_-_big_ol_bass.zip
http://psxone.freeroms.com/psx_roms/fa/flintstones_bedrock_bowling.zip
http://psxone.freeroms.com/psx_roms/fa/floating_runner_-_quest_for_the_7_crystals.zip
http://psxone.freeroms.com/psx_roms/fa/ford_racing.zip
http://psxone.freeroms.com/psx_roms/fa/ford_truck_mania.zip
http://psxone.freeroms.com/psx_roms/fa/formula_1.zip
http://psxone.freeroms.com/psx_roms/fa/formula_1_98.zip
http://psxone.freeroms.com/psx_roms/fa/formula_1_championship_edition.zip
http://psxone.freeroms.com/psx_roms/fa/formula_1_championship_season_2000.zip
http://psxone.freeroms.com/psx_roms/fa/formula_one_99.zip
http://psxone.freeroms.com/psx_roms/fa/formula_one_2000.zip
http://psxone.freeroms.com/psx_roms/fa/forsaken.zip
http://psxone.freeroms.com/psx_roms/fa/fox_hunt_(disc_1).zip
http://psxone.freeroms.com/psx_roms/fa/fox_hunt_(disc_2).zip
http://psxone.freeroms.com/psx_roms/fa/fox_hunt_(disc_3).zip
http://psxone.freeroms.com/psx_roms/fa/fox_sports_golf_99.zip
http://psxone.freeroms.com/psx_roms/fa/fox_sports_nba_basketball_2000.zip
http://psxone.freeroms.com/psx_roms/fa/fox_sports_nhl_championship_2000.zip
http://psxone.freeroms.com/psx_roms/fa/fox_sports_soccer_99.zip
http://psxone.freeroms.com/psx_roms/fa/foxkids.com_-_micro_maniacs_racing.zip
http://psxone.freeroms.com/psx_roms/fa/frank_thomas_big_hurt_baseball.zip
http://psxone.freeroms.com/psx_roms/fa/freestyle_boardin_99.zip
http://psxone.freeroms.com/psx_roms/fa/frogger.zip
http://psxone.freeroms.com/psx_roms/fa/frogger_2_-_swampys_revenge.zip
http://psxone.freeroms.com/psx_roms/fa/front_mission_3.zip
http://psxone.freeroms.com/psx_roms/fa/future_cop_l.a.p.d..zip
http://psx1.freeroms.com/psx_roms/ga/g-darius.zip
http://psx1.freeroms.com/psx_roms/ga/g-police_(disc_1).zip
http://psx1.freeroms.com/psx_roms/ga/g-police_(disc_2).zip
http://psx1.freeroms.com/psx_roms/ga/g-police_2_-_weapons_of_justice.zip
http://psx1.freeroms.com/psx_roms/ga/galaga_-_destination_earth.zip
http://psx1.freeroms.com/psx_roms/ga/galerians_(disc_1).zip
http://psx1.freeroms.com/psx_roms/ga/galerians_(disc_2).zip
http://psx1.freeroms.com/psx_roms/ga/galerians_(disc_3).zip
http://psx1.freeroms.com/psx_roms/ga/gallop_racer.zip
http://psx1.freeroms.com/psx_roms/ga/game_of_life,_the.zip
http://psx1.freeroms.com/psx_roms/ga/gameshark_version_4.0_(unl).zip
http://psx1.freeroms.com/psx_roms/ga/gameshark_version_5.zip
http://psx1.freeroms.com/psx_roms/ga/gauntlet_legends.zip
http://psx1.freeroms.com/psx_roms/ga/gekido_-_urban_fighters.zip
http://psx1.freeroms.com/psx_roms/ga/gekioh_-_shooting_king.zip
http://psx1.freeroms.com/psx_roms/ga/geom_cube.zip
http://psx1.freeroms.com/psx_roms/ga/gex.zip
http://psx1.freeroms.com/psx_roms/ga/gex_-_enter_the_gecko.zip
http://psx1.freeroms.com/psx_roms/ga/gex_3_-_deep_cover_gecko_(v1.1).zip
http://psx1.freeroms.com/psx_roms/ga/ghost_in_the_shell.zip
http://psx1.freeroms.com/psx_roms/ga/global_domination.zip
http://psx1.freeroms.com/psx_roms/ga/glover.zip
http://psx1.freeroms.com/psx_roms/ga/goal_storm.zip
http://psx1.freeroms.com/psx_roms/ga/goal_storm_97.zip
http://psx1.freeroms.com/psx_roms/ga/golden_nugget_(disc_1).zip
http://psx1.freeroms.com/psx_roms/ga/golden_nugget_(disc_2).zip
http://psx1.freeroms.com/psx_roms/ga/golden_tee_golf_-_peter_jacobsons.zip
http://psx1.freeroms.com/psx_roms/ga/gran_turismo_(v1.0).zip
http://psx1.freeroms.com/psx_roms/ga/gran_turismo_(v1.1).zip
http://psx1.freeroms.com/psx_roms/ga/gran_turismo_2_(v1.0)_(disc_1)_(arcade_mode_disc).zip
http://psx1.freeroms.com/psx_roms/ga/gran_turismo_2_(v1.0)_(disc_2)_(simulation_mode_disc).zip
http://psx1.freeroms.com/psx_roms/ga/gran_turismo_2_(v1.1)_(disc_1)_(arcade_mode_disc).zip
http://psx1.freeroms.com/psx_roms/ga/gran_turismo_2_(v1.1)_(disc_2)_(simulation_mode_disc).zip
http://psx1.freeroms.com/psx_roms/ga/grand_slam_97.zip
http://psx1.freeroms.com/psx_roms/ga/grand_theft_auto.zip
http://psx1.freeroms.com/psx_roms/ga/grand_theft_auto_-_mission_pack_1_-_london_1969.zip
http://psx1.freeroms.com/psx_roms/ga/grand_theft_auto_2.zip
http://psx1.freeroms.com/psx_roms/ga/grand_tour_racing_98.zip
http://psx1.freeroms.com/psx_roms/ga/grandia_(disc_1).zip
http://psx1.freeroms.com/psx_roms/ga/grandia_(disc_2).zip
http://psx1.freeroms.com/psx_roms/ga/granstream_saga,_the.zip
http://psx1.freeroms.com/psx_roms/ga/grid_runner.zip
http://psx1.freeroms.com/psx_roms/ga/grinch,_the.zip
http://psx1.freeroms.com/psx_roms/ga/grind_session.zip
http://psx1.freeroms.com/psx_roms/ga/grudge_warriors.zip
http://psx1.freeroms.com/psx_roms/ga/guardians_crusade.zip
http://psx1.freeroms.com/psx_roms/ga/gubble.zip
http://psx1.freeroms.com/psx_roms/ga/guilty_gear.zip
http://psx1.freeroms.com/psx_roms/ga/gundam_battle_assault.zip
http://psx1.freeroms.com/psx_roms/ga/gundam_battle_assault_2.zip
http://psx1.freeroms.com/psx_roms/ga/gunfighter_-_the_legend_of_jesse_james.zip
http://psx1.freeroms.com/psx_roms/ga/gunship.zip
http://psxone.freeroms.com/psx_roms/ha/hardball_5.zip
http://psxone.freeroms.com/psx_roms/ha/hardball_99.zip
http://psxone.freeroms.com/psx_roms/ha/harry_potter_and_the_chamber_of_secrets_(en,fr,es).zip
http://psxone.freeroms.com/psx_roms/ha/harry_potter_and_the_sorcerers_stone_(en,fr,es).zip
http://psxone.freeroms.com/psx_roms/ha/harvest_moon_-_back_to_nature.zip
http://psxone.freeroms.com/psx_roms/ha/hbo_boxing.zip
http://psxone.freeroms.com/psx_roms/ha/heart_of_darkness_(disc_1).zip
http://psxone.freeroms.com/psx_roms/ha/heart_of_darkness_(disc_2).zip
http://psxone.freeroms.com/psx_roms/ha/hellboy_-_asylum_seeker.zip
http://psxone.freeroms.com/psx_roms/ha/hello_kitty_-_cube_frenzy.zip
http://psxone.freeroms.com/psx_roms/ha/hercs_adventures.zip
http://psxone.freeroms.com/psx_roms/ha/hexen_-_beyond_heretic.zip
http://psxone.freeroms.com/psx_roms/ha/hi-octane_-_the_track_fights_back.zip
http://psxone.freeroms.com/psx_roms/ha/high_heat_-_major_league_baseball_2002.zip
http://psxone.freeroms.com/psx_roms/ha/high_heat_baseball_2000.zip
http://psxone.freeroms.com/psx_roms/ha/hive,_the_[disc1of2].zip
http://psxone.freeroms.com/psx_roms/ha/hive,_the_[disc2of2].zip
http://psxone.freeroms.com/psx_roms/ha/hogs_of_war.zip
http://psxone.freeroms.com/psx_roms/ha/hooters_road_trip.zip
http://psxone.freeroms.com/psx_roms/ha/hoshigami_-_running_blue_earth.zip
http://psxone.freeroms.com/psx_roms/ha/hot_shots_golf.zip
http://psxone.freeroms.com/psx_roms/ha/hot_shots_golf_2.zip
http://psxone.freeroms.com/psx_roms/ha/hot_wheels_-_extreme_racing.zip
http://psxone.freeroms.com/psx_roms/ha/hot_wheels_-_turbo_racing.zip
http://psxone.freeroms.com/psx_roms/ha/hugo_-_the_evil_mirror.zip
http://psxone.freeroms.com/psx_roms/ha/hydro_thunder.zip
http://psx1.freeroms.com/psx_roms/ia/i.q_-_intelligent_qube.zip
http://psx1.freeroms.com/psx_roms/ia/ihra_drag_racing.zip
http://psx1.freeroms.com/psx_roms/ia/impact_racing.zip
http://psx1.freeroms.com/psx_roms/ia/in_cold_blood_(disc_1).zip
http://psx1.freeroms.com/psx_roms/ia/in_cold_blood_(disc_2).zip
http://psx1.freeroms.com/psx_roms/ia/in_the_hunt.zip
http://psx1.freeroms.com/psx_roms/ia/incredible_crisis.zip
http://psx1.freeroms.com/psx_roms/ia/incredible_hulk,_the_-_the_pantheon_saga.zip
http://psx1.freeroms.com/psx_roms/ia/independence_day.zip
http://psx1.freeroms.com/psx_roms/ia/inspector_gadget_-_gadgets_crazy_maze.zip
http://psx1.freeroms.com/psx_roms/ia/intelligent_qube.zip
http://psx1.freeroms.com/psx_roms/ia/intellivision_classics.zip
http://psx1.freeroms.com/psx_roms/ia/interactive_cd_sampler_demo_pack_vol._07.zip
http://psx1.freeroms.com/psx_roms/ia/interactive_cd_sampler_demo_pack_vol._08.zip
http://psx1.freeroms.com/psx_roms/ia/interactive_cd_sampler_demo_pack_vol._09.zip
http://psx1.freeroms.com/psx_roms/ia/international_track_%26_field.zip
http://psx1.freeroms.com/psx_roms/ia/international_track_%26_field_2000.zip
http://psx1.freeroms.com/psx_roms/ia/interplay_sports_baseball_2000.zip
http://psx1.freeroms.com/psx_roms/ia/inuyasha_-_a_feudal_fairy_tale.zip
http://psx1.freeroms.com/psx_roms/ia/inuyasha_-_a_feudal_fairy_tale_(en,ja)_(v1.1).zip
http://psx1.freeroms.com/psx_roms/ia/invasion_from_beyond_-_b-movie.zip
http://psx1.freeroms.com/psx_roms/ia/iron_%26_blood_-_warriors_of_ravenloft.zip
http://psx1.freeroms.com/psx_roms/ia/iron_soldier_3.zip
http://psx1.freeroms.com/psx_roms/ia/ironman_and_x-o_manowar_in_heavy_metal.zip
http://psx1.freeroms.com/psx_roms/ia/irritating_stick.zip
http://psx1.freeroms.com/psx_roms/ia/iss_pro_evolution.zip
http://psx1.freeroms.com/psx_roms/ia/iss_soccer_pro_98.zip
http://psx1.freeroms.com/psx_roms/ia/italian_job,_the.zip
http://psxone.freeroms.com/psx_roms/ja/jackie_chan_stuntmaster.zip
http://psxone.freeroms.com/psx_roms/ja/jade_cocoon_-_story_of_the_tamamayu.zip
http://psxone.freeroms.com/psx_roms/ja/jade_cocoon_-_story_of_the_tamamayu_(demo).zip
http://psxone.freeroms.com/psx_roms/ja/jarrett_%26_labonte_stock_car_racing.zip
http://psxone.freeroms.com/psx_roms/ja/jeopardy!.zip
http://psxone.freeroms.com/psx_roms/ja/jeopardy!_-_2nd_edition.zip
http://psxone.freeroms.com/psx_roms/ja/jeremy_mcgrath_supercross_98.zip
http://psxone.freeroms.com/psx_roms/ja/jeremy_mcgrath_supercross_2000.zip
http://psxone.freeroms.com/psx_roms/ja/jersey_devil.zip
http://psxone.freeroms.com/psx_roms/ja/jet_moto.zip
http://psxone.freeroms.com/psx_roms/ja/jet_moto_2.zip
http://psxone.freeroms.com/psx_roms/ja/jet_moto_3.zip
http://psxone.freeroms.com/psx_roms/ja/jigsaw_madness.zip
http://psxone.freeroms.com/psx_roms/ja/jimmy_johnsons_vr_football_98.zip
http://psxone.freeroms.com/psx_roms/ja/jimmy_whites_2_-_cueball.zip
http://psxone.freeroms.com/psx_roms/ja/johnny_bazookatone.zip
http://psxone.freeroms.com/psx_roms/ja/jojos_bizarre_adventure.zip
http://psxone.freeroms.com/psx_roms/ja/judge_dredd.zip
http://psxone.freeroms.com/psx_roms/ja/juggernaut_[disc1of3].zip
http://psxone.freeroms.com/psx_roms/ja/juggernaut_[disc2of3].zip
http://psxone.freeroms.com/psx_roms/ja/juggernaut_[disc3of3].zip
http://psxone.freeroms.com/psx_roms/ja/jumping_flash!.zip
http://psxone.freeroms.com/psx_roms/ja/jumping_flash!_2.zip
http://psxone.freeroms.com/psx_roms/ja/jumpstart_-_wildlife_safari.zip
http://psxone.freeroms.com/psx_roms/ja/junior_league_dodgeball.zip
http://psxone.freeroms.com/psx_roms/ja/jupiter_strike.zip
http://psx1.freeroms.com/psx_roms/ka/k-1_-_the_arena_fighters_-_in_the_red_corner.zip
http://psx1.freeroms.com/psx_roms/ka/k-1_grand_prix.zip
http://psx1.freeroms.com/psx_roms/ka/k-1_revenge.zip
http://psx1.freeroms.com/psx_roms/ka/k9.5_1_-_live_in_airedale.zip
http://psx1.freeroms.com/psx_roms/ka/k9.5_2_-_we_are_the_dogs!.zip
http://psx1.freeroms.com/psx_roms/ka/k9.5_3_-_webtunes.zip
http://psx1.freeroms.com/psx_roms/ka/k9.5_4_-_the_tail-wag_tour.zip
http://psx1.freeroms.com/psx_roms/ka/k9.5_5_-_the_howlywood_premiere.zip
http://psx1.freeroms.com/psx_roms/ka/kagero_-_deception_ii.zip
http://psx1.freeroms.com/psx_roms/ka/kartia_-_the_word_of_fate.zip
http://psx1.freeroms.com/psx_roms/ka/kazmania_1_-_trail_of_gems.zip
http://psx1.freeroms.com/psx_roms/ka/kazmania_2_-_chaos_in_kazmania.zip
http://psx1.freeroms.com/psx_roms/ka/kensei_-_sacred_fist.zip
http://psx1.freeroms.com/psx_roms/ka/kickboxing.zip
http://psx1.freeroms.com/psx_roms/ka/kileak_-_the_dna_imperative.zip
http://psx1.freeroms.com/psx_roms/ka/killer_loop.zip
http://psx1.freeroms.com/psx_roms/ka/killing_zone.zip
http://psx1.freeroms.com/psx_roms/ka/king_of_fighters_95.zip
http://psx1.freeroms.com/psx_roms/ka/king_of_fighters,_the_99.zip
http://psx1.freeroms.com/psx_roms/ka/kings_field.zip
http://psx1.freeroms.com/psx_roms/ka/kings_field_ii.zip
http://psx1.freeroms.com/psx_roms/ka/kingsley`s_adventure.zip
http://psx1.freeroms.com/psx_roms/ka/kiss_pinball.zip
http://psx1.freeroms.com/psx_roms/ka/klonoa_-_door_to_phantomile.zip
http://psx1.freeroms.com/psx_roms/ka/knockout_kings.zip
http://psx1.freeroms.com/psx_roms/ka/knockout_kings_2000.zip
http://psx1.freeroms.com/psx_roms/ka/knockout_kings_2001.zip
http://psx1.freeroms.com/psx_roms/ka/konami_arcade_classics.zip
http://psx1.freeroms.com/psx_roms/ka/koudelka_(disc_1).zip
http://psx1.freeroms.com/psx_roms/ka/koudelka_(disc_2).zip
http://psx1.freeroms.com/psx_roms/ka/koudelka_(disc_3).zip
http://psx1.freeroms.com/psx_roms/ka/koudelka_(disc_4).zip
http://psx1.freeroms.com/psx_roms/ka/krazy_ivan.zip
http://psx1.freeroms.com/psx_roms/ka/kurt_warners_arena_football_unleashed.zip
http://psxone.freeroms.com/psx_roms/la/land_before_time_-_big_water_adventure.zip
http://psxone.freeroms.com/psx_roms/la/land_before_time_-_return_to_the_great_valley.zip
http://psxone.freeroms.com/psx_roms/la/land_before_time,_the_-_great_valley_racing_adventure.zip
http://psxone.freeroms.com/psx_roms/la/largo_winch_-_commando_sar.zip
http://psxone.freeroms.com/psx_roms/la/league_of_pain_-_professional_underground.zip
http://psxone.freeroms.com/psx_roms/la/legacy_of_kain_-_soul_reaver.zip
http://psxone.freeroms.com/psx_roms/la/legend_of_dragoon,_the_(disc_1).zip
http://psxone.freeroms.com/psx_roms/la/legend_of_dragoon,_the_(disc_2).zip
http://psxone.freeroms.com/psx_roms/la/legend_of_dragoon,_the_(disc_3).zip
http://psxone.freeroms.com/psx_roms/la/legend_of_dragoon,_the_(disc_4).zip
http://psxone.freeroms.com/psx_roms/la/legend_of_legaia.zip
http://psxone.freeroms.com/psx_roms/la/legend_of_mana.zip
http://psxone.freeroms.com/psx_roms/la/lego_-_rock_raiders.zip
http://psxone.freeroms.com/psx_roms/la/lego_island_2.zip
http://psxone.freeroms.com/psx_roms/la/lego_racers.zip
http://psxone.freeroms.com/psx_roms/la/lemmings_%26_oh_no!_more_lemmings.zip
http://psxone.freeroms.com/psx_roms/la/lemmings_3d.zip
http://psxone.freeroms.com/psx_roms/la/lethal_enforcers_i_%26_ii.zip
http://psxone.freeroms.com/psx_roms/la/liquid_books_adventure_1_-_letys_favorite_stories.zip
http://psxone.freeroms.com/psx_roms/la/liquid_books_adventure_2_-_amritas_trees_and_cerdito_and_the_coyote.zip
http://psxone.freeroms.com/psx_roms/la/liquid_books_adventure_5_-_pop-out_prose.zip
http://psxone.freeroms.com/psx_roms/la/liquid_books_adventure_6_-_the_wandering_path.zip
http://psxone.freeroms.com/psx_roms/la/loaded.zip
http://psxone.freeroms.com/psx_roms/la/lode_runner.zip
http://psxone.freeroms.com/psx_roms/la/looney_toons_sheep_raider.zip
http://psxone.freeroms.com/psx_roms/la/looney_tunes_racing.zip
http://psxone.freeroms.com/psx_roms/la/lucky_luke.zip
http://psxone.freeroms.com/psx_roms/la/lunar_-_silver_star_story_complete_(disc_1).zip
http://psxone.freeroms.com/psx_roms/la/lunar_-_silver_star_story_complete_(disc_2).zip
http://psxone.freeroms.com/psx_roms/la/lunar_-_silver_star_story_complete_(the_making_of).zip
http://psxone.freeroms.com/psx_roms/la/lunar_2_-_eternal_blue_complete_(demo).zip
http://psxone.freeroms.com/psx_roms/la/lunar_2_-_eternal_blue_complete_(disc_1).zip
http://psxone.freeroms.com/psx_roms/la/lunar_2_-_eternal_blue_complete_(disc_2).zip
http://psxone.freeroms.com/psx_roms/la/lunar_2_-_eternal_blue_complete_(disc_3).zip
http://psxone.freeroms.com/psx_roms/la/lunar_2_-_eternal_blue_complete_(the_making_of).zip
http://psx1.freeroms.com/psx_roms/ma/m%26m_shell_shocked.zip
http://psx1.freeroms.com/psx_roms/ma/machine_head.zip
http://psx1.freeroms.com/psx_roms/ma/machine_hunter.zip
http://psx1.freeroms.com/psx_roms/ma/madden_97.zip
http://psx1.freeroms.com/psx_roms/ma/madden_nfl_2000.zip
http://psx1.freeroms.com/psx_roms/ma/madden_nfl_2001.zip
http://psx1.freeroms.com/psx_roms/ma/madden_nfl_2002.zip
http://psx1.freeroms.com/psx_roms/ma/madden_nfl_2003.zip
http://psx1.freeroms.com/psx_roms/ma/madden_nfl_2005.zip
http://psx1.freeroms.com/psx_roms/ma/madden_nfl_96.zip
http://psx1.freeroms.com/psx_roms/ma/madden_nfl_98.zip
http://psx1.freeroms.com/psx_roms/ma/madden_nfl_99.zip
http://psx1.freeroms.com/psx_roms/ma/magic_carpet.zip
http://psx1.freeroms.com/psx_roms/ma/magic_the_gathering_-_battlemage.zip
http://psx1.freeroms.com/psx_roms/ma/marble_master.zip
http://psx1.freeroms.com/psx_roms/ma/march_madness_98.zip
http://psx1.freeroms.com/psx_roms/ma/mars_moose_adventure_-_walkabout_1_-_the_natural_history_museum.zip
http://psx1.freeroms.com/psx_roms/ma/mars_moose_adventure_-_walkabout_2_-_the_shakespeare_festival.zip
http://psx1.freeroms.com/psx_roms/ma/mars_moose_adventure_-_walkabout_3_-_world_sports_day.zip
http://psx1.freeroms.com/psx_roms/ma/mars_moose_cosmic_quest_1_-_city_sights.zip
http://psx1.freeroms.com/psx_roms/ma/mars_moose_cosmic_quest_2_-_fairy_tale_island.zip
http://psx1.freeroms.com/psx_roms/ma/mars_moose_cosmic_quest_3_-_race_through_france.zip
http://psx1.freeroms.com/psx_roms/ma/mars_moose_stay_and_play_3_-_in_lonnies_classroom.zip
http://psx1.freeroms.com/psx_roms/ma/martian_gothic_-_unification.zip
http://psx1.freeroms.com/psx_roms/ma/marvel_super_heroes.zip
http://psx1.freeroms.com/psx_roms/ma/marvel_super_heroes_vs_street_fighter.zip
http://psx1.freeroms.com/psx_roms/ma/marvel_vs._capcom_-_clash_of_super_heroes.zip
http://psx1.freeroms.com/psx_roms/ma/mary-kate_and_ashley_-_crush_course.zip
http://psx1.freeroms.com/psx_roms/ma/mary-kate_and_ashley_-_magical_mystery_mall.zip
http://psx1.freeroms.com/psx_roms/ma/mary-kate_and_ashley_winners_circle.zip
http://psx1.freeroms.com/psx_roms/ma/mass_destruction.zip
http://psx1.freeroms.com/psx_roms/ma/masters_of_monsters_-_diciples_of_gaia.zip
http://psx1.freeroms.com/psx_roms/ma/mat_hoffmans_pro_bmx.zip
http://psx1.freeroms.com/psx_roms/ma/math_gallery_-_collection_1.zip
http://psx1.freeroms.com/psx_roms/ma/math_gallery_-_collection_2.zip
http://psx1.freeroms.com/psx_roms/ma/math_on_the_move!_-_addition_%26_subtraction_-_advanced.zip
http://psx1.freeroms.com/psx_roms/ma/math_on_the_move!_-_addition_%26_subtraction_-_intermediate.zip
http://psx1.freeroms.com/psx_roms/ma/math_on_the_move!_-_multiplication_%26_division_-_advanced.zip
http://psx1.freeroms.com/psx_roms/ma/math_on_the_move!_-_multiplication_%26_division_-_intermediate.zip
http://psx1.freeroms.com/psx_roms/ma/maximum_force.zip
http://psx1.freeroms.com/psx_roms/ma/mcgrath_vs._pastrana_freestyle_motocross.zip
http://psx1.freeroms.com/psx_roms/ma/mdk.zip
http://psx1.freeroms.com/psx_roms/ma/mechwarrior_2_-_31st_century_combat.zip
http://psx1.freeroms.com/psx_roms/ma/medal_of_honor.zip
http://psx1.freeroms.com/psx_roms/ma/medal_of_honor_-_underground.zip
http://psx1.freeroms.com/psx_roms/ma/medievil.zip
http://psx1.freeroms.com/psx_roms/ma/medievil_(demo).zip
http://psx1.freeroms.com/psx_roms/ma/medievil_ii.zip
http://psx1.freeroms.com/psx_roms/ma/mega_man_8.zip
http://psx1.freeroms.com/psx_roms/ma/mega_man_legends.zip
http://psx1.freeroms.com/psx_roms/ma/mega_man_legends_2.zip
http://psx1.freeroms.com/psx_roms/ma/mega_man_x4.zip
http://psx1.freeroms.com/psx_roms/ma/mega_man_x5.zip
http://psx1.freeroms.com/psx_roms/ma/mega_man_x6.zip
http://psx1.freeroms.com/psx_roms/ma/men_in_black_-_the_series_-_crashdown.zip
http://psx1.freeroms.com/psx_roms/ma/metal_gear_solid_(v1.0)_(disc_1).zip
http://psx1.freeroms.com/psx_roms/ma/metal_gear_solid_(v1.0)_(disc_2).zip
http://psx1.freeroms.com/psx_roms/ma/metal_gear_solid_(v1.1)_(disc_1).zip
http://psx1.freeroms.com/psx_roms/ma/metal_gear_solid_(v1.1)_(disc_2).zip
http://psx1.freeroms.com/psx_roms/ma/metal_gear_solid_-_vr_missions.zip
http://psx1.freeroms.com/psx_roms/ma/metal_slug_x_-_super_vehicle-001.zip
http://psx1.freeroms.com/psx_roms/ma/micro_machines_v3.zip
http://psx1.freeroms.com/psx_roms/ma/micro_maniacs_racing.zip
http://psx1.freeroms.com/psx_roms/ma/mike_tyson_boxing.zip
http://psx1.freeroms.com/psx_roms/ma/millenium_soldier_-_expendable.zip
http://psx1.freeroms.com/psx_roms/ma/miracle_space_race.zip
http://psx1.freeroms.com/psx_roms/ma/misadventures_of_tron_bonne;_the.zip
http://psx1.freeroms.com/psx_roms/ma/miss_spiders_tea_party.zip
http://psx1.freeroms.com/psx_roms/ma/missile_command.zip
http://psx1.freeroms.com/psx_roms/ma/mission_-_impossible_(en,fr,es).zip
http://psx1.freeroms.com/psx_roms/ma/mlb_98.zip
http://psx1.freeroms.com/psx_roms/ma/mlb_99.zip
http://psx1.freeroms.com/psx_roms/ma/mlb_2000.zip
http://psx1.freeroms.com/psx_roms/ma/mlb_2001.zip
http://psx1.freeroms.com/psx_roms/ma/mlb_2002.zip
http://psx1.freeroms.com/psx_roms/ma/mlb_2003.zip
http://psx1.freeroms.com/psx_roms/ma/mlb_2004.zip
http://psx1.freeroms.com/psx_roms/ma/mlb_2005.zip
http://psx1.freeroms.com/psx_roms/ma/mobil_1_rally_championship.zip
http://psx1.freeroms.com/psx_roms/ma/mobile_armor.zip
http://psx1.freeroms.com/psx_roms/ma/mobile_light_force.zip
http://psx1.freeroms.com/psx_roms/ma/mona_%26_moki_1_-_drive_me_wild!.zip
http://psx1.freeroms.com/psx_roms/ma/mona_%26_moki_2_-_drive_me_wilder!.zip
http://psx1.freeroms.com/psx_roms/ma/monaco_grand_prix.zip
http://psx1.freeroms.com/psx_roms/ma/monkey_hero.zip
http://psx1.freeroms.com/psx_roms/ma/monkey_magic.zip
http://psx1.freeroms.com/psx_roms/ma/monopoly.zip
http://psx1.freeroms.com/psx_roms/ma/monster_bass.zip
http://psx1.freeroms.com/psx_roms/ma/monster_rancher.zip
http://psx1.freeroms.com/psx_roms/ma/monster_rancher_-_battle_card_-_episode_ii.zip
http://psx1.freeroms.com/psx_roms/ma/monster_rancher_2.zip
http://psx1.freeroms.com/psx_roms/ma/monster_rancher_hop-a-bout.zip
http://psx1.freeroms.com/psx_roms/ma/monsters_inc._-_scream_team.zip
http://psx1.freeroms.com/psx_roms/ma/mort_the_chicken.zip
http://psx1.freeroms.com/psx_roms/ma/mortal_kombat_-_special_forces.zip
http://psx1.freeroms.com/psx_roms/ma/mortal_kombat_3.zip
http://psx1.freeroms.com/psx_roms/ma/mortal_kombat_4.zip
http://psx1.freeroms.com/psx_roms/ma/mortal_kombat_mythologies_-_sub_zero_0.zip
http://psx1.freeroms.com/psx_roms/ma/mortal_kombat_trilogy.zip
http://psx1.freeroms.com/psx_roms/ma/mortal_kombat_trilogy_(v1.0).zip
http://psx1.freeroms.com/psx_roms/ma/mortal_kombat_trilogy_(v1.1).zip
http://psx1.freeroms.com/psx_roms/ma/moto_racer.zip
http://psx1.freeroms.com/psx_roms/ma/moto_racer_2.zip
http://psx1.freeroms.com/psx_roms/ma/moto_racer_world_tour.zip
http://psx1.freeroms.com/psx_roms/ma/motocross_mania.zip
http://psx1.freeroms.com/psx_roms/ma/motocross_mania_2.zip
http://psx1.freeroms.com/psx_roms/ma/motor_toon_grand_prix.zip
http://psx1.freeroms.com/psx_roms/ma/motorhead.zip
http://psx1.freeroms.com/psx_roms/ma/mr._domino_-_no_one_can_stop.zip
http://psx1.freeroms.com/psx_roms/ma/mr._driller.zip
http://psx1.freeroms.com/psx_roms/ma/ms._pac-man_-_maze_madness.zip
http://psx1.freeroms.com/psx_roms/ma/mtv_celebrity_deathmatch.zip
http://psx1.freeroms.com/psx_roms/ma/mtv_music_generator.zip
http://psx1.freeroms.com/psx_roms/ma/mtv_sports_-_pure_ride.zip
http://psx1.freeroms.com/psx_roms/ma/mtv_sports_-_skateboarding_featuring_andy_macdonald.zip
http://psx1.freeroms.com/psx_roms/ma/mtv_sports_-_tj_lavins_ultimate_bmx.zip
http://psx1.freeroms.com/psx_roms/ma/mummy,_the.zip
http://psx1.freeroms.com/psx_roms/ma/muppet_monster_adventure.zip
http://psx1.freeroms.com/psx_roms/ma/muppet_race_mania.zip
http://psx1.freeroms.com/psx_roms/ma/my_disney_kitchen.zip
http://psxone.freeroms.com/psx_roms/na/n-gen_racing.zip
http://psxone.freeroms.com/psx_roms/na/n2o_-_nitrous_oxide.zip
http://psxone.freeroms.com/psx_roms/na/nagano_winter_olympics_98.zip
http://psxone.freeroms.com/psx_roms/na/namco_museum_vol._1.zip
http://psxone.freeroms.com/psx_roms/na/namco_museum_vol._3.zip
http://psxone.freeroms.com/psx_roms/na/namco_museum_vol.2.zip
http://psxone.freeroms.com/psx_roms/na/namco_museum_vol.4.zip
http://psxone.freeroms.com/psx_roms/na/namco_museum_vol.5.zip
http://psxone.freeroms.com/psx_roms/na/nanotek_warrior.zip
http://psxone.freeroms.com/psx_roms/na/nascar_98.zip
http://psxone.freeroms.com/psx_roms/na/nascar_98_-_collectors_edition.zip
http://psxone.freeroms.com/psx_roms/na/nascar_99.zip
http://psxone.freeroms.com/psx_roms/na/nascar_99_legacy.zip
http://psxone.freeroms.com/psx_roms/na/nascar_2000.zip
http://psxone.freeroms.com/psx_roms/na/nascar_2001.zip
http://psxone.freeroms.com/psx_roms/na/nascar_heat.zip
http://psxone.freeroms.com/psx_roms/na/nascar_racing.zip
http://psxone.freeroms.com/psx_roms/na/nascar_rumble.zip
http://psxone.freeroms.com/psx_roms/na/nascar_thunder_2002.zip
http://psxone.freeroms.com/psx_roms/na/nascar_thunder_2003.zip
http://psxone.freeroms.com/psx_roms/na/nascar_thunder_2004.zip
http://psxone.freeroms.com/psx_roms/na/nba_basketball_2000.zip
http://psxone.freeroms.com/psx_roms/na/nba_fastbreak_98.zip
http://psxone.freeroms.com/psx_roms/na/nba_hangtime.zip
http://psxone.freeroms.com/psx_roms/na/nba_hoopz.zip
http://psxone.freeroms.com/psx_roms/na/nba_in_the_zone.zip
http://psxone.freeroms.com/psx_roms/na/nba_in_the_zone_98.zip
http://psxone.freeroms.com/psx_roms/na/nba_in_the_zone_2.zip
http://psxone.freeroms.com/psx_roms/na/nba_in_the_zone_2000.zip
http://psxone.freeroms.com/psx_roms/na/nba_in_the_zone_99.zip
http://psxone.freeroms.com/psx_roms/na/nba_jam_-_extreme.zip
http://psxone.freeroms.com/psx_roms/na/nba_jam_t.e..zip
http://psxone.freeroms.com/psx_roms/na/nba_live_2001.zip
http://psxone.freeroms.com/psx_roms/na/nba_live_2002.zip
http://psxone.freeroms.com/psx_roms/na/nba_live_2003.zip
http://psxone.freeroms.com/psx_roms/na/nba_live_96.zip
http://psxone.freeroms.com/psx_roms/na/nba_live_97.zip
http://psxone.freeroms.com/psx_roms/na/nba_live_98.zip
http://psxone.freeroms.com/psx_roms/na/nba_live_99.zip
http://psxone.freeroms.com/psx_roms/na/nba_shootout.zip
http://psxone.freeroms.com/psx_roms/na/nba_shootout_97.zip
http://psxone.freeroms.com/psx_roms/na/nba_shootout_2000.zip
http://psxone.freeroms.com/psx_roms/na/nba_shootout_2001.zip
http://psxone.freeroms.com/psx_roms/na/nba_shootout_2002.zip
http://psxone.freeroms.com/psx_roms/na/nba_shootout_2003.zip
http://psxone.freeroms.com/psx_roms/na/nba_shootout_2004.zip
http://psxone.freeroms.com/psx_roms/na/nba_shootout_98.zip
http://psxone.freeroms.com/psx_roms/na/nba_showtime_-_nba_on_nbc.zip
http://psxone.freeroms.com/psx_roms/na/nba_live_2000_(ntsc-u)_.zip
http://psxone.freeroms.com/psx_roms/na/ncaa_basketball_final_four_97_-.zip
http://psxone.freeroms.com/psx_roms/na/ncaa_final_four_99.zip
http://psxone.freeroms.com/psx_roms/na/ncaa_final_four_2000.zip
http://psxone.freeroms.com/psx_roms/na/ncaa_final_four_2001.zip
http://psxone.freeroms.com/psx_roms/na/ncaa_football_2000_(v1.0).zip
http://psxone.freeroms.com/psx_roms/na/ncaa_football_2000_(v1.1).zip
http://psxone.freeroms.com/psx_roms/na/ncaa_football_2001.zip
http://psxone.freeroms.com/psx_roms/na/ncaa_football_98.zip
http://psxone.freeroms.com/psx_roms/na/ncaa_football_99.zip
http://psxone.freeroms.com/psx_roms/na/ncaa_football_gamebreaker.zip
http://psxone.freeroms.com/psx_roms/na/ncaa_gamebreaker_98.zip
http://psxone.freeroms.com/psx_roms/na/ncaa_gamebreaker_99.zip
http://psxone.freeroms.com/psx_roms/na/ncaa_gamebreaker_2001_[ntsc-u].zip
http://psxone.freeroms.com/psx_roms/na/ncaa_march_madness_2000.zip
http://psxone.freeroms.com/psx_roms/na/ncaa_march_madness_2001.zip
http://psxone.freeroms.com/psx_roms/na/ncaa_march_madness_99.zip
http://psxone.freeroms.com/psx_roms/na/ncaa_gamebreaker_2000_(ntsc-u)_.zip
http://psxone.freeroms.com/psx_roms/na/nectaris_-_military_madness.zip
http://psxone.freeroms.com/psx_roms/na/need_for_speed_-_high_stakes.zip
http://psxone.freeroms.com/psx_roms/na/need_for_speed_-_porsche_unleashed.zip
http://psxone.freeroms.com/psx_roms/na/need_for_speed_-_v-rally.zip
http://psxone.freeroms.com/psx_roms/na/need_for_speed_-_v-rally_2.zip
http://psxone.freeroms.com/psx_roms/na/need_for_speed_ii.zip
http://psxone.freeroms.com/psx_roms/na/need_for_speed_iii_-_hot_pursuit.zip
http://psxone.freeroms.com/psx_roms/na/newman-haas_racing.zip
http://psxone.freeroms.com/psx_roms/na/next_tetris;_the.zip
http://psxone.freeroms.com/psx_roms/na/nfl_blitz.zip
http://psxone.freeroms.com/psx_roms/na/nfl_blitz_2000.zip
http://psxone.freeroms.com/psx_roms/na/nfl_blitz_2001.zip
http://psxone.freeroms.com/psx_roms/na/nfl_full_contact.zip
http://psxone.freeroms.com/psx_roms/na/nfl_gameday.zip
http://psxone.freeroms.com/psx_roms/na/nfl_gameday_2000.zip
http://psxone.freeroms.com/psx_roms/na/nfl_gameday_2001.zip
http://psxone.freeroms.com/psx_roms/na/nfl_gameday_2002.zip
http://psxone.freeroms.com/psx_roms/na/nfl_gameday_2003.zip
http://psxone.freeroms.com/psx_roms/na/nfl_gameday_2004.zip
http://psxone.freeroms.com/psx_roms/na/nfl_gameday_97.zip
http://psxone.freeroms.com/psx_roms/na/nfl_gameday_98.zip
http://psxone.freeroms.com/psx_roms/na/nfl_gameday_99_(v1.0).zip
http://psxone.freeroms.com/psx_roms/na/nfl_gameday_99_(v1.1).zip
http://psxone.freeroms.com/psx_roms/na/nfl_quarterback_club_97.zip
http://psxone.freeroms.com/psx_roms/na/nfl_xtreme.zip
http://psxone.freeroms.com/psx_roms/na/nfl_xtreme_2.zip
http://psxone.freeroms.com/psx_roms/na/nhl_2000.zip
http://psxone.freeroms.com/psx_roms/na/nhl_2001.zip
http://psxone.freeroms.com/psx_roms/na/nhl_97.zip
http://psxone.freeroms.com/psx_roms/na/nhl_98.zip
http://psxone.freeroms.com/psx_roms/na/nhl_99.zip
http://psxone.freeroms.com/psx_roms/na/nhl_blades_of_steel_2000.zip
http://psxone.freeroms.com/psx_roms/na/nhl_breakaway_98.zip
http://psxone.freeroms.com/psx_roms/na/nhl_championship_2000.zip
http://psxone.freeroms.com/psx_roms/na/nhl_face_off.zip
http://psxone.freeroms.com/psx_roms/na/nhl_face_off_97.zip
http://psxone.freeroms.com/psx_roms/na/nhl_face_off_98.zip
http://psxone.freeroms.com/psx_roms/na/nhl_faceoff_99.zip
http://psxone.freeroms.com/psx_roms/na/nhl_faceoff_2000.zip
http://psxone.freeroms.com/psx_roms/na/nhl_faceoff_2001.zip
http://psxone.freeroms.com/psx_roms/na/nhl_open_ice.zip
http://psxone.freeroms.com/psx_roms/na/nhl_powerplay_96.zip
http://psxone.freeroms.com/psx_roms/na/nhl_rock_the_rink.zip
http://psxone.freeroms.com/psx_roms/na/nicktoons_racing.zip
http://psxone.freeroms.com/psx_roms/na/nightmare_creatures.zip
http://psxone.freeroms.com/psx_roms/na/nightmare_creatures_ii.zip
http://psxone.freeroms.com/psx_roms/na/ninja_-_shadow_of_darkness.zip
http://psxone.freeroms.com/psx_roms/na/no_fear_downhill_mountain_bike_racing.zip
http://psxone.freeroms.com/psx_roms/na/no_one_can_stop_mr._domino.zip
http://psxone.freeroms.com/psx_roms/na/norse_by_norsewest_-_return_of_the_lost_vikings.zip
http://psxone.freeroms.com/psx_roms/na/novastorm_[disc1of2].zip
http://psxone.freeroms.com/psx_roms/na/novastorm_[disc2of2].zip
http://psxone.freeroms.com/psx_roms/na/nuclear_strike.zip
http://psx1.freeroms.com/psx_roms/oa/o.d.t._-_escape...or_die_trying.zip
http://psx1.freeroms.com/psx_roms/oa/oddworld_-_abes_exoddus_(disc_1).zip
http://psx1.freeroms.com/psx_roms/oa/oddworld_-_abes_exoddus_(disc_2).zip
http://psx1.freeroms.com/psx_roms/oa/oddworld_-_abes_oddysee_(v1.0).zip
http://psx1.freeroms.com/psx_roms/oa/oddworld_-_abes_oddysee_(v1.1).zip
http://psx1.freeroms.com/psx_roms/oa/off-world_interceptor_extreme.zip
http://psx1.freeroms.com/psx_roms/oa/ogre_battle_-_ep.5_-_the_march_of_the_black_queen_[limited_edition].zip
http://psx1.freeroms.com/psx_roms/oa/olympic_soccer.zip
http://psx1.freeroms.com/psx_roms/oa/olympic_summer_games.zip
http://psx1.freeroms.com/psx_roms/oa/omega_boost.zip
http://psx1.freeroms.com/psx_roms/oa/one.zip
http://psx1.freeroms.com/psx_roms/oa/one_piece_mansion.zip
http://psx1.freeroms.com/psx_roms/oa/overblood.zip
http://psxone.freeroms.com/psx_roms/pa/p.k.s_math_studio_1.zip
http://psxone.freeroms.com/psx_roms/pa/p.k.s_place_1_-_party_on_the_patio!.zip
http://psxone.freeroms.com/psx_roms/pa/p.k.s_place_2_-_hoopo_at_sea.zip
http://psxone.freeroms.com/psx_roms/pa/p.k.s_place_3_-_carlos_at_the_races!.zip
http://psxone.freeroms.com/psx_roms/pa/p.k.s_place_4_-_daphne_and_the_seventh_wonder.zip
http://psxone.freeroms.com/psx_roms/pa/pac-man_world_20th_anniversary.zip
http://psxone.freeroms.com/psx_roms/pa/pajama_sam_-_you_are_what_you_eat_from_your_head_to_your_feet.zip
http://psxone.freeroms.com/psx_roms/pa/pandemonium!_(v1.0).zip
http://psxone.freeroms.com/psx_roms/pa/pandemonium!_2.zip
http://psxone.freeroms.com/psx_roms/pa/panzer_front.zip
http://psxone.freeroms.com/psx_roms/pa/panzer_general.zip
http://psxone.freeroms.com/psx_roms/pa/parappa_the_rapper.zip
http://psxone.freeroms.com/psx_roms/pa/parasite_eve_(disc_1).zip
http://psxone.freeroms.com/psx_roms/pa/parasite_eve_(disc_2).zip
http://psxone.freeroms.com/psx_roms/pa/parasite_eve_ii_(disc_1).zip
http://psxone.freeroms.com/psx_roms/pa/parasite_eve_ii_(disc_2).zip
http://psxone.freeroms.com/psx_roms/pa/patriotic_pinball.zip
http://psxone.freeroms.com/psx_roms/pa/peak_performance.zip
http://psxone.freeroms.com/psx_roms/pa/perfect_weapon.zip
http://psxone.freeroms.com/psx_roms/pa/persona.zip
http://psxone.freeroms.com/psx_roms/pa/persona_-_revelations.zip
http://psxone.freeroms.com/psx_roms/pa/persona_2_-_eternal_punishment.zip
http://psxone.freeroms.com/psx_roms/pa/persona_2_-_eternal_punishment_(bonus_disc).zip
http://psxone.freeroms.com/psx_roms/pa/pga_tour_96.zip
http://psxone.freeroms.com/psx_roms/pa/pga_tour_97.zip
http://psxone.freeroms.com/psx_roms/pa/pga_tour_98.zip
http://psxone.freeroms.com/psx_roms/pa/philosoma.zip
http://psxone.freeroms.com/psx_roms/pa/pink_panther_-_pinkadelic_pursuit.zip
http://psxone.freeroms.com/psx_roms/pa/pinobee.zip
http://psxone.freeroms.com/psx_roms/pa/pipe_dreams_3d.zip
http://psxone.freeroms.com/psx_roms/pa/pitball.zip
http://psxone.freeroms.com/psx_roms/pa/pitfall_3d_-_beyond_the_jungle.zip
http://psxone.freeroms.com/psx_roms/pa/pizza_hut_sampler_(disc_2).zip
http://psxone.freeroms.com/psx_roms/pa/planet_of_the_apes.zip
http://psxone.freeroms.com/psx_roms/pa/play_with_the_teletubbies.zip
http://psxone.freeroms.com/psx_roms/pa/playstation_demo_disc_-_shock_your_system!.zip
http://psxone.freeroms.com/psx_roms/pa/pocket_fighter.zip
http://psxone.freeroms.com/psx_roms/pa/poed.zip
http://psxone.freeroms.com/psx_roms/pa/point_blank.zip
http://psxone.freeroms.com/psx_roms/pa/point_blank_2.zip
http://psxone.freeroms.com/psx_roms/pa/point_blank_3.zip
http://psxone.freeroms.com/psx_roms/pa/polaris_snocross.zip
http://psxone.freeroms.com/psx_roms/pa/pong_-_the_next_level.zip
http://psxone.freeroms.com/psx_roms/pa/pool_hustler.zip
http://psxone.freeroms.com/psx_roms/pa/populous_-_the_beginning.zip
http://psxone.freeroms.com/psx_roms/pa/porsche_challenge.zip
http://psxone.freeroms.com/psx_roms/pa/power_move_pro_wrestling.zip
http://psxone.freeroms.com/psx_roms/pa/power_play_-_sports_trivia.zip
http://psxone.freeroms.com/psx_roms/pa/power_rangers_-_lightspeed_rescue.zip
http://psxone.freeroms.com/psx_roms/pa/power_rangers_-_time_force.zip
http://psxone.freeroms.com/psx_roms/pa/power_rangers_zeo_-_full_tilt_battle_pinball.zip
http://psxone.freeroms.com/psx_roms/pa/power_serve_3d_tennis.zip
http://psxone.freeroms.com/psx_roms/pa/power_shovel.zip
http://psxone.freeroms.com/psx_roms/pa/power_spike_-_pro_beach_volleyball.zip
http://psxone.freeroms.com/psx_roms/pa/powerboat_racing.zip
http://psxone.freeroms.com/psx_roms/pa/powerpuff_girls,_the_-_chemical_x-traction_(en,es).zip
http://psxone.freeroms.com/psx_roms/pa/powerslave.zip
http://psxone.freeroms.com/psx_roms/pa/poypoy.zip
http://psxone.freeroms.com/psx_roms/pa/primal_rage.zip
http://psxone.freeroms.com/psx_roms/pa/pro_18_-_world_tour_golf.zip
http://psxone.freeroms.com/psx_roms/pa/pro_pinball_-_big_race_usa.zip
http://psxone.freeroms.com/psx_roms/pa/pro_pinball_-_fantastic_journey.zip
http://psxone.freeroms.com/psx_roms/pa/pro_pinball_-_timeshock!.zip
http://psxone.freeroms.com/psx_roms/pa/project_-_horned_owl.zip
http://psxone.freeroms.com/psx_roms/pa/project_overkill.zip
http://psxone.freeroms.com/psx_roms/pa/psone_demo_disc.zip
http://psxone.freeroms.com/psx_roms/pa/psybadek.zip
http://psxone.freeroms.com/psx_roms/pa/psychic_detective_(disc_1).zip
http://psxone.freeroms.com/psx_roms/pa/psychic_detective_(disc_2).zip
http://psxone.freeroms.com/psx_roms/pa/psychic_detective_(disc_3).zip
http://psxone.freeroms.com/psx_roms/pa/psychic_force.zip
http://psxone.freeroms.com/psx_roms/pa/punky_skunk.zip
http://psxone.freeroms.com/psx_roms/pa/putter_golf.zip
http://psxone.freeroms.com/psx_roms/pa/puzznic.zip
http://psx1.freeroms.com/psx_roms/qa/q-bert.zip
http://psx1.freeroms.com/psx_roms/qa/qix_neo.zip
http://psx1.freeroms.com/psx_roms/qa/quaddle_family_mysteries,_the_1_-_the_case_of_the_scarce_scarab_-_lobby_-_kitchen.zip
http://psx1.freeroms.com/psx_roms/qa/quaddle_family_mysteries,_the_2_-_the_case_of_the_scarce_scarab_-_garden.zip
http://psx1.freeroms.com/psx_roms/qa/quaddle_family_mysteries,_the_3_-_the_case_of_the_scarce_scarab_-_parlor_-_family_room.zip
http://psx1.freeroms.com/psx_roms/qa/quake_ii.zip
http://psxone.freeroms.com/psx_roms/ra/r-type_delta.zip
http://psxone.freeroms.com/psx_roms/ra/r-types.zip
http://psxone.freeroms.com/psx_roms/ra/racing_(en,fr,es).zip
http://psxone.freeroms.com/psx_roms/ra/rage_racer.zip
http://psxone.freeroms.com/psx_roms/ra/raiden_project,_the.zip
http://psxone.freeroms.com/psx_roms/ra/rally_cross_2.zip
http://psxone.freeroms.com/psx_roms/ra/rampage_-_world_tour.zip
http://psxone.freeroms.com/psx_roms/ra/rampage_2_-_universal_tour.zip
http://psxone.freeroms.com/psx_roms/ra/rascal.zip
http://psxone.freeroms.com/psx_roms/ra/rayman.zip
http://psxone.freeroms.com/psx_roms/ra/rayman_2_-_the_great_escape_(en,fr,es).zip
http://psxone.freeroms.com/psx_roms/ra/rayman_brain_games.zip
http://psxone.freeroms.com/psx_roms/ra/rayman_rush.zip
http://psxone.freeroms.com/psx_roms/ra/raystorm.zip
http://psxone.freeroms.com/psx_roms/ra/razor_freestyle_scooter.zip
http://psxone.freeroms.com/psx_roms/ra/razor_racing.zip
http://psxone.freeroms.com/psx_roms/ra/rc_helicopter.zip
http://psxone.freeroms.com/psx_roms/ra/ready_2_rumble_boxing.zip
http://psxone.freeroms.com/psx_roms/ra/ready_2_rumble_boxing_-_round_2.zip
http://psxone.freeroms.com/psx_roms/ra/reboot.zip
http://psxone.freeroms.com/psx_roms/ra/reel_fishing.zip
http://psxone.freeroms.com/psx_roms/ra/reloaded_-_the_hardcore_sequel.zip
http://psxone.freeroms.com/psx_roms/ra/rescue_copter.zip
http://psxone.freeroms.com/psx_roms/ra/return_fire.zip
http://psxone.freeroms.com/psx_roms/ra/rhapsody_-_a_musical_adventure.zip
http://psxone.freeroms.com/psx_roms/ra/ridge_racer.zip
http://psxone.freeroms.com/psx_roms/ra/ridge_racer_revolution.zip
http://psxone.freeroms.com/psx_roms/ra/rival_schools_-_united_by_fate_(disc_1)_(arcade_disc).zip
http://psxone.freeroms.com/psx_roms/ra/rival_schools_-_united_by_fate_(disc_2)_(evolution_disc).zip
http://psxone.freeroms.com/psx_roms/ra/riven_-_the_sequel_to_myst_(disc_1).zip
http://psxone.freeroms.com/psx_roms/ra/riven_-_the_sequel_to_myst_(disc_5).zip
http://psxone.freeroms.com/psx_roms/ra/road_rash_-_jailbreak.zip
http://psxone.freeroms.com/psx_roms/ra/road_rash_3d.zip
http://psxone.freeroms.com/psx_roms/ra/road_writer.zip
http://psxone.freeroms.com/psx_roms/ra/robo_pit_2.zip
http://psxone.freeroms.com/psx_roms/ra/rocket_power_-_team_rocket_rescue.zip
http://psxone.freeroms.com/psx_roms/ra/rogue_trip_-_vacation_2012.zip
http://psxone.freeroms.com/psx_roms/ra/rollcage.zip
http://psxone.freeroms.com/psx_roms/ra/rollcage_(demo).zip
http://psxone.freeroms.com/psx_roms/ra/rollcage_-_stage_ii.zip
http://psxone.freeroms.com/psx_roms/ra/rosco_mcqueen_firefighter_extreme.zip
http://psxone.freeroms.com/psx_roms/ra/rpg_maker.zip
http://psxone.freeroms.com/psx_roms/ra/rugrats_-_search_for_reptar.zip
http://psxone.freeroms.com/psx_roms/ra/rugrats_-_studio_tour.zip
http://psx1.freeroms.com/psx_roms/sa/s.c.a.r.s..zip
http://psx1.freeroms.com/psx_roms/sa/sabrina_the_teenage_witch_-_a_twitch_in_time!.zip
http://psx1.freeroms.com/psx_roms/sa/saga_frontier.zip
http://psx1.freeroms.com/psx_roms/sa/saga_frontier_2.zip
http://psx1.freeroms.com/psx_roms/sa/saiyuki_-_journey_west.zip
http://psx1.freeroms.com/psx_roms/sa/saltwater_sportfishing.zip
http://psx1.freeroms.com/psx_roms/sa/sammy_sosa_high_heat_baseball_2001.zip
http://psx1.freeroms.com/psx_roms/sa/sammy_sosa_softball_slam.zip
http://psx1.freeroms.com/psx_roms/sa/samurai_shodown_iii_-_blades_of_blood.zip
http://psx1.freeroms.com/psx_roms/sa/samurai_showdown_-_warriors_rage.zip
http://psx1.freeroms.com/psx_roms/sa/samurai_showdown_iii.zip
http://psx1.freeroms.com/psx_roms/sa/san_francisco_rush_-_extreme_racing.zip
http://psx1.freeroms.com/psx_roms/sa/scooby-doo_and_the_cyber_chase.zip
http://psx1.freeroms.com/psx_roms/sa/scrabble.zip
http://psx1.freeroms.com/psx_roms/sa/sea-doo_hydrocross.zip
http://psx1.freeroms.com/psx_roms/sa/secret_of_googol_1a,_the_-_reshaping_googol_-_the_submarine.zip
http://psx1.freeroms.com/psx_roms/sa/secret_of_googol_1b,_the_-_reshaping_googol_-_the_tower.zip
http://psx1.freeroms.com/psx_roms/sa/secret_of_googol_2a,_the_-_reshaping_googol_-_the_castle.zip
http://psx1.freeroms.com/psx_roms/sa/secret_of_googol_2b,_the_-_reshaping_googol_-_under_the_ocean.zip
http://psx1.freeroms.com/psx_roms/sa/secret_of_googol_3,_the_-_the_googol_counting_fair_-_midways.zip
http://psx1.freeroms.com/psx_roms/sa/secret_of_googol_4,_the_-_the_googol_counting_fair_-_corral_-_fun_house.zip
http://psx1.freeroms.com/psx_roms/sa/secret_of_googol_5,_the_-_googolfest_-_party_isle_-_toy_isle.zip
http://psx1.freeroms.com/psx_roms/sa/secret_of_googol_7,_the_-_eggs_all_around_-_egg_trek_-_balloon_picnic.zip
http://psx1.freeroms.com/psx_roms/sa/secret_of_googol_8,_the_-_googol_gulch_-_general_store_-_math_arcade.zip
http://psx1.freeroms.com/psx_roms/sa/sentient.zip
http://psx1.freeroms.com/psx_roms/sa/sentinel_returns.zip
http://psx1.freeroms.com/psx_roms/sa/sesame_street_-_elmos_letter_adventure.zip
http://psx1.freeroms.com/psx_roms/sa/sesame_street_-_elmos_number_journey.zip
http://psx1.freeroms.com/psx_roms/sa/sesame_street_sports.zip
http://psx1.freeroms.com/psx_roms/sa/shadow_madness_1.zip
http://psx1.freeroms.com/psx_roms/sa/shadow_madness_[disc2of2].zip
http://psx1.freeroms.com/psx_roms/sa/shadow_man.zip
http://psx1.freeroms.com/psx_roms/sa/shadow_tower.zip
http://psx1.freeroms.com/psx_roms/sa/sheep.zip
http://psx1.freeroms.com/psx_roms/sa/shellshock.zip
http://psx1.freeroms.com/psx_roms/sa/shipwreckers!.zip
http://psx1.freeroms.com/psx_roms/sa/shockwave_-_operation_jumpgate.zip
http://psx1.freeroms.com/psx_roms/sa/shockwave_assault.zip
http://psx1.freeroms.com/psx_roms/sa/shrek_treasure_hunt.zip
http://psx1.freeroms.com/psx_roms/sa/silent_bomber.zip
http://psx1.freeroms.com/psx_roms/sa/silent_hill_(v1.1).zip
http://psx1.freeroms.com/psx_roms/sa/silverload.zip
http://psx1.freeroms.com/psx_roms/sa/sim_theme_park.zip
http://psx1.freeroms.com/psx_roms/sa/simcity_2000.zip
http://psx1.freeroms.com/psx_roms/sa/simpsons_wrestling.zip
http://psx1.freeroms.com/psx_roms/sa/skeleton_warriors.zip
http://psx1.freeroms.com/psx_roms/sa/skullmonkeys.zip
http://psx1.freeroms.com/psx_roms/sa/skydiving_extreme.zip
http://psx1.freeroms.com/psx_roms/sa/slam_n_jam_96.zip
http://psx1.freeroms.com/psx_roms/sa/slamscape.zip
http://psx1.freeroms.com/psx_roms/sa/sled_storm.zip
http://psx1.freeroms.com/psx_roms/sa/slots.zip
http://psx1.freeroms.com/psx_roms/sa/small_soldiers.zip
http://psx1.freeroms.com/psx_roms/sa/smurf_racer!_(en,fr,es).zip
http://psx1.freeroms.com/psx_roms/sa/smurfs,_the_(en,fr,es).zip
http://psx1.freeroms.com/psx_roms/sa/sno-cross_championship_racing.zip
http://psx1.freeroms.com/psx_roms/sa/snowboarding.zip
http://psx1.freeroms.com/psx_roms/sa/sol_divide.zip
http://psx1.freeroms.com/psx_roms/sa/sorcerers_maze.zip
http://psx1.freeroms.com/psx_roms/sa/soul_blade.zip
http://psx1.freeroms.com/psx_roms/sa/soul_of_the_samurai.zip
http://psx1.freeroms.com/psx_roms/sa/south_park.zip
http://psx1.freeroms.com/psx_roms/sa/south_park_-_chefs_luv_shack.zip
http://psx1.freeroms.com/psx_roms/sa/south_park_rally.zip
http://psx1.freeroms.com/psx_roms/sa/soviet_strike.zip
http://psx1.freeroms.com/psx_roms/sa/space_griffon_vf-9.zip
http://psx1.freeroms.com/psx_roms/sa/space_hulk_-_vengeance_of_the_blood_angels.zip
http://psx1.freeroms.com/psx_roms/sa/space_invaders.zip
http://psx1.freeroms.com/psx_roms/sa/space_jam.zip
http://psx1.freeroms.com/psx_roms/sa/space_shot.zip
http://psx1.freeroms.com/psx_roms/sa/spawn_-_the_eternal.zip
http://psx1.freeroms.com/psx_roms/sa/spec_ops_-_airborne_commando.zip
http://psx1.freeroms.com/psx_roms/sa/spec_ops_-_covert_assault.zip
http://psx1.freeroms.com/psx_roms/sa/spec_ops_-_ranger_elite.zip
http://psx1.freeroms.com/psx_roms/sa/spec_ops_-_stealth_patrol.zip
http://psx1.freeroms.com/psx_roms/sa/speed_punks.zip
http://psx1.freeroms.com/psx_roms/sa/speed_racer.zip
http://psx1.freeroms.com/psx_roms/sa/speedball_2100.zip
http://psx1.freeroms.com/psx_roms/sa/spice_world.zip
http://psx1.freeroms.com/psx_roms/sa/spider_-_the_video_game.zip
http://psx1.freeroms.com/psx_roms/sa/spider-man.zip
http://psx1.freeroms.com/psx_roms/sa/spider-man_2_-_enter_-_electro.zip
http://psx1.freeroms.com/psx_roms/sa/spin_jam.zip
http://psx1.freeroms.com/psx_roms/sa/spongebob_squarepants_-_supersponge.zip
http://psx1.freeroms.com/psx_roms/sa/spot_goes_to_hollywood.zip
http://psx1.freeroms.com/psx_roms/sa/spyro_-_year_of_the_dragon_(v1.0).zip
http://psx1.freeroms.com/psx_roms/sa/spyro_-_year_of_the_dragon_(v1.1).zip
http://psx1.freeroms.com/psx_roms/sa/spyro_2_-_riptos_rage.zip
http://psx1.freeroms.com/psx_roms/sa/spyro_the_dragon.zip
http://psx1.freeroms.com/psx_roms/sa/spyro_the_dragon_3_-_year_of_the_dragon.zip
http://psx1.freeroms.com/psx_roms/sa/squaresoft_on_playstation_1998_collectors_cd_vol._1.zip
http://psx1.freeroms.com/psx_roms/sa/squaresoft_on_playstation_1998_collectors_cd_vol._2_(final_fantasy_viii_demo).zip
http://psx1.freeroms.com/psx_roms/sa/squaresoft_on_playstation_2000_collectors_cd_vol._3.zip
http://psx1.freeroms.com/psx_roms/sa/star_fighter.zip
http://psx1.freeroms.com/psx_roms/sa/star_gladiator_-_episode_1_-_final_crusade.zip
http://psx1.freeroms.com/psx_roms/sa/star_ocean_-_the_second_story_(disc_1).zip
http://psx1.freeroms.com/psx_roms/sa/star_ocean_-_the_second_story_(disc_2).zip
http://psx1.freeroms.com/psx_roms/sa/star_sweep.zip
http://psx1.freeroms.com/psx_roms/sa/star_trek_-_invasion.zip
http://psx1.freeroms.com/psx_roms/sa/star_wars_-_dark_forces.zip
http://psx1.freeroms.com/psx_roms/sa/star_wars_-_demolition.zip
http://psx1.freeroms.com/psx_roms/sa/star_wars_-_episode_i_-_jedi_power_battles.zip
http://psx1.freeroms.com/psx_roms/sa/star_wars_-_episode_i_-_the_phantom_menace.zip
http://psx1.freeroms.com/psx_roms/sa/star_wars_-_masters_of_teras_kasi.zip
http://psx1.freeroms.com/psx_roms/sa/star_wars_-_rebel_assault_ii_-_the_hidden_empire_(disc_1).zip
http://psx1.freeroms.com/psx_roms/sa/star_wars_-_rebel_assault_ii_-_the_hidden_empire_(disc_2).zip
http://psx1.freeroms.com/psx_roms/sa/starblade_alpha.zip
http://psx1.freeroms.com/psx_roms/sa/starfighter_sanvein.zip
http://psx1.freeroms.com/psx_roms/sa/starwinder_-_the_ultimate_space_race.zip
http://psx1.freeroms.com/psx_roms/sa/steel_harbinger.zip
http://psx1.freeroms.com/psx_roms/sa/steel_reign.zip
http://psx1.freeroms.com/psx_roms/sa/str.at.e.s._1_-_match-a-batch.zip
http://psx1.freeroms.com/psx_roms/sa/str.at.e.s._2_-_matchamania!.zip
http://psx1.freeroms.com/psx_roms/sa/str.at.e.s._3_-_title_this!_title_that!.zip
http://psx1.freeroms.com/psx_roms/sa/str.at.e.s._4_-_titlerama!.zip
http://psx1.freeroms.com/psx_roms/sa/str.at.e.s._5_-_parallel_lives!.zip
http://psx1.freeroms.com/psx_roms/sa/str.at.e.s._6_-_analogy-ology!.zip
http://psx1.freeroms.com/psx_roms/sa/str.at.e.s._7_-_riddle_roundup!.zip
http://psx1.freeroms.com/psx_roms/sa/str.at.e.s._8_-_riddle_wrangler!.zip
http://psx1.freeroms.com/psx_roms/sa/streak_-_hoverboard_racing.zip
http://psx1.freeroms.com/psx_roms/sa/street_fighter_-_the_movie.zip
http://psx1.freeroms.com/psx_roms/sa/street_fighter_alpha_-_warriors_dreams.zip
http://psx1.freeroms.com/psx_roms/sa/street_fighter_alpha_2.zip
http://psx1.freeroms.com/psx_roms/sa/street_fighter_alpha_3.zip
http://psx1.freeroms.com/psx_roms/sa/street_fighter_collection_(disc_1).zip
http://psx1.freeroms.com/psx_roms/sa/street_fighter_collection_(disc_2).zip
http://psx1.freeroms.com/psx_roms/sa/street_fighter_collection_2.zip
http://psx1.freeroms.com/psx_roms/sa/street_fighter_ex_plus_alpha.zip
http://psx1.freeroms.com/psx_roms/sa/street_fighter_ex2_plus.zip
http://psx1.freeroms.com/psx_roms/sa/street_racquetball.zip
http://psx1.freeroms.com/psx_roms/sa/street_sk8er.zip
http://psx1.freeroms.com/psx_roms/sa/street_sk8er_2.zip
http://psx1.freeroms.com/psx_roms/sa/strider.zip
http://psx1.freeroms.com/psx_roms/sa/strider_2.zip
http://psx1.freeroms.com/psx_roms/sa/strike_point.zip
http://psx1.freeroms.com/psx_roms/sa/striker.zip
http://psx1.freeroms.com/psx_roms/sa/striker_pro_2000.zip
http://psx1.freeroms.com/psx_roms/sa/strikers_1945.zip
http://psx1.freeroms.com/psx_roms/sa/stuart_little_2.zip
http://psx1.freeroms.com/psx_roms/sa/suikoden_(v1.0).zip
http://psx1.freeroms.com/psx_roms/sa/suikoden_(v1.1).zip
http://psx1.freeroms.com/psx_roms/sa/suikoden_ii.zip
http://psx1.freeroms.com/psx_roms/sa/super_bike_2000.zip
http://psx1.freeroms.com/psx_roms/sa/super_bubble_pop.zip
http://psx1.freeroms.com/psx_roms/sa/super_puzzle_fighter_ii_turbo.zip
http://psx1.freeroms.com/psx_roms/sa/super_shot_soccer.zip
http://psx1.freeroms.com/psx_roms/sa/supercross_2000.zip
http://psx1.freeroms.com/psx_roms/sa/supercross_2001.zip
http://psx1.freeroms.com/psx_roms/sa/supercross_circuit.zip
http://psx1.freeroms.com/psx_roms/sa/superstar_dance_club_[ntsc_-_us].zip
http://psx1.freeroms.com/psx_roms/sa/surf_riders.zip
http://psx1.freeroms.com/psx_roms/sa/swagman.zip
http://psx1.freeroms.com/psx_roms/sa/sydney_2000.zip
http://psx1.freeroms.com/psx_roms/sa/syndicate_wars.zip
http://psx1.freeroms.com/psx_roms/sa/syphon_filter_(v1.0).zip
http://psx1.freeroms.com/psx_roms/sa/syphon_filter_(v1.1).zip
http://psx1.freeroms.com/psx_roms/sa/syphon_filter_2_(disc_1).zip
http://psx1.freeroms.com/psx_roms/sa/syphon_filter_2_(disc_2).zip
http://psx1.freeroms.com/psx_roms/sa/syphon_filter_3.zip
http://psxone.freeroms.com/psx_roms/ta/tai_fu_-_wrath_of_the_tiger.zip
http://psxone.freeroms.com/psx_roms/ta/t.r.a.g._-_tactical_rescue_assault_group.zip
http://psxone.freeroms.com/psx_roms/ta/tactics_ogre.zip
http://psxone.freeroms.com/psx_roms/ta/tail_concerto.zip
http://psxone.freeroms.com/psx_roms/ta/tail_of_the_sun_-_wild;_pure;_simple_life.zip
http://psxone.freeroms.com/psx_roms/ta/tales_of_destiny.zip
http://psxone.freeroms.com/psx_roms/ta/tales_of_destiny_ii_(disc_1).zip
http://psxone.freeroms.com/psx_roms/ta/tales_of_destiny_ii_(disc_2).zip
http://psxone.freeroms.com/psx_roms/ta/tales_of_destiny_ii_(disc_3).zip
http://psxone.freeroms.com/psx_roms/ta/tall_infinity_-_the_tower_of_wisdom.zip
http://psxone.freeroms.com/psx_roms/ta/team_buddies.zip
http://psxone.freeroms.com/psx_roms/ta/team_losi_rc_racer.zip
http://psxone.freeroms.com/psx_roms/ta/tecmo_stackers.zip
http://psxone.freeroms.com/psx_roms/ta/tecmo_super_bowl.zip
http://psxone.freeroms.com/psx_roms/ta/tecmo_world_golf_-_japan.zip
http://psxone.freeroms.com/psx_roms/ta/tecmos_deception_-_invitation_to_darkness.zip
http://psxone.freeroms.com/psx_roms/ta/tekken.zip
http://psxone.freeroms.com/psx_roms/ta/tekken_2.zip
http://psxone.freeroms.com/psx_roms/ta/tekken_3.zip
http://psxone.freeroms.com/psx_roms/ta/tempest_x3.zip
http://psxone.freeroms.com/psx_roms/ta/ten_pin_alley.zip
http://psxone.freeroms.com/psx_roms/ta/tenchu_-_stealth_assassins.zip
http://psxone.freeroms.com/psx_roms/ta/tenchu_2_-_birth_of_the_stealth_assassins.zip
http://psxone.freeroms.com/psx_roms/ta/tennis.zip
http://psxone.freeroms.com/psx_roms/ta/tennis_arena.zip
http://psxone.freeroms.com/psx_roms/ta/test_drive_-_off-road_2.zip
http://psxone.freeroms.com/psx_roms/ta/test_drive_4.zip
http://psxone.freeroms.com/psx_roms/ta/test_drive_5.zip
http://psxone.freeroms.com/psx_roms/ta/test_drive_6.zip
http://psxone.freeroms.com/psx_roms/ta/test_drive_le_mans.zip
http://psxone.freeroms.com/psx_roms/ta/test_drive_off-road.zip
http://psxone.freeroms.com/psx_roms/ta/test_drive_off-road_3.zip
http://psxone.freeroms.com/psx_roms/ta/tetris_plus.zip
http://psxone.freeroms.com/psx_roms/ta/theme_hospital.zip
http://psxone.freeroms.com/psx_roms/ta/theme_park.zip
http://psxone.freeroms.com/psx_roms/ta/thousand_arms_(disc_1).zip
http://psxone.freeroms.com/psx_roms/ta/thousand_arms_(disc_2).zip
http://psxone.freeroms.com/psx_roms/ta/thrasher_-_skate_%26_destroy.zip
http://psxone.freeroms.com/psx_roms/ta/threads_of_fate.zip
http://psxone.freeroms.com/psx_roms/ta/three_decoders_1,_the_-_riddle_of_the_ring.zip
http://psxone.freeroms.com/psx_roms/ta/three_decoders_2,_the_-_key_to_the_carousel.zip
http://psxone.freeroms.com/psx_roms/ta/three_stooges,_the.zip
http://psxone.freeroms.com/psx_roms/ta/thrill_kill.zip
http://psxone.freeroms.com/psx_roms/ta/thunder_truck_rally.zip
http://psxone.freeroms.com/psx_roms/ta/thunderstrike_2.zip
http://psxone.freeroms.com/psx_roms/ta/tiger_woods_pga_tour_2000.zip
http://psxone.freeroms.com/psx_roms/ta/tiger_woods_pga_tour_golf.zip
http://psxone.freeroms.com/psx_roms/ta/tigershark.zip
http://psxone.freeroms.com/psx_roms/ta/time_commando.zip
http://psxone.freeroms.com/psx_roms/ta/time_crisis.zip
http://psxone.freeroms.com/psx_roms/ta/time_crisis_-_project_titan.zip
http://psxone.freeroms.com/psx_roms/ta/timeless_jade_trade.zip
http://psxone.freeroms.com/psx_roms/ta/timeless_math_1_-_maya,_search_and_rescue.zip
http://psxone.freeroms.com/psx_roms/ta/timeless_math_2_-_maya,_observatory.zip
http://psxone.freeroms.com/psx_roms/ta/timeless_math_3_-_maya,_king_jaguars_village.zip
http://psxone.freeroms.com/psx_roms/ta/timeless_math_4_-_lunar_base.zip
http://psxone.freeroms.com/psx_roms/ta/timeless_math_5_-_space_flight_rescue.zip
http://psxone.freeroms.com/psx_roms/ta/timeless_math_6_-_brainswarm.zip
http://psxone.freeroms.com/psx_roms/ta/timeless_math_7_-_rover_recovery.zip
http://psxone.freeroms.com/psx_roms/ta/tiny_tank.zip
http://psxone.freeroms.com/psx_roms/ta/tiny_toon_adventures_-_pluckys_big_adventure.zip
http://psxone.freeroms.com/psx_roms/ta/tiny_toon_adventures_-_the_great_beanstalk.zip
http://psxone.freeroms.com/psx_roms/ta/tiny_toon_adventures_-_toonenstein_-_dare_to_scare!.zip
http://psxone.freeroms.com/psx_roms/ta/tiny_toons_adventures_-_plucks_big_adventure.zip
http://psxone.freeroms.com/psx_roms/ta/tnn_hardcore_4x4.zip
http://psxone.freeroms.com/psx_roms/ta/tnn_motorsports_hardcore_tr.zip
http://psxone.freeroms.com/psx_roms/ta/tobal_no.1.zip
http://psxone.freeroms.com/psx_roms/ta/toca_-_touring_car_challenge_2.zip
http://psxone.freeroms.com/psx_roms/ta/toca_championship_racing.zip
http://psxone.freeroms.com/psx_roms/ta/tokyo_highway_battle.zip
http://psxone.freeroms.com/psx_roms/ta/tom_%26_jerry_-_house_trap.zip
http://psxone.freeroms.com/psx_roms/ta/tom_clancys_rainbow_six.zip
http://psxone.freeroms.com/psx_roms/ta/tom_clancys_rainbow_six_-_lone_wolf.zip
http://psxone.freeroms.com/psx_roms/ta/tom_clancys_rainbow_six_-_rogue_spear.zip
http://psxone.freeroms.com/psx_roms/ta/tomb_raider_(v1.0).zip
http://psxone.freeroms.com/psx_roms/ta/tomb_raider_(v1.1).zip
http://psxone.freeroms.com/psx_roms/ta/tomb_raider_(v1.2).zip
http://psxone.freeroms.com/psx_roms/ta/tomb_raider_(v1.3).zip
http://psxone.freeroms.com/psx_roms/ta/tomb_raider_-_the_last_revelation_(v1.1).zip
http://psxone.freeroms.com/psx_roms/ta/tomb_raider_4_-_the_last_revelation.zip
http://psxone.freeroms.com/psx_roms/ta/tomb_raider_5_-_chronicles.zip
http://psxone.freeroms.com/psx_roms/ta/tomb_raider_chronicles.zip
http://psxone.freeroms.com/psx_roms/ta/tomb_raider_ii_-_starring_lara_croft_(v1.0).zip
http://psxone.freeroms.com/psx_roms/ta/tomb_raider_ii_-_starring_lara_croft_(v1.1).zip
http://psxone.freeroms.com/psx_roms/ta/tomb_raider_iii_-_adventures_of_lara_croft.zip
http://psxone.freeroms.com/psx_roms/ta/tomba!.zip
http://psxone.freeroms.com/psx_roms/ta/tomba!_2_-_the_evil_swine_returns.zip
http://psxone.freeroms.com/psx_roms/ta/tonka_space_station.zip
http://psxone.freeroms.com/psx_roms/ta/tony_hawks_pro_skater.zip
http://psxone.freeroms.com/psx_roms/ta/tony_hawks_pro_skater_2.zip
http://psxone.freeroms.com/psx_roms/ta/tony_hawks_pro_skater_3.zip
http://psxone.freeroms.com/psx_roms/ta/tony_hawks_pro_skater_4.zip
http://psxone.freeroms.com/psx_roms/ta/top_gun_-_fire_at_will.zip
http://psxone.freeroms.com/psx_roms/ta/top_shop.zip
http://psxone.freeroms.com/psx_roms/ta/torc_-_legend_of_the_ogre_crown.zip
http://psxone.freeroms.com/psx_roms/ta/torneko_-_the_last_hope_-_world_of_dragon_warrior.zip
http://psxone.freeroms.com/psx_roms/ta/total_eclipse_-_turbo.zip
http://psxone.freeroms.com/psx_roms/ta/transformers_-_beast_wars_-_transmetals.zip
http://psxone.freeroms.com/psx_roms/ta/trap_gunner.zip
http://psxone.freeroms.com/psx_roms/ta/treasures_of_the_deep.zip
http://psxone.freeroms.com/psx_roms/ta/trickn_snowboarder.zip
http://psxone.freeroms.com/psx_roms/ta/triple_play_99.zip
http://psxone.freeroms.com/psx_roms/ta/triple_play_2000.zip
http://psxone.freeroms.com/psx_roms/ta/triple_play_2001.zip
http://psxone.freeroms.com/psx_roms/ta/triple_play_97.zip
http://psxone.freeroms.com/psx_roms/ta/triple_play_98.zip
http://psxone.freeroms.com/psx_roms/ta/triple_play_baseball.zip
http://psxone.freeroms.com/psx_roms/ta/true_pinball.zip
http://psxone.freeroms.com/psx_roms/ta/tunnel_b1.zip
http://psxone.freeroms.com/psx_roms/ta/turbo_prop_racing.zip
http://psxone.freeroms.com/psx_roms/ta/turnabout.zip
http://psxone.freeroms.com/psx_roms/ta/twisted_metal.zip
http://psxone.freeroms.com/psx_roms/ta/twisted_metal_-_small_brawl.zip
http://psxone.freeroms.com/psx_roms/ta/twisted_metal_2.zip
http://psxone.freeroms.com/psx_roms/ta/twisted_metal_iii_(v1.0).zip
http://psxone.freeroms.com/psx_roms/ta/twisted_metal_iii_(v1.1).zip
http://psxone.freeroms.com/psx_roms/ta/twisted_metal_4.zip
http://psxone.freeroms.com/psx_roms/ta/tyco_rc_assault_with_a_battery.zip
http://psx1.freeroms.com/psx_roms/ua/ultimate_8_ball.zip
http://psx1.freeroms.com/psx_roms/ua/ultimate_brain_games.zip
http://psx1.freeroms.com/psx_roms/ua/ultimate_fighting_championship.zip
http://psx1.freeroms.com/psx_roms/ua/um_jammer_lammy.zip
http://psx1.freeroms.com/psx_roms/ua/unholy_war,_the.zip
http://psx1.freeroms.com/psx_roms/ua/uprising_x.zip
http://psx1.freeroms.com/psx_roms/ua/urban_chaos.zip
http://psxone.freeroms.com/psx_roms/va/v-tennis.zip
http://psxone.freeroms.com/psx_roms/va/vagrant_story.zip
http://psxone.freeroms.com/psx_roms/va/valkyrie_profile_(disc_1).zip
http://psxone.freeroms.com/psx_roms/va/valkyrie_profile_(disc_2).zip
http://psxone.freeroms.com/psx_roms/va/vampire_hunter_d.zip
http://psxone.freeroms.com/psx_roms/va/vanark_-_astro_trooper.zip
http://psxone.freeroms.com/psx_roms/va/vandal_hearts.zip
http://psxone.freeroms.com/psx_roms/va/vandal_hearts_ii_(v1.1).zip
http://psxone.freeroms.com/psx_roms/va/vanguard_bandits.zip
http://psxone.freeroms.com/psx_roms/va/vanishing_point.zip
http://psxone.freeroms.com/psx_roms/va/vegas_games_2000.zip
http://psxone.freeroms.com/psx_roms/va/vigilante_8.zip
http://psxone.freeroms.com/psx_roms/va/vigilante_8_-_second_offense.zip
http://psxone.freeroms.com/psx_roms/va/vip.zip
http://psxone.freeroms.com/psx_roms/va/virtual_kasparov.zip
http://psxone.freeroms.com/psx_roms/va/virtual_pool.zip
http://psxone.freeroms.com/psx_roms/va/virtual_pool_3.zip
http://psxone.freeroms.com/psx_roms/va/viva_soccer.zip
http://psxone.freeroms.com/psx_roms/va/vmx_racing.zip
http://psxone.freeroms.com/psx_roms/va/vr_baseball_97.zip
http://psxone.freeroms.com/psx_roms/va/vr_baseball_99.zip
http://psxone.freeroms.com/psx_roms/va/vr_golf_97.zip
http://psxone.freeroms.com/psx_roms/va/vr_soccer_96.zip
http://psxone.freeroms.com/psx_roms/va/vs..zip
http://psx1.freeroms.com/psx_roms/wa/walt_disney_world_quest_-_magical_racing_tour.zip
http://psx1.freeroms.com/psx_roms/wa/walt_disneys_the_jungle_book_-_rhythm_n_groove.zip
http://psx1.freeroms.com/psx_roms/wa/war_games_-_defcon_1.zip
http://psx1.freeroms.com/psx_roms/wa/war_gods.zip
http://psx1.freeroms.com/psx_roms/wa/warcraft_ii_-_the_dark_saga_(en,fr,de,es,it).zip
http://psx1.freeroms.com/psx_roms/wa/warhammer_-_dark_omen.zip
http://psx1.freeroms.com/psx_roms/wa/warhammer_-_shadow_of_the_horned_rat.zip
http://psx1.freeroms.com/psx_roms/wa/warhawk_-_the_red_mercury_missions.zip
http://psx1.freeroms.com/psx_roms/wa/warpath_-_jurassic_park.zip
http://psx1.freeroms.com/psx_roms/wa/warriors_of_might_and_magic.zip
http://psx1.freeroms.com/psx_roms/wa/warzone_2100.zip
http://psx1.freeroms.com/psx_roms/wa/wayne_gretzkys_3d_hockey_98.zip
http://psx1.freeroms.com/psx_roms/wa/wcw_-_nwo_thunder.zip
http://psx1.freeroms.com/psx_roms/wa/wcw_backstage_assault.zip
http://psx1.freeroms.com/psx_roms/wa/wcw_mayhem.zip
http://psx1.freeroms.com/psx_roms/wa/wcw_nitro.zip
http://psx1.freeroms.com/psx_roms/wa/wcw_vs._the_world.zip
http://psx1.freeroms.com/psx_roms/wa/wdl_world_destruction_league_-_thunder_tanks.zip
http://psx1.freeroms.com/psx_roms/wa/weakest_link.zip
http://psx1.freeroms.com/psx_roms/wa/wheel_of_fortune.zip
http://psx1.freeroms.com/psx_roms/wa/wheel_of_fortune_-_2nd_edition.zip
http://psx1.freeroms.com/psx_roms/wa/who_wants_to_be_a_millionaire_-_2nd_edition.zip
http://psx1.freeroms.com/psx_roms/wa/who_wants_to_be_a_millionaire_-_3rd_edition.zip
http://psx1.freeroms.com/psx_roms/wa/wild_9.zip
http://psx1.freeroms.com/psx_roms/wa/wild_arms.zip
http://psx1.freeroms.com/psx_roms/wa/wild_arms_-_2nd_ignition_(disc_1).zip
http://psx1.freeroms.com/psx_roms/wa/wild_arms_-_2nd_ignition_(disc_2).zip
http://psx1.freeroms.com/psx_roms/wa/wild_thornberrys,_the_-_animal_adventures.zip
http://psx1.freeroms.com/psx_roms/wa/wing_commander_iii_-_heart_of_the_tiger_[disc1of4].zip
http://psx1.freeroms.com/psx_roms/wa/wing_commander_iii_-_heart_of_the_tiger_[disc2of4].zip
http://psx1.freeroms.com/psx_roms/wa/wing_commander_iii_-_heart_of_the_tiger_[disc3of4].zip
http://psx1.freeroms.com/psx_roms/wa/wing_commander_iii_-_heart_of_the_tiger_[disc4of4].zip
http://psx1.freeroms.com/psx_roms/wa/wing_commander_iv_-_the_price_of_freedom_(disc_1).zip
http://psx1.freeroms.com/psx_roms/wa/wing_commander_iv_-_the_price_of_freedom_(disc_2).zip
http://psx1.freeroms.com/psx_roms/wa/wing_commander_iv_-_the_price_of_freedom_(disc_3).zip
http://psx1.freeroms.com/psx_roms/wa/wing_commander_iv_-_the_price_of_freedom_(disc_4).zip
http://psx1.freeroms.com/psx_roms/wa/winnie_the_pooh_-_kindergarden.zip
http://psx1.freeroms.com/psx_roms/wa/winnie_the_pooh_-_preschool.zip
http://psx1.freeroms.com/psx_roms/wa/winnie_the_pooh_-_tiggers_honey_hunt.zip
http://psx1.freeroms.com/psx_roms/wa/wipeout.zip
http://psx1.freeroms.com/psx_roms/wa/wipeout_3.zip
http://psx1.freeroms.com/psx_roms/wa/wipeout_xl.zip
http://psx1.freeroms.com/psx_roms/wa/wipeout_xl_(beta).zip
http://psx1.freeroms.com/psx_roms/wa/woody_woodpecker_racing.zip
http://psx1.freeroms.com/psx_roms/wa/world_cup_98.zip
http://psx1.freeroms.com/psx_roms/wa/world_cup_golf_-_professional_edition.zip
http://psx1.freeroms.com/psx_roms/wa/world_destruction_league_-_thunder_tanks.zip
http://psx1.freeroms.com/psx_roms/wa/world_destruction_league_-_war_jetz.zip
http://psx1.freeroms.com/psx_roms/wa/worlds_scariest_police_chases.zip
http://psx1.freeroms.com/psx_roms/wa/worms.zip
http://psx1.freeroms.com/psx_roms/wa/worms_armageddon.zip
http://psx1.freeroms.com/psx_roms/wa/worms_world_party_(en,fr,es,it,nl,sv,da).zip
http://psx1.freeroms.com/psx_roms/wa/wreckin_crew_-_drive_dangerously_(en,es).zip
http://psx1.freeroms.com/psx_roms/wa/wu-tang_-_shaolin_style.zip
http://psx1.freeroms.com/psx_roms/wa/wwf_attitude.zip
http://psx1.freeroms.com/psx_roms/wa/wwf_in_your_house.zip
http://psx1.freeroms.com/psx_roms/wa/wwf_smackdown!.zip
http://psx1.freeroms.com/psx_roms/wa/wwf_smackdown!_2_-_know_your_role.zip
http://psx1.freeroms.com/psx_roms/wa/wwf_war_zone_(v1.0).zip
http://psx1.freeroms.com/psx_roms/wa/wwf_war_zone_(v1.1).zip
http://psx1.freeroms.com/psx_roms/wa/wwf_wrestlemania_-_the_arcade_game.zip
http://psxone.freeroms.com/psx_roms/xa/x-bladez_-_inline_skater.zip
http://psxone.freeroms.com/psx_roms/xa/x-com_-_ufo_defense.zip
http://psxone.freeroms.com/psx_roms/xa/x-files,_the_(disc_1).zip
http://psxone.freeroms.com/psx_roms/xa/x-files,_the_(disc_2).zip
http://psxone.freeroms.com/psx_roms/xa/x-files,_the_(disc_3).zip
http://psxone.freeroms.com/psx_roms/xa/x-files,_the_(disc_4).zip
http://psxone.freeroms.com/psx_roms/xa/x-men_-_children_of_the_atom.zip
http://psxone.freeroms.com/psx_roms/xa/x-men_-_mutant_academy.zip
http://psxone.freeroms.com/psx_roms/xa/x-men_-_mutant_academy_2.zip
http://psxone.freeroms.com/psx_roms/xa/x-men_vs._street_fighter.zip
http://psxone.freeroms.com/psx_roms/xa/xena_-_warrior_princess.zip
http://psxone.freeroms.com/psx_roms/xa/xenogears_(disc_1).zip
http://psxone.freeroms.com/psx_roms/xa/xenogears_(disc_2).zip
http://psxone.freeroms.com/psx_roms/xa/xevious_3d-g+.zip
http://psxone.freeroms.com/psx_roms/xa/xs_airboat_racing.zip
http://psxone.freeroms.com/psx_roms/xa/xs_junior_league_dodgeball.zip
http://psxone.freeroms.com/psx_roms/xa/xs_junior_league_football.zip
http://psxone.freeroms.com/psx_roms/xa/xs_junior_league_soccer.zip
http://psxone.freeroms.com/psx_roms/xa/xs_moto.zip
http://psx1.freeroms.com/psx_roms/ya/you_dont_know_jack_(disc_1).zip
http://psx1.freeroms.com/psx_roms/ya/you_dont_know_jack_(disc_2).zip
http://psx1.freeroms.com/psx_roms/ya/you_dont_know_jack_mock_2.zip
http://psx1.freeroms.com/psx_roms/ya/yu-gi-oh!_-_forbidden_memories.zip
http://psxone.freeroms.com/psx_roms/za/zero_divide.zip
http://psxone.freeroms.com/psx_roms/za/zoboomafoo_-_leapin_lemurs!.zip
http://psxone.freeroms.com/psx_roms/za/zoop_-_americas_largest_killer_of_time!.zip
