http://download.freeroms.com/gameboy_color_roms/a-force_(sachen_4-in-1_vol._6).zip
http://download.freeroms.com/gameboy_color_roms/ace_striker_(japan).zip
http://download.freeroms.com/gameboy_color_roms/action_man_-_search_for_base_x.zip
http://download.freeroms.com/gameboy_color_roms/addams_family,_the.zip
http://download.freeroms.com/gameboy_color_roms/addams_family,_the_(japan).zip
http://download.freeroms.com/gameboy_color_roms/addams_family,_the_-_pugsleys_scavenger_hunt.zip
http://download.freeroms.com/gameboy_color_roms/adventure_island.zip
http://download.freeroms.com/gameboy_color_roms/adventure_island_ii.zip
http://download.freeroms.com/gameboy_color_roms/adventure_v0.3_(public_domain).zip
http://download.freeroms.com/gameboy_color_roms/adventures_of_lolo.zip
http://download.freeroms.com/gameboy_color_roms/adventures_of_pinocchio,_the_(japan).zip
http://download.freeroms.com/gameboy_color_roms/adventures_of_rocky_and_bullwinkle,_the.zip
http://download.freeroms.com/gameboy_color_roms/adventures_of_rocky_and_bullwinkle,_the_(beta2).zip
http://download.freeroms.com/gameboy_color_roms/adventures_of_star_saver,_the.zip
http://download.freeroms.com/gameboy_color_roms/adventures_of_the_smurfs,_the.zip
http://download.freeroms.com/gameboy_color_roms/aero_star.zip
http://download.freeroms.com/gameboy_color_roms/aero_star_(japan).zip
http://download.freeroms.com/gameboy_color_roms/after_burst_(japan).zip
http://download.freeroms.com/gameboy_color_roms/ago_realtime_demo_(public_domain).zip
http://download.freeroms.com/gameboy_color_roms/aguri_suzuki_f-1_super_driving_(japan).zip
http://download.freeroms.com/gameboy_color_roms/ah_harimanada_(japan).zip
http://download.freeroms.com/gameboy_color_roms/air_pocket_demo_(public_domain).zip
http://download.freeroms.com/gameboy_color_roms/air_pocket_op_demo_(public_domain).zip
http://download.freeroms.com/gameboy_color_roms/air_pocket_sound_(public_domain).zip
http://download.freeroms.com/gameboy_color_roms/airforce_delta.zip
http://download.freeroms.com/gameboy_color_roms/airforce_delta_(japan).zip
http://download.freeroms.com/gameboy_color_roms/akademia_pana_kleksa_by_jan_brzechwa_(public_domain).zip
http://download.freeroms.com/gameboy_color_roms/akazukin_cha_cha_(japan).zip
http://download.freeroms.com/gameboy_color_roms/akino_hitoshi_demo_(public_domain).zip
http://download.freeroms.com/gameboy_color_roms/akumajou_dracula_-_shikkokutaru_zensoukyoku_(japan).zip
http://download.freeroms.com/gameboy_color_roms/akumajou_special_-_boku_dracula-kun_(japan).zip
http://download.freeroms.com/gameboy_color_roms/aladdin.zip
http://download.freeroms.com/gameboy_color_roms/alfred_chicken.zip
http://download.freeroms.com/gameboy_color_roms/alfred_chicken_(japan).zip
http://download.freeroms.com/gameboy_color_roms/alfreds_adventure.zip
http://download.freeroms.com/gameboy_color_roms/alice_in_wonderland.zip
http://download.freeroms.com/gameboy_color_roms/alien_3.zip
http://download.freeroms.com/gameboy_color_roms/alien_3_(japan).zip
http://download.freeroms.com/gameboy_color_roms/alien_olympics_2044_ad.zip
http://download.freeroms.com/gameboy_color_roms/alien_planet_(freedom_gb2001_1st_place)_(public_domain).zip
http://download.freeroms.com/gameboy_color_roms/alien_planet_(public_domain).zip
http://download.freeroms.com/gameboy_color_roms/alien_vs_predator_-_the_last_of_his_clan.zip
http://download.freeroms.com/gameboy_color_roms/alien_vs_predator_-_the_last_of_his_clan_(japan).zip
http://download.freeroms.com/gameboy_color_roms/aliens_-_thanatos_encounter.zip
http://download.freeroms.com/gameboy_color_roms/all_star_tennis_2000.zip
http://download.freeroms.com/gameboy_color_roms/all-star_baseball_2000.zip
http://download.freeroms.com/gameboy_color_roms/all-star_baseball_2001.zip
http://download.freeroms.com/gameboy_color_roms/all-star_baseball_99.zip
http://download.freeroms.com/gameboy_color_roms/all7_(public_domain).zip
http://download.freeroms.com/gameboy_color_roms/alleyway.zip
http://download.freeroms.com/gameboy_color_roms/alone_in_the_dark_-_the_new_nightmare.zip
http://download.freeroms.com/gameboy_color_roms/alpha_wing_(public_domain).zip
http://download.freeroms.com/gameboy_color_roms/altered_space.zip
http://download.freeroms.com/gameboy_color_roms/altered_space_(japan).zip
http://download.freeroms.com/gameboy_color_roms/amazing_penguin.zip
http://download.freeroms.com/gameboy_color_roms/amazing_spider-man_2,_the.zip
http://download.freeroms.com/gameboy_color_roms/amazing_spider-man_3,_the_-_invasion_of_the_spider-slayers.zip
http://download.freeroms.com/gameboy_color_roms/amazing_spider-man,_the.zip
http://download.freeroms.com/gameboy_color_roms/amazing_tater.zip
http://download.freeroms.com/gameboy_color_roms/america_oudan_ultra_quiz_(japan).zip
http://download.freeroms.com/gameboy_color_roms/america_oudan_ultra_quiz_part_2_(japan).zip
http://download.freeroms.com/gameboy_color_roms/america_oudan_ultra_quiz_part_3_(japan).zip
http://download.freeroms.com/gameboy_color_roms/america_oudan_ultra_quiz_part_4_(japan).zip
http://download.freeroms.com/gameboy_color_roms/american_jesus_(public_domain).zip
http://download.freeroms.com/gameboy_color_roms/amida_(japan).zip
http://download.freeroms.com/gameboy_color_roms/amingos_wild_journey_(public_domain).zip
http://download.freeroms.com/gameboy_color_roms/animal_breeder_(japan).zip
http://download.freeroms.com/gameboy_color_roms/animal_breeder_2_(japan).zip
http://download.freeroms.com/gameboy_color_roms/animal_breeder_3_(japan).zip
http://download.freeroms.com/gameboy_color_roms/animal_breeder_4_(japan).zip
http://download.freeroms.com/gameboy_color_roms/animal_xxx1_(public_domain).zip
http://download.freeroms.com/gameboy_color_roms/animaniacs.zip
http://download.freeroms.com/gameboy_color_roms/animastar_gb_(japan).zip
http://download.freeroms.com/gameboy_color_roms/animation_demo_1_(public_domain).zip
http://download.freeroms.com/gameboy_color_roms/animation_demo_2_(public_domain).zip
http://download.freeroms.com/gameboy_color_roms/animeng_beta01_main_program_(public_domain).zip
http://download.freeroms.com/gameboy_color_roms/animorphs.zip
http://download.freeroms.com/gameboy_color_roms/another_bible_(japan).zip
http://download.freeroms.com/gameboy_color_roms/another_bible_(japan)[t+eng1.01_agtp].zip
http://download.freeroms.com/gameboy_color_roms/ant_hill_(public_domain).zip
http://download.freeroms.com/gameboy_color_roms/ant_soldiers.zip
http://download.freeroms.com/gameboy_color_roms/ant_soldiers_demo_(public_domain).zip
http://download.freeroms.com/gameboy_color_roms/anti_isda_warrior_v1.0_by_ventzislav_tzvetkov_(public_domain).zip
http://download.freeroms.com/gameboy_color_roms/antygona_by_sofokles_(public_domain).zip
http://download.freeroms.com/gameboy_color_roms/antz.zip
http://download.freeroms.com/gameboy_color_roms/antz_racing.zip
http://download.freeroms.com/gameboy_color_roms/aoki_densetsu_shoot!_(japan).zip
http://download.freeroms.com/gameboy_color_roms/apa_demo_(public_domain).zip
http://download.freeroms.com/gameboy_color_roms/apa_demo_2_(public_domain).zip
http://download.freeroms.com/gameboy_color_roms/apache_(public_domain).zip
http://download.freeroms.com/gameboy_color_roms/apocalypse_now_demo_(public_domain).zip
http://download.freeroms.com/gameboy_color_roms/apple_demo_(public_domain).zip
http://download.freeroms.com/gameboy_color_roms/aqualife_(japan).zip
http://download.freeroms.com/gameboy_color_roms/aqueous_demo_(public_domain).zip
http://download.freeroms.com/gameboy_color_roms/aretha_(japan).zip
http://download.freeroms.com/gameboy_color_roms/aretha_ii_(japan).zip
http://download.freeroms.com/gameboy_color_roms/aretha_iii_(japan).zip
http://download.freeroms.com/gameboy_color_roms/arkanoid_(public_domain).zip
http://download.freeroms.com/gameboy_color_roms/arle_no_bouken_-_mahou_no_jewel_(japan).zip
http://download.freeroms.com/gameboy_color_roms/armada_-_fx_racers.zip
http://download.freeroms.com/gameboy_color_roms/armageddon_video_trailer_(gbtk_video)_(public_domain).zip
http://download.freeroms.com/gameboy_color_roms/armorines_-_project_s.w.a.r.m..zip
http://download.freeroms.com/gameboy_color_roms/army_men.zip
http://download.freeroms.com/gameboy_color_roms/army_men_-_air_combat.zip
http://download.freeroms.com/gameboy_color_roms/army_men_-_sarges_heroes_2.zip
http://download.freeroms.com/gameboy_color_roms/army_men_2.zip
http://download.freeroms.com/gameboy_color_roms/arthurs_absolutely_fun_day!.zip
http://download.freeroms.com/gameboy_color_roms/artic_zone_(sachen_4-in-1_vol._5).zip
http://download.freeroms.com/gameboy_color_roms/artrom_1_v1.0_(public_domain).zip
http://download.freeroms.com/gameboy_color_roms/ascii_wars_v1.1_(public_domain).zip
http://download.freeroms.com/gameboy_color_roms/ash_demo_(public_domain).zip
http://download.freeroms.com/gameboy_color_roms/asterix.zip
http://download.freeroms.com/gameboy_color_roms/asterix_-_search_for_dogmatix.zip
http://download.freeroms.com/gameboy_color_roms/asteroids.zip
http://download.freeroms.com/gameboy_color_roms/asteroids_and_missile_command.zip
http://download.freeroms.com/gameboy_color_roms/astro_rabby_(japan).zip
http://download.freeroms.com/gameboy_color_roms/asukatti_slide_show_(public_domain).zip
http://download.freeroms.com/gameboy_color_roms/atari_2600_boxing_(public_domain).zip
http://download.freeroms.com/gameboy_color_roms/atc_-_air_traffic_control_simulation_(public_domain).zip
http://download.freeroms.com/gameboy_color_roms/athena_no_hatena_(japan).zip
http://download.freeroms.com/gameboy_color_roms/atlantis_-_the_lost_empire.zip
http://download.freeroms.com/gameboy_color_roms/atomic_punk.zip
http://download.freeroms.com/gameboy_color_roms/atsumete_asobu_kuma_no_pooh-san_-_mori_no_takaramono_(japan).zip
http://download.freeroms.com/gameboy_color_roms/attack_of_the_killer_tomatoes.zip
http://download.freeroms.com/gameboy_color_roms/attack_of_the_killer_tomatoes_(japan).zip
http://download.freeroms.com/gameboy_color_roms/austin_powers_-_oh,_behave!.zip
http://download.freeroms.com/gameboy_color_roms/austin_powers_-_welcome_to_my_underground_lair!.zip
http://download.freeroms.com/gameboy_color_roms/avenging_spirit.zip
http://download.freeroms.com/gameboy_color_roms/ayakashi_no_shiro_(japan).zip
http://download.freeroms.com/gameboy_color_roms/azure_dreams.zip
http://download.freeroms.com/gameboy_color_roms/b-daman_bakugaiden_-_victory_heno_michi_(japan).zip
http://download.freeroms.com/gameboy_color_roms/b-daman_bakugaiden_v_-_final_mega_tune_(japan).zip
http://download.freeroms.com/gameboy_color_roms/b.c._kid_2.zip
http://download.freeroms.com/gameboy_color_roms/babe_and_friends.zip
http://download.freeroms.com/gameboy_color_roms/baby_felix_-_halloween.zip
http://download.freeroms.com/gameboy_color_roms/baby_t-rex.zip
http://download.freeroms.com/gameboy_color_roms/back_to_earth_3d_(public_domain).zip
http://download.freeroms.com/gameboy_color_roms/backgammon.zip
http://download.freeroms.com/gameboy_color_roms/backgammon_(japan).zip
http://download.freeroms.com/gameboy_color_roms/backwards_xxx_(public_domain).zip
http://download.freeroms.com/gameboy_color_roms/bajki_i_przypowiesci_by_ignacy_krasicki_(public_domain).zip
http://download.freeroms.com/gameboy_color_roms/bakenou_tv_94_(japan).zip
http://download.freeroms.com/gameboy_color_roms/bakenou_v3_(japan).zip
http://download.freeroms.com/gameboy_color_roms/bakuchou_retrieve_master_(japan).zip
http://download.freeroms.com/gameboy_color_roms/bakukyuu_renpatsu!!_super_b-daman_-_gekitan!_rising_valkyre!!_(japan).zip
http://download.freeroms.com/gameboy_color_roms/bakuretsu_senshi_warrior_(japan).zip
http://download.freeroms.com/gameboy_color_roms/bakusou_dekotora_densetsu_gb_special_-_otoko_dokyou_no_tenka_touitsu_(japan).zip
http://download.freeroms.com/gameboy_color_roms/bakusou_senki_metal_walker_gb_-_koutetsu_no_yuujou_(japan).zip
http://download.freeroms.com/gameboy_color_roms/bakuten_shoot_beyblade_(japan).zip
http://download.freeroms.com/gameboy_color_roms/ball_(public_domain).zip
http://download.freeroms.com/gameboy_color_roms/ballgame_dx_demo_(public_domain).zip
http://download.freeroms.com/gameboy_color_roms/ballgame_dx_demo_for_bung_(public_domain).zip
http://download.freeroms.com/gameboy_color_roms/ballistic.zip
http://download.freeroms.com/gameboy_color_roms/balloon_balloon_(public_domain).zip
http://download.freeroms.com/gameboy_color_roms/balloon_fight_gb_(japan).zip
http://download.freeroms.com/gameboy_color_roms/balloon_kid.zip
http://download.freeroms.com/gameboy_color_roms/balloon_man_(public_domain).zip
http://download.freeroms.com/gameboy_color_roms/ballpark_title_screen_(public_domain).zip
http://download.freeroms.com/gameboy_color_roms/ballyhoo_(public_domain).zip
http://download.freeroms.com/gameboy_color_roms/bamse_(sw).zip
http://download.freeroms.com/gameboy_color_roms/banishing_racer_(japan).zip
http://download.freeroms.com/gameboy_color_roms/barbie_-_chasse_au_tresor_sous-marine_(france).zip
http://download.freeroms.com/gameboy_color_roms/barbie_-_fashion_pack_games.zip
http://download.freeroms.com/gameboy_color_roms/barbie_-_game_girl.zip
http://download.freeroms.com/gameboy_color_roms/barbie_-_magic_genie_adventure.zip
http://download.freeroms.com/gameboy_color_roms/barbie_-_meeresabenteuer_(germany).zip
http://download.freeroms.com/gameboy_color_roms/barbie_-_ocean_discovery.zip
http://download.freeroms.com/gameboy_color_roms/barbie_-_pet_rescue.zip
http://download.freeroms.com/gameboy_color_roms/barca_total_2000.zip
http://download.freeroms.com/gameboy_color_roms/barcode_taisen_bardigun_(japan).zip
http://download.freeroms.com/gameboy_color_roms/baseball.zip
http://download.freeroms.com/gameboy_color_roms/baseball_kids_(japan).zip
http://download.freeroms.com/gameboy_color_roms/bases_loaded.zip
http://download.freeroms.com/gameboy_color_roms/bass_masters_classic.zip
http://download.freeroms.com/gameboy_color_roms/batman_(usajapan).zip
http://download.freeroms.com/gameboy_color_roms/batman_-_return_of_the_joker.zip
http://download.freeroms.com/gameboy_color_roms/batman_-_return_of_the_joker_(japan).zip
http://download.freeroms.com/gameboy_color_roms/batman_-_the_animated_series.zip
http://download.freeroms.com/gameboy_color_roms/batman_beyond_-_return_of_the_joker.zip
http://download.freeroms.com/gameboy_color_roms/batman_forever.zip
http://download.freeroms.com/gameboy_color_roms/batman_forever_(japan).zip
http://download.freeroms.com/gameboy_color_roms/batman_of_the_future_-_return_of_the_joker.zip
http://download.freeroms.com/gameboy_color_roms/battle_arena_toshinden.zip
http://download.freeroms.com/gameboy_color_roms/battle_arena_toshinden_(japan).zip
http://download.freeroms.com/gameboy_color_roms/battle_bull.zip
http://download.freeroms.com/gameboy_color_roms/battle_bull_(japan).zip
http://download.freeroms.com/gameboy_color_roms/battle_crusher_(japan).zip
http://download.freeroms.com/gameboy_color_roms/battle_dodge_ball_(japan).zip
http://download.freeroms.com/gameboy_color_roms/battle_fishers_(japan).zip
http://download.freeroms.com/gameboy_color_roms/battle_of_kingdom_(japan).zip
http://download.freeroms.com/gameboy_color_roms/battle_of_olympus,_the.zip
http://download.freeroms.com/gameboy_color_roms/battle_pingpong_(japan).zip
http://download.freeroms.com/gameboy_color_roms/battle_space_(japan).zip
http://download.freeroms.com/gameboy_color_roms/battle_tanx.zip
http://download.freeroms.com/gameboy_color_roms/battle_unit_zeoth.zip
http://download.freeroms.com/gameboy_color_roms/battle_unit_zeoth_(japan).zip
http://download.freeroms.com/gameboy_color_roms/battle_unit_zeoth_[t+ita0.9_dull].zip
http://download.freeroms.com/gameboy_color_roms/battle_zone_and_super_breakout.zip
http://download.freeroms.com/gameboy_color_roms/battlecity_(japan).zip
http://download.freeroms.com/gameboy_color_roms/battleship.zip
http://download.freeroms.com/gameboy_color_roms/battletoads.zip
http://download.freeroms.com/gameboy_color_roms/battletoads_(japan).zip
http://download.freeroms.com/gameboy_color_roms/battletoads_double_dragon_-_the_ultimate_team.zip
http://download.freeroms.com/gameboy_color_roms/battletoads_in_ragnaroks_world.zip
http://download.freeroms.com/gameboy_color_roms/bbs_demo_(public_domain).zip
http://download.freeroms.com/gameboy_color_roms/beach_(public_domain).zip
http://download.freeroms.com/gameboy_color_roms/beach_volleyball_(japan).zip
http://download.freeroms.com/gameboy_color_roms/beachn_ball.zip
http://download.freeroms.com/gameboy_color_roms/bear_in_the_big_blue_house[hir].zip
http://download.freeroms.com/gameboy_color_roms/bear_in_the_big_blue_house[hi].zip
http://download.freeroms.com/gameboy_color_roms/beatmania_gb_(japan).zip
http://download.freeroms.com/gameboy_color_roms/beatmania_gb_2_(japan).zip
http://download.freeroms.com/gameboy_color_roms/beatmania_gb_gotcha_mix_2_(japan).zip
http://download.freeroms.com/gameboy_color_roms/beauty_and_the_beast_-_a_board_game_adventure.zip
http://download.freeroms.com/gameboy_color_roms/beauty_girls_volume_1_-_anna_kurnikova_v1.01_(public_domain).zip
http://download.freeroms.com/gameboy_color_roms/beavis_and_butt-head.zip
http://download.freeroms.com/gameboy_color_roms/beethovens_2nd.zip
http://download.freeroms.com/gameboy_color_roms/beetlejuice.zip
http://download.freeroms.com/gameboy_color_roms/ben_hur_by_lewis_wallace_(polish)_(public_domain).zip
http://download.freeroms.com/gameboy_color_roms/benjamin_bluemchen_-_ein_verrueckter_tag_im_zoo_(germany).zip
http://download.freeroms.com/gameboy_color_roms/berlin-hotball-paranoid_50_levels_preview_by_aleksi_eeben_(public_domain).zip
http://download.freeroms.com/gameboy_color_roms/berlin-hotball-paranoid_preview_1_by_aleksi_eeben_(public_domain).zip
http://download.freeroms.com/gameboy_color_roms/berlin-hotball-paranoid_preview_2_by_aleksi_eeben_(public_domain).zip
http://download.freeroms.com/gameboy_color_roms/berlin-hotball-paranoid_preview_3_by_aleksi_eeben_(public_domain).zip
http://download.freeroms.com/gameboy_color_roms/berlin-hotball-paranoid_preview_4_by_aleksi_eeben_(public_domain).zip
http://download.freeroms.com/gameboy_color_roms/berlin-hotball-paranoid_preview_5_by_aleksi_eeben_(public_domain).zip
http://download.freeroms.com/gameboy_color_roms/berlitz_french_language_translator.zip
http://download.freeroms.com/gameboy_color_roms/berlitz_spanish_language_translator.zip
http://download.freeroms.com/gameboy_color_roms/berutomo_kurabu_(japan).zip
http://download.freeroms.com/gameboy_color_roms/berzerk_legends_(public_domain).zip
http://download.freeroms.com/gameboy_color_roms/best_of_the_best_-_championship_karate.zip
http://download.freeroms.com/gameboy_color_roms/beyblade_-_tournament_fighting_(japan).zip
http://download.freeroms.com/gameboy_color_roms/bg_put0_demo_(public_domain).zip
http://download.freeroms.com/gameboy_color_roms/bhgos_-_multicart_menu_(public_domain).zip
http://download.freeroms.com/gameboy_color_roms/bhgos_-_overclocked_combo_(public_domain).zip
http://download.freeroms.com/gameboy_color_roms/bhgos_-_y2kode_combo_(public_domain).zip
http://download.freeroms.com/gameboy_color_roms/bibi_blocksberg_-_im_bann_der_hexenkugel_(germany).zip
http://download.freeroms.com/gameboy_color_roms/bible,_the_-_new_testament_books_(polish)_(public_domain).zip
http://download.freeroms.com/gameboy_color_roms/bible,_the_-_old_testament_books_01-08_(polish)_(public_domain).zip
http://download.freeroms.com/gameboy_color_roms/bible,_the_-_old_testament_books_09-18_(polish)_(public_domain).zip
http://download.freeroms.com/gameboy_color_roms/bible,_the_-_old_testament_books_19-23_(polish)_(public_domain).zip
http://download.freeroms.com/gameboy_color_roms/bible,_the_-_old_testament_books_24-39_(polish)_(public_domain).zip
http://download.freeroms.com/gameboy_color_roms/big_scroller_demo_(public_domain).zip
http://download.freeroms.com/gameboy_color_roms/bikkuri_nekketsu_shinkiroku!_-_dokodemo_kin_medal_(japan).zip
http://download.freeroms.com/gameboy_color_roms/bikkuriman_2000_-_charging_card_gb_(japan).zip
http://download.freeroms.com/gameboy_color_roms/bill_and_teds_excellent_gameboy_adventure.zip
http://download.freeroms.com/gameboy_color_roms/bill_elliotts_nascar_fast_tracks.zip
http://download.freeroms.com/gameboy_color_roms/billy_bobs_huntin_n_fishin.zip
http://download.freeroms.com/gameboy_color_roms/binary_chaos_(public_domain).zip
http://download.freeroms.com/gameboy_color_roms/bionic_battler.zip
http://download.freeroms.com/gameboy_color_roms/bionic_commando.zip
http://download.freeroms.com/gameboy_color_roms/bionic_commando_(japan).zip
http://download.freeroms.com/gameboy_color_roms/bionic_commando_-_elite_forces.zip
http://download.freeroms.com/gameboy_color_roms/bishoujo_senshi_sailor_moon.zip
http://download.freeroms.com/gameboy_color_roms/bishoujo_senshi_sailor_moon_(japan).zip
http://download.freeroms.com/gameboy_color_roms/bishoujo_senshi_sailor_moon_r_(japan).zip
http://download.freeroms.com/gameboy_color_roms/bitte_8_bit_demo_by_hitmen_(public_domain).zip
http://download.freeroms.com/gameboy_color_roms/black_bass_-_lure_fishing.zip
http://download.freeroms.com/gameboy_color_roms/black_forest_tale_(sachen_4-in-1_vol._6).zip
http://download.freeroms.com/gameboy_color_roms/black_onyx,_the_(japan).zip
http://download.freeroms.com/gameboy_color_roms/blackjack_(public_domain).zip
http://download.freeroms.com/gameboy_color_roms/blade.zip
http://download.freeroms.com/gameboy_color_roms/blades_of_steel.zip
http://download.freeroms.com/gameboy_color_roms/blastah_(public_domain).zip
http://download.freeroms.com/gameboy_color_roms/blastah_for_bung_(public_domain).zip
http://download.freeroms.com/gameboy_color_roms/blaster_master_-_enemy_below.zip
http://download.freeroms.com/gameboy_color_roms/blaster_master_boy.zip
http://download.freeroms.com/gameboy_color_roms/blaster_master_jr..zip
http://download.freeroms.com/gameboy_color_roms/blastroids_(public_domain).zip
http://download.freeroms.com/gameboy_color_roms/blem!_(public_domain).zip
http://download.freeroms.com/gameboy_color_roms/blobz_(public_domain).zip
http://download.freeroms.com/gameboy_color_roms/block_badger_(public_domain).zip
http://download.freeroms.com/gameboy_color_roms/block_kuzushi_gb.zip
http://download.freeroms.com/gameboy_color_roms/block_kuzushi_gb_(japan).zip
http://download.freeroms.com/gameboy_color_roms/blodia_(japan).zip
http://download.freeroms.com/gameboy_color_roms/blues_brothers,_the.zip
http://download.freeroms.com/gameboy_color_roms/blues_brothers,_the_-_jukebox_adventure.zip
http://download.freeroms.com/gameboy_color_roms/blues_clues_-_blues_alphabet_book.zip
http://download.freeroms.com/gameboy_color_roms/bng_demo_(public_domain).zip
http://download.freeroms.com/gameboy_color_roms/bo_jackson_hit_and_run.zip
http://download.freeroms.com/gameboy_color_roms/boarder_zone.zip
http://download.freeroms.com/gameboy_color_roms/bob_the_builder_-_fix_it_fun!.zip
http://download.freeroms.com/gameboy_color_roms/boggle_plus.zip
http://download.freeroms.com/gameboy_color_roms/bokemob_v2.2_(pokemon_blue_hack).zip
http://download.freeroms.com/gameboy_color_roms/bokemob_v2.5_(pokemon_blue_hack).zip
http://download.freeroms.com/gameboy_color_roms/boku_no_camp-jou_(japan).zip
http://download.freeroms.com/gameboy_color_roms/bokujou_monogatari_gb_(japan)_(v1.1).zip
http://download.freeroms.com/gameboy_color_roms/bokujou_monogatari_gb2.zip
http://download.freeroms.com/gameboy_color_roms/bokujou_monogatari_gb2_(japan).zip
http://download.freeroms.com/gameboy_color_roms/bokujou_monogatari_gb3_-_boy_meets_girl_(japan).zip
http://download.freeroms.com/gameboy_color_roms/bomb_disposer_(sachen_4-in-1_vol._6).zip
http://download.freeroms.com/gameboy_color_roms/bomb_jack.zip
http://download.freeroms.com/gameboy_color_roms/bomb_jack_[t+por].zip
http://download.freeroms.com/gameboy_color_roms/bomber_(public_domain).zip
http://download.freeroms.com/gameboy_color_roms/bomber_boy_(japan).zip
http://download.freeroms.com/gameboy_color_roms/bomber_king_-_scenario_2_(japan).zip
http://download.freeroms.com/gameboy_color_roms/bomberman_collection_(japan).zip
http://download.freeroms.com/gameboy_color_roms/bomberman_gb.zip
http://download.freeroms.com/gameboy_color_roms/bomberman_gb_(japan).zip
http://download.freeroms.com/gameboy_color_roms/bomberman_gb_2_(japan).zip
http://download.freeroms.com/gameboy_color_roms/bomberman_gb_3.zip
http://download.freeroms.com/gameboy_color_roms/bomberman_gb_3_(japan).zip
http://download.freeroms.com/gameboy_color_roms/bomberman_max_-_ain_version_(japan).zip
http://download.freeroms.com/gameboy_color_roms/bomberman_max_-_blue_champion.zip
http://download.freeroms.com/gameboy_color_roms/bomberman_max_-_hikari_no_yuusha_(japan).zip
http://download.freeroms.com/gameboy_color_roms/bomberman_max_-_red_challenger.zip
http://download.freeroms.com/gameboy_color_roms/bomberman_max_-_yami_no_senshi_(japan).zip
http://download.freeroms.com/gameboy_color_roms/bomberman_quest.zip
http://download.freeroms.com/gameboy_color_roms/bomberman_quest_(japan).zip
http://download.freeroms.com/gameboy_color_roms/bonks_adventure.zip
http://download.freeroms.com/gameboy_color_roms/bonks_revenge.zip
http://download.freeroms.com/gameboy_color_roms/booby_boys_(japan).zip
http://download.freeroms.com/gameboy_color_roms/books_of_the_bible_(public_domain).zip
http://download.freeroms.com/gameboy_color_roms/boomers_adventure_in_asmik_world.zip
http://download.freeroms.com/gameboy_color_roms/boomers_adventure_in_asmik_world_(japan).zip
http://download.freeroms.com/gameboy_color_roms/boomers_adventure_in_asmik_world_2_(japan).zip
http://download.freeroms.com/gameboy_color_roms/boulder_dash.zip
http://download.freeroms.com/gameboy_color_roms/boulder_dash_(japan).zip
http://download.freeroms.com/gameboy_color_roms/boulder_dash_(public_domain).zip
http://download.freeroms.com/gameboy_color_roms/boulder_dash_dx_by_darkfader_(public_domain).zip
http://download.freeroms.com/gameboy_color_roms/boulder_dash_dx_for_bung_by_darkfader_(public_domain).zip
http://download.freeroms.com/gameboy_color_roms/bounce_by_jarvik7_(public_domain).zip
http://download.freeroms.com/gameboy_color_roms/bounce!_by_issac_rounds_(public_domain).zip
http://download.freeroms.com/gameboy_color_roms/boxes_(public_domain).zip
http://download.freeroms.com/gameboy_color_roms/boxes_for_bung_(public_domain).zip
http://download.freeroms.com/gameboy_color_roms/boxing_(japan).zip
http://download.freeroms.com/gameboy_color_roms/boxxle_(v1.1).zip
http://download.freeroms.com/gameboy_color_roms/boxxle_2.zip
http://download.freeroms.com/gameboy_color_roms/boy_and_his_blob,_a_-_the_rescue_of_princess_blobette.zip
http://download.freeroms.com/gameboy_color_roms/brain_drain.zip
http://download.freeroms.com/gameboy_color_roms/brain_drain_(japan).zip
http://download.freeroms.com/gameboy_color_roms/brainbender.zip
http://download.freeroms.com/gameboy_color_roms/bram_stokers_dracula.zip
http://download.freeroms.com/gameboy_color_roms/brave_saga_-_shinshou_astaria_(japan).zip
http://download.freeroms.com/gameboy_color_roms/breakout_(public_domain).zip
http://download.freeroms.com/gameboy_color_roms/breakout_demo_(public_domain).zip
http://download.freeroms.com/gameboy_color_roms/breakthru!.zip
http://download.freeroms.com/gameboy_color_roms/brick_breaker_dx_(public_domain).zip
http://download.freeroms.com/gameboy_color_roms/brickster_(public_domain).zip
http://download.freeroms.com/gameboy_color_roms/britany_spears_-_flowers_by_titney_(public_domain).zip
http://download.freeroms.com/gameboy_color_roms/britany_spears_-_hammock_by_titney_(public_domain).zip
http://download.freeroms.com/gameboy_color_roms/britany_spears_-_sitting_by_titney_(public_domain).zip
http://download.freeroms.com/gameboy_color_roms/britany_spears_-_sultry_by_titney_(public_domain).zip
http://download.freeroms.com/gameboy_color_roms/bubble_bobble.zip
http://download.freeroms.com/gameboy_color_roms/bubble_bobble_(japan).zip
http://download.freeroms.com/gameboy_color_roms/bubble_bobble_jr._(japan).zip
http://download.freeroms.com/gameboy_color_roms/bubble_bobble_part_2.zip
http://download.freeroms.com/gameboy_color_roms/bubble_ghost.zip
http://download.freeroms.com/gameboy_color_roms/bubble_ghost_(japan).zip
http://download.freeroms.com/gameboy_color_roms/bubbles_(public_domain).zip
http://download.freeroms.com/gameboy_color_roms/bubsy_2.zip
http://download.freeroms.com/gameboy_color_roms/buffy_the_vampire_slayer.zip
http://download.freeroms.com/gameboy_color_roms/bugs_bunny.zip
http://download.freeroms.com/gameboy_color_roms/bugs_bunny_-_crazy_castle_3.zip
http://download.freeroms.com/gameboy_color_roms/bugs_bunny_-_crazy_castle_3_(japan).zip
http://download.freeroms.com/gameboy_color_roms/bugs_bunny_-_crazy_castle_4.zip
http://download.freeroms.com/gameboy_color_roms/bugs_bunny_-_crazy_castle_4_(japan).zip
http://download.freeroms.com/gameboy_color_roms/bugs_bunny_-_crazy_castle_ii.zip
http://download.freeroms.com/gameboy_color_roms/bugs_bunny_and_lola_bunny_-_carrot_crazy.zip
http://download.freeroms.com/gameboy_color_roms/bugs_bunny_and_lola_bunny_-_operation_carrots.zip
http://download.freeroms.com/gameboy_color_roms/bugs_bunny_collection_(japan)_(v1.1).zip
http://download.freeroms.com/gameboy_color_roms/bugs_life,_a.zip
http://download.freeroms.com/gameboy_color_roms/bump_demo_(public_domain).zip
http://download.freeroms.com/gameboy_color_roms/bundesliga_stars_2001_(germany).zip
http://download.freeroms.com/gameboy_color_roms/bung_cart_slideshow_(public_domain).zip
http://download.freeroms.com/gameboy_color_roms/bung_trivia_(public_domain).zip
http://download.freeroms.com/gameboy_color_roms/bung_trivia_-_revised_(public_domain).zip
http://download.freeroms.com/gameboy_color_roms/burai_fighter_color_(japan).zip
http://download.freeroms.com/gameboy_color_roms/burai_fighter_deluxe.zip
http://download.freeroms.com/gameboy_color_roms/burai_fighter_deluxe_(japan).zip
http://download.freeroms.com/gameboy_color_roms/burger_burger_pocket_(japan).zip
http://download.freeroms.com/gameboy_color_roms/burger_paradise_(japan).zip
http://download.freeroms.com/gameboy_color_roms/burger_time_deluxe_(usajapan).zip
http://download.freeroms.com/gameboy_color_roms/burning_paper_(japan).zip
http://download.freeroms.com/gameboy_color_roms/bust-a-move_2_-_arcade_edition.zip
http://download.freeroms.com/gameboy_color_roms/bust-a-move_3_dx.zip
http://download.freeroms.com/gameboy_color_roms/bust-a-move_4.zip
http://download.freeroms.com/gameboy_color_roms/bust-a-move_4_(mono_hack).zip
http://download.freeroms.com/gameboy_color_roms/bust-a-move_millennium.zip
http://download.freeroms.com/gameboy_color_roms/buster_brothers.zip
http://download.freeroms.com/gameboy_color_roms/buzz_lightyear_of_star_command.zip
http://download.freeroms.com/gameboy_color_roms/buzz_lightyear_of_star_command_(germany).zip
http://download.freeroms.com/gameboy_color_roms/ca_da_(japan).zip
http://download.freeroms.com/gameboy_color_roms/cadillac_ii_(japan).zip
http://download.freeroms.com/gameboy_color_roms/caesars_palace.zip
http://download.freeroms.com/gameboy_color_roms/caesars_palace_(japan).zip
http://download.freeroms.com/gameboy_color_roms/caesars_palace_(v1.1).zip
http://download.freeroms.com/gameboy_color_roms/caesars_palace_ii.zip
http://download.freeroms.com/gameboy_color_roms/cannon_fodder.zip
http://download.freeroms.com/gameboy_color_roms/capcom_quiz_(japan).zip
http://download.freeroms.com/gameboy_color_roms/capman_(public_domain).zip
http://download.freeroms.com/gameboy_color_roms/captain_america_and_the_avengers.zip
http://download.freeroms.com/gameboy_color_roms/captain_knick-knack.zip
http://download.freeroms.com/gameboy_color_roms/captain_tsubasa_(japan).zip
http://download.freeroms.com/gameboy_color_roms/captain_tsubasa_vs_(japan).zip
http://download.freeroms.com/gameboy_color_roms/car_(public_domain).zip
http://download.freeroms.com/gameboy_color_roms/card_game_(japan).zip
http://download.freeroms.com/gameboy_color_roms/card_shuffle_(public_domain).zip
http://download.freeroms.com/gameboy_color_roms/cardcaptor_sakura_-_itsumo_sakura-chan_to_issho_(japan)_(v1.1).zip
http://download.freeroms.com/gameboy_color_roms/cardcaptor_sakura_-_tomoe_shougakkou_daiundoukai_(japan).zip
http://download.freeroms.com/gameboy_color_roms/carillion_demos_-_chords_(public_domain).zip
http://download.freeroms.com/gameboy_color_roms/carillion_demos_-_fruitless_(public_domain).zip
http://download.freeroms.com/gameboy_color_roms/carillion_demos_-_oldschool_(public_domain).zip
http://download.freeroms.com/gameboy_color_roms/carillion_demos_-_samplecheck_(public_domain).zip
http://download.freeroms.com/gameboy_color_roms/carillion_demos_-_soundcheck_(public_domain).zip
http://download.freeroms.com/gameboy_color_roms/carillion_demos_-_train_(public_domain).zip
http://download.freeroms.com/gameboy_color_roms/carillon_editor_v1.2_(public_domain).zip
http://download.freeroms.com/gameboy_color_roms/carillon_player_and_fx_hammer_v1.0_7645hz_sample_(public_domain).zip
http://download.freeroms.com/gameboy_color_roms/carillon_player_v1.2_(public_domain).zip
http://download.freeroms.com/gameboy_color_roms/carl_lewis_athletics_2000.zip
http://download.freeroms.com/gameboy_color_roms/carmageddon.zip
http://download.freeroms.com/gameboy_color_roms/carmageddon_(germany).zip
http://download.freeroms.com/gameboy_color_roms/carmen_by_prosper_merimee_(public_domain).zip
http://download.freeroms.com/gameboy_color_roms/cars_(public_domain).zip
http://download.freeroms.com/gameboy_color_roms/casino_funpak.zip
http://download.freeroms.com/gameboy_color_roms/casper.zip
http://download.freeroms.com/gameboy_color_roms/castelian.zip
http://download.freeroms.com/gameboy_color_roms/castle_quest.zip
http://download.freeroms.com/gameboy_color_roms/castlevania_-_legends.zip
http://download.freeroms.com/gameboy_color_roms/castlevania_-_legends_(germany).zip
http://download.freeroms.com/gameboy_color_roms/castlevania_adventure,_the.zip
http://download.freeroms.com/gameboy_color_roms/castlevania_adventure,_the_(graphics_improved_hack).zip
http://download.freeroms.com/gameboy_color_roms/castlevania_ii_-_belmonts_revenge.zip
http://download.freeroms.com/gameboy_color_roms/castlevania_ii_-_belmonts_revenge_[t+ger1.00_tranx].zip
http://download.freeroms.com/gameboy_color_roms/cat_and_dog_(public_domain).zip
http://download.freeroms.com/gameboy_color_roms/caterpillar_construction_zone.zip
http://download.freeroms.com/gameboy_color_roms/catrap.zip
http://download.freeroms.com/gameboy_color_roms/catwoman.zip
http://download.freeroms.com/gameboy_color_roms/catz_-_your_virtual_petz_palz.zip
http://download.freeroms.com/gameboy_color_roms/cave_noire_(japan).zip
http://download.freeroms.com/gameboy_color_roms/centipede.zip
http://download.freeroms.com/gameboy_color_roms/chacha_maru_panic_(japan).zip
http://download.freeroms.com/gameboy_color_roms/chachamaru_boukenki_3_-_abyss_no_tou_(japan).zip
http://download.freeroms.com/gameboy_color_roms/challenger_gb_bios.zip
http://download.freeroms.com/gameboy_color_roms/chalvo_55_-_super_puzzle_action.zip
http://download.freeroms.com/gameboy_color_roms/chalvo_55_-_super_puzzle_action_(japan).zip
http://download.freeroms.com/gameboy_color_roms/championship_motocross_2001_featuring_ricky_carmichael.zip
http://download.freeroms.com/gameboy_color_roms/championship_pool.zip
http://download.freeroms.com/gameboy_color_roms/channel_49_-_first_strike_(public_domain).zip
http://download.freeroms.com/gameboy_color_roms/chaos89_by_charles_doty_(public_domain).zip
http://download.freeroms.com/gameboy_color_roms/chapter_4_link_test_(public_domain).zip
http://download.freeroms.com/gameboy_color_roms/chase_h.q._(japan).zip
http://download.freeroms.com/gameboy_color_roms/chase_h.q._(v1.1).zip
http://download.freeroms.com/gameboy_color_roms/chase_h.q._-_secret_police.zip
http://download.freeroms.com/gameboy_color_roms/chase_h.q._-_secret_police_(japan).zip
http://download.freeroms.com/gameboy_color_roms/checkmate_(japan).zip
http://download.freeroms.com/gameboy_color_roms/chee-chai_alien_(japan).zip
http://download.freeroms.com/gameboy_color_roms/chessmaster,_the.zip
http://download.freeroms.com/gameboy_color_roms/chessmaster,_the_(japan).zip
http://download.freeroms.com/gameboy_color_roms/chessmaster,_the_(v1.1).zip
http://download.freeroms.com/gameboy_color_roms/chi_to_ase_to_namida_no_koukou_yakyuu_(japan).zip
http://download.freeroms.com/gameboy_color_roms/chibi_maruko-chan_-_go_chounai_minna_de_game_dayo!_(japan).zip
http://download.freeroms.com/gameboy_color_roms/chibi_maruko-chan_-_maruko_deluxe_gekijou_(japan).zip
http://download.freeroms.com/gameboy_color_roms/chibi_maruko-chan_-_okozukai_daisakusen_(japan).zip
http://download.freeroms.com/gameboy_color_roms/chibi_maruko-chan_2_-_deluxe_maruko_world_(japan).zip
http://download.freeroms.com/gameboy_color_roms/chibi_maruko-chan_3_-_mezase!_game_taishou_no_maki_(japan).zip
http://download.freeroms.com/gameboy_color_roms/chibi_maruko-chan_4_-_kore_ga_nippon_dayo!_ouji-sama_(japan).zip
http://download.freeroms.com/gameboy_color_roms/chicken_run.zip
http://download.freeroms.com/gameboy_color_roms/chiki_chiki_tengoku_(japan).zip
http://download.freeroms.com/gameboy_color_roms/chiki_race_(japan).zip
http://download.freeroms.com/gameboy_color_roms/chikyuu_kaihou_gun_zas_(japan).zip
http://download.freeroms.com/gameboy_color_roms/chip_the_chick_(peetan_hack).zip
http://download.freeroms.com/gameboy_color_roms/chlopi_tom_1_by_chlopi_wladyslaw_stanislaw_reymont_(public_domain).zip
http://download.freeroms.com/gameboy_color_roms/chlopi_tom_2_by_chlopi_wladyslaw_stanislaw_reymont_(public_domain).zip
http://download.freeroms.com/gameboy_color_roms/chlopi_tom_3_by_chlopi_wladyslaw_stanislaw_reymont_(public_domain).zip
http://download.freeroms.com/gameboy_color_roms/chlopi_tom_4_by_chlopi_wladyslaw_stanislaw_reymont_(public_domain).zip
http://download.freeroms.com/gameboy_color_roms/choplifter_ii_(japan).zip
http://download.freeroms.com/gameboy_color_roms/choplifter_ii_-_rescue_and_survive.zip
http://download.freeroms.com/gameboy_color_roms/choplifter_iii.zip
http://download.freeroms.com/gameboy_color_roms/choro_q_-_hyper_customable_gb_(japan).zip
http://download.freeroms.com/gameboy_color_roms/chou_gals!_kotobuki_ran_(japan).zip
http://download.freeroms.com/gameboy_color_roms/christmas_demo_by_fagemul_(public_domain).zip
http://download.freeroms.com/gameboy_color_roms/christmas_demo_for_consolemul_by_fagemul_(public_domain).zip
http://download.freeroms.com/gameboy_color_roms/christmas_demo_for_rc-roms_by_fagemul_(public_domain).zip
http://download.freeroms.com/gameboy_color_roms/christmas_greetings_from_rave669_(public_domain).zip
http://download.freeroms.com/gameboy_color_roms/chuck_rock.zip
http://download.freeroms.com/gameboy_color_roms/chuckie_dx_v0.33_(public_domain).zip
http://download.freeroms.com/gameboy_color_roms/chunk_out_(public_domain).zip
http://download.freeroms.com/gameboy_color_roms/chunky_world_(public_domain).zip
http://download.freeroms.com/gameboy_color_roms/chuugaku_eijukugo_350_(japan).zip
http://download.freeroms.com/gameboy_color_roms/chuugaku_eitango_1700_(japan).zip
http://download.freeroms.com/gameboy_color_roms/circuit_breaker_(public_domain).zip
