1000th Video!!!|JFWchElNxHA
10minutemail|68ryubUqKO0
24 Hours in a Day   Original Music By Kris Occhipinti|AE6SyNMRNOQ
28 - Original Music By Kris Occhipinti|7RtfWRIHhm0
2D Game Creation for Linux - tutorial 1|iIOP3zwCHWs
2D Game Creation for Linux - tutorial 2|6JfPw_JFdjo
2D Game Creation for Linux - tutorial 3|Tj1R8fG6xis
2D Game Creation for Linux - tutorial 4|yE3c7GulCxs
2D Game Creation for Linux - tutorial 5|PD74LXPvYMk
2D Game Creation for Linux - tutorial 6|eLWEm9IATxk
2D Game Creation for Linux - tutorial 7|DV3W_PVxqaY
3 Days Without You - 2001 Trailer 1|6wrtTHjwGX4
3D Cube - on the Nokia N900 with pygame|BYfYSQ7dFtc
3D Screen Cast - Blender 3d|TzFO-wVpgdg
3D Screen Cast - Howto - Blender 3D - Linux|Z4O1kVXGx3g
3D Snowflake with Blender 3D 2.49|Q8NCJcjS_QQ
3D Video Game Double Swinging Doors|rymX617gtKw
4th of July|Y1bjbWPEedE
60 Days Lost|jNW8NYyKKow
965 Subscribers|VBHhw6TdgOE
999|4hKa9xeNR0M
A Little Fun with 3D Arrays|rgELwd-hiEs
A Look At Slitaz|e_ahD-rETe0
A Quick Look at Xprop - Linux Shell - BASH|s_dGbBRmM_A
ARP_RUN - Original Music By Kris Occhipinti|fEjhV2l-KWA
A_Look_At_TinyCore|48QZOaLWQX0
About next week with Hugin   360 Panorama|gAte-e8sD30
Add a folder to an ISO image - BASH|H6eKDQqjWMc
Address Labels with Glabels - Linux Tutorial|97q6SEu0LtQ
Agave -color scheme selector|qH4NTCB6PpI
Album - The_Rack|tpfXqRzHqTM
Alpha Logos in GIMP|zg3U75ccpa0
Altcode - Original Music By Kris Occhipinti|snj4Nq1Wsr8
Altered_Protocol - Original Music By Kris Occhipinti|w5S4xwK8kB0
Always Innovating TouchBook - The coolest computer ever!!!|srLm8vrddac
AmSynth Virtual Keyboard|Rh14IdFE4d0
Amazon Support Update|0fLkp4__r84
Amsynth - Linux Synthesizer|YHR9hQVrRIQ
Android ADB Shell Tutorial|1WcYXpFCjFs
Android Frame Buffer and Screen Shots Tutorial|BUPPyR6VasI
Animate a Rotating 3D Cube in HTML5 with Threejs Linux Tutorial|uVVmyLpFl2A
Animated Focus in Blender 3d - Linux|VGqrjjkkLDM
Animated Gif to Still Images with ImageMagick - BASH - Linux|a4u0CaO6F2E
Another look at Arrays - BASH|oOWP74oEtg0
Another look at Patchage and Latency - Jack - Linux|MWTuBn_EJeU
Another way to login to ssh with a script|sYmcxgcus1c
Answering Questions and Talking About the Future|FXgk07VWamU
April Update|0XZG_PtI-KQ
Aptitude vs apt-get|stWpR_KpGD8
Ardour - Making Looops the Same BPM - Stretch - Linux Music|jpFIH_cfBrw
Ardour - Music Editing in Linux - Part #1|43ES7p4ejX0
Ardour - Music Editing in Linux - Part #2|_pF-CfWgMw0
Ardour - Music Editing in Linux - Part #3|sxFVlq140-A
Arduino - Digital Count Down|AZOq1jwZNLc
Arduino - MIDI Controller part 1|fdY1wfpomxc
Arduino - MIDI Controller part 2 - The Code|dVoOBg3hUaw
Arduino - MIDI Controller part 3 - More Code|ZrdphNH2ZJw
Arduino - Playing with a 4 Digit - 7 Segment LED Display|8YLyHJ9ynRU
Arduino - Serial Communications|7QehD70CUzM
Arduino - Servo Motors - Loop Actions|ZIQKf98cAMk
Arduino - Servo Motors - Sweep Actions|xOMa3Km9wtg
Arduino - Servo Motors and Knobs|2dR0gzvDoAY
Arduino - Smoke Bombs - Failed Test|afu2Xxhjg3w
Arduino - Smoke Bombs Beta Code|5R356lYWLbY
Arduino - Smoke Bombs Part 1|B9TgHkE5n88
Arduino - Smoke Bombs Prototype  2|RC0RX6zyjj0
Arduino - Stop Watch - Quick Look|aNC0wHp5L1s
Arduino - Tutorial 1 - LED|LqV_D5mt28o
Arduino - Tutorial 1 Part B - LED|y_8UjvkBIRY
Arduino - bread boards and LEDs - Part 1|2MQywWsOZ2w
Arduino - bread boards and LEDs - Part 2|aK5aPDleioA
Arduino Controlled Flip Camera Stand|5MGM9EsItJ8
Arduino???|01IsHr6rD1c
Arrays in Blender 2.5 - Blender 3D|jcqs2MNzl2I
Artifact - Original Music By Kris Occhipinti|BNIQNzmeDRA
Audacity - Clone Tracks|BSAYHKkB1TM
Audacity - Sound Effects|WHw5x9qcKFc
Audacity - intro tutorial|2-lmAYIbeY8
Audacity - multipule tracks part 2|MdVLws1ZzLA
Audacity - working with multiple tracks|EGTdJ6WV9Tg
Audio Detection with Sox|Q5ntlKE0ze4
Audio Distortion in Linux|jlLkMkScIFc
Auto Completion in the Python Console - Linux|zUHFu8OlDZg
Auto Run Script as Root at Startup|4bFgB1XTQXI
Auto Wave - Original Music By Kris Occhipinti|MXUDylJnzmU
Axel for Faster Downloads Linux Shell Tutorial|npD_t_sjqPc
BASH  - USB Credit Card Swiper Script - Code for Magnetic Stripe HID Linux Shell|9FxlQXuXxFU
BASH  Toss Up Dice Game Simulator - Linux - Shell Script|GYIU_lEASrg
BASH - Burn ISO images with cdrecord in Linux|BxAEGa9NKs8
BASH - Lotto Number Generator - Linux tutorial|6-ofoj0xSO0
BASH - Mplayer Playlist Shuffle|IB7SCPtbJM8
BASH - Playing Music|S_-EGoLYCXY
BASH - Remove Line From Database File|0-KmVUYnRys
BASH - Removing Lines From a File Part2|g3XHgVUa8HY
BASH - Start ScreenSaver and Lock Computer|-cftlBMdoV0
BASH - Turn Terminal Cursor ON and OFF|-1yFvJw5L08
BASH - Why &quot;let&quot; and Why &quot;tmp&quot;|1oWBg90GUlo
BASH - find info about the current date.ogv|pco3GSZc3wg
BASH - netcat lesson #1|6pLjdN3tiRY
BASH - netstat|wcrQgKNUD10
BASH - replace space in file names|MRlUPV1221Y
BASH Arguments - Linux|zyNIOfIYiHo
BASH Colors with Esc Codes - Linux|9QGbwNomR4E
BASH File System Info with Shell Script When was the filesystem created tutorial|CQYABRuHHCE
BASH Lesson - Transfer Binary files across an network using NetCat|n6IxTgGXagg
BASH Lesson - df and awk (disk space)|nUr-jJdS3rg
BASH Lesson - espeak - tutorial|urZzy-zXyfw
BASH Lesson - the date command|Gn38ozHh3Q8
BASH Lesson 5 while loops|R-ZTyn1iETE
BASH Lesson 6 - notify pop-ups|EaVW3qJQYHc
BASH Lesson Tutorial - sed print requested line|ujXJ4ZoKFGs
BASH Lesson install Debian (Linux) with out having to burn another CD|rPtzl_VllGA
BASH Lesson sed substitute Part#2|LGAaTlynDsQ
BASH Lesson sed substitute|gSd42XDmKfU
BASH Lesson tutorial  - Use cURL to post to Twitter|VHa-LF2Nbe4
BASH Lesson wget|WvG4DfeNa6A
BASH Message of the Day with fortune and bashrc|o1WNlVqflwQ
BASH Print Multiple Lines|RMm-90X5AeU
BASH Quick Tip - Reversing a Text File - Linux|f1vmAqMD_mc
BASH Scripts  tutorial - GPS Part#1|hzIcPHTrtcY
BASH Tutorial - Advanced GUI Interface #1|3JuvSobjMi4
BASH Tutorial - Advanced GUI Interface #2|cNWmleAJ2qg
BASH Tutorial - Advanced GUI Interface #3|UU_er1bzdyU
BASH Tutorial - Advanced GUI Interface #4|R11v_iGWgn4
BASH Tutorial - Advanced GUI Interface #5|9llbYbnLv14
BASH Tutorial - Fun with Gmail Part #1|onu19oCLfwk
BASH Tutorial - Fun with Gmail Part #2|bfVEKQWJeK4
BASH Tutorial - OSD_CAT|pyUyUUaJkMk
BASH Tutorial - SSH tunneling with Firefox|li1QABi25Ao
BASH Tutorial - Zenity File Dialog Box|erIXNmF5PEU
BASH Tutorial SSH No Password|Au_MMRy021s
BASH Variables with ${}   Why and When.avi|nkaTWCTE4Xg
BASH eBay Watcher|zv8S0WDKe0A
BASH lesson - ifconfig - get your local IP addres|YthSM0ricLA
BASH lesson 10 Figlet Timer|P7aYcpYDhfE
BASH lesson 2|CsBVaJelurE
BASH lesson 3 - grep and cut commands|xdiZpPsw7mQ
BASH lesson 7 - HEAD, TAIL, MORE|zvEoEhgkxP0
BASH lesson 8 figlet|pMiWLbxUgNI
BASH lesson 9 colors|8v_mcII6Qv4
BASH lesson tutorial - Toilet Text|Wbg_Ypn_QO0
BASH lesson tutorial - printing numbers and letters in order|SzjqE-A5V5o
BASH lesson tutorial Post Web Form with Curl|Im72HDtqkFs
BASH lesson4 lynx|zaULBbY4SVs
BASH progress bar with pv|mTwBlPqRZO8
BASH tutorial - Bulk Download YouTube Videos|dMXzoHTTvi0
BASH tutorial - GUI's with Zenity Part #1|9YL1GtpCDFg
BASH tutorial - Music player XMMS2|bK1hMUs0ODs
BASH tutorial - Reading RAW DATA GPS continued|jTL_d0BuBtE
BASH tutorial SSH|boj3wOrAd5E
BASH tutorials - Arrays|fIHgpjkhMsg
BASH_TUTORIAL-Get_and_Confirm_User_Input|7ahjYoHzxxo
BASH_tutorial_Get_the_Newest_XKCD_Comic|1a2a8uu_0KM
BASH_tutorial_NMAP|XaCzpqIU5-A
BASH_tutorial_Reading_RAW_DATA.ogv|zBsT1aW5K44
BASH_tutorial_Reading_RAW_DATA_GPS|Mwu_R7zyp08
BGE1 - Python in Blender Game Engine - Move Object - Linux|BcuXh7w7ukc
BGE10 - Python in Blender Game Engine - Move then Rotate Object - Linux|TdN67EPsgBc
BGE11 - Python in Blender Game Engine - Distance Between Two Object - Linux|5MH4cDe682M
BGE12 - Python in Blender Game Engine - List All Object in a Scene - Linux|t0vXqNjuZe8
BGE13 - Python in Blender Game Engine - Move Object with Mouse - Drag n Drop - Linux|5AdQXcFKtuA
BGE2 - Python in Blender Game Engine - Rotate Object - Linux.avi|OdvpSllPHnQ
BGE3 - Python in Blender Game Engine - Move Object Revisited - Linux.avi|W982yPl6ZZs
BGE4 - Python in Blender Game Engine - Scale-Resize Objects - Linux.avi|D1jnmBU3brg
BGE5 - Python in Blender Game Engine - Print to Console - Linux.avi|g6CjnC1T0lA
BGE6 - Python in Blender Game Engine - Show Mouse Cursor - Linux|ojFFenraddg
BGE7 - Python in Blender Game Engine - Mouse Cursor Position - Linux|Xo1TpXNxOgo
BGE8 - Python in Blender Game Engine - Add Object - Linux|q17pDzia6ME
BGE9 - Python in Blender Game Engine - Remove Object - Linux|C4NvfHzd0Tg
Baby Goat|l1t3fvwjgYs
BabylonJS Tutorial #1 Basic Scene Setup 3D - Game Design|8Wna_76y3B0
BabylonJS Tutorial #2 Scaling Rotation and Light Colors 3D Game Design|ZsARkb8Y4Cc
BabylonJS Tutorial #3 Physics with CannonJS 3D - Game Design|BZJvpa04tGY
BabylonJS Tutorial #4 Import Blender Scenes Game Design a|YKopIbdMkwE
BackGround Image in Blender 3D 2.5|KSHxzCnRDUA
Back_Cover - Original Music By Kris Occhipinti|BltGCJDqaR0
Backyard Rappelling|t_hjzsrzSTA
Bad GT - Original Music By Kris Occhipinti|UQTGgx_1ONU
Bash Tutorial - Math|tPtZXm-y02s
Basic Camera Rotation in HTML5 with Threejs Tutorial|AMk6oHsil48
Basic Cube Rotate on Document Click HTML5 3D Threejs tutorial|jtBE9iKUYmM
Basic First or Thrid Person Shoot Game in Blender 3D Version 2.6 Tutorial|9W_hyfI_quc
Basic Grid Plane in HTML5 with Threejs Tutorial|c-O-tOYdAFY
Basic Hex Editing Windows Binary EXE files on Linux with Hexeditor Tutorial|AbdkZZZ7-qA
Basic Human Head Model in Blender|EiHkfUZC8JU
Basic Jquery Mobile List with Filter - Linux - Javascript - App Development|qNUO1As-nXY
Basic Python in Blender 2.5 - Blender 3D|jwF3chaT3BY
Basic Threading with Python - Linux|qklWaNxD5UI
Basic Trackball Camera Controls with Threejs HTML5 3D Rotation Tutorial|4_KkHLimetQ
Basics of Motion Tracking Part #1 - Blender 3D - 2.63 - Linux|l26kp1ETRk8
Basics of Motion Tracking Part #2 - Blender 3D - 2.63 - Linux|6Vm9Jx1pWv8
Batman Intro to Python|7OXMS9o-K8c
Battle Is One - Original Music By Kris Occhipinti|2KQzRTC4Rkc
Better Jetpack|miGaBIcIEkA
Bittorrent from the Command Line - BASH Shell - Linux|GQyNVIHdOYk
Blaba Quest - Original Music By Kris Occhipinti|BeuUZ0vjqCw
Bledner 3D Game Engine - Bridge update|y6LAJGiF7qE
Blender - Face Blur with Motion Tracking - Linux|bJTZDbuDAy4
Blender - Fluid tutorials Part 2 - inflow|x513nHH0_70
Blender - Fluid tutorials Part 3 - Obstacles|I-yOJswBkUM
Blender 2.5  - Lighting Problem in game|o9OOReGbKmY
Blender 2.5 - First Look|QrVPPD68JmE
Blender 2.5 Logic and Physhics - where are they|U9zTfogqtn8
Blender 2.5 Quick Tip - Expanding and Collapsing Tabs - Blender 3d|MM0VTESEW1k
Blender 2.6 Basics - Linux - Blender 3D|HUKHh0H8QIo
Blender 3D - 3rd person shooter game tutorial Part #2|xrXohhvS8p4
Blender 3D - Different Colors - Materials on an Object|BUg8OWalOsk
Blender 3D - Films By Kris|nq3jUK-E8Aw
Blender 3D - Fluid tutorials Part 1|eOqJeL-KVL8
Blender 3D - Importing Models|tDd2Nxq6GjQ
Blender 3D - Move through frames|ZfPnha4E1Sg
Blender 3D - Node Editor - Tutorial#1|GxXgzZ8U3NQ
Blender 3D - Node Editor - Tutorial#2|N33-9PU-29Y
Blender 3D - Node Editor - Tutorial#3|_aqcKMjwS68
Blender 3D - Photo Table - Blender 2.5 - Linux - Part - 1|Ni749CAuKzk
Blender 3D - Photo Table - Blender 2.5 - Linux - Part - 2|lhwo3xtvi5M
Blender 3D - Removing Cursor at Game Start|umRGIsxUBq8
Blender 3D - Splitting and Joining Objects|sOiFRG6f-Og
Blender 3D - Video Stabilization Test|6yyUYjZaHA0
Blender 3D 3rd Person Shooter tutorial Part #2a|b38XgAYwMms
Blender 3D Basics - The 3D View Window Part #1|uYJqvyP1hOc
Blender 3D Basics - The 3D View Window Part #2|QOPG0Cb5sWs
Blender 3D Basics - The 3D View Window Part #3|-3XoPB_mDOc
Blender 3D Basics on the UI Part#2|FzHaNaT420w
Blender 3D Basics on the UI|CljMsSemIMw
Blender 3D Game Engine - Bridge again|ZIByFS_pgdk
Blender 3D Game Engine - Create an Intro|ngdn8FhCyAQ
Blender 3D Game Engine - Main Menu Part#1|_fRev6_yB7M
Blender 3D Game Engine Part #5 - Player Controled Bridge|ygx9HM7k-U0
Blender 3D Game Engine Part #6 - Sounds|nkDgUdI27QU
Blender 3D Game Engine tutorial - Doors revisited|M7Pif9rTCSs
Blender 3D Game Engine tutorial part #4 Doors|8onRCmd6i0M
Blender 3D Growing Vines Blender 2.6x|FdEAx3SbFaw
Blender 3D Intros Part 1 - Linux - Tutorial|bFEOsF4YSXU
Blender 3D Intros Part 2 - Linux - Tutorial|8I3WFOdWIYY
Blender 3D Particale Tutorial #1 Render #2|P1wxTlDtFpM
Blender 3D Particale Tutorial #1 Rendered|S71Wk0g5lnY
Blender 3D Particle tutorial Part#1|mnbDnLUomq8
Blender 3D Particle tutorial Part#2|Jie1K77mmEg
Blender 3D Person Shooter in Blender 2.5 - Blender 3D - Linux|dwrEE0vSiJo
Blender 3D Screencast #2 - Linux|vdA_ScpA2h0
Blender 3D Screencast 2 - Intro|Z7nA7GwXdUw
Blender 3D Sequencer Tutorial #1|1xT74_pGuCs
Blender 3D Sequencer Tutorial #2|mXfZaE7thlk
Blender 3D Sequencer Tutorial #3|Vn0HaTPeLxM
Blender 3D Sequencer Tutorial #4|eyvqk40_kzU
Blender 3D Sequencer Tutorial #5|uTthYmsLByU
Blender 3D tutorial -  3rd Person shooter #1|SRXoFLG9XR8
Blender 3d 2.5 - Python - GameLogic - basics - KeyPresses|cYbBJtcVf9s
Blender 3d Game Engine Part #3 - Jet Pack|0Aljlza4hbI
Blender Game - Swinging Door on Hinge|GdpY_7HKeVM
Blender Images - Render With Alpha - Blender3D 2.5|8YuYecGFxC4
Blender Speed Model - Android 3D|jM_x6b3vj68
Blender Speed Model - Mario World Mushroom|vKIWFCX-VaQ
Blender Speed Model - R2D2 - StarWars|sfKrAopdp5Q
Blender Tracking Test|05g0UXBh1VQ
Blender Video Editing - Florida Linux Show 2009 Part#1|mJ6PHvnS61Y
Blender Video Editing - Florida Linux Show 2009 Part#2|Ka4bTcD670g
Blender is Not Hard to Use - Blender 3D|n4aqcTEKd0g
Blender_3D - Display_JetPack_Power_Level|RlhcXiwWdBE
Blender_3D_Ambient_Lighting|Kk0e8hycgz8
Blender_3D_Text_in_a_Game|B2kqWwnM3Nc
Blender_3D_Type_in_a_Game-User_Input|i-YgpUsHO1s
Bluetooth Scanning From BASH|Sf-D1Ran-hQ
BoltHouse - Original Music By Kris Occhipinti|vMTaEZAwIhA
Boot Linux with a Floopy Disk and gPXE Over Local Network|9LT8mGhOSm4
Boot an ISO off your Hard Drive|5hnCXc2ZEys
Booting with Plop Linux - USB - live CD|4q3zsYCE5gA
Box your Text with Boxes and ASCII art - BASH - Linux|K2VTkNOHWT8
Brace Expansion - Backing Up Files - BASH - Linux|kTJIZXwqrEs
Brace Expansion - Create Folder and Files - BASH - Linux|TMRLg2fvVBs
Brace Expansion - Intro - BASH - Linux|43xuDGP1Ixo
Brace Expansion - Letter Ranges - BASH - Linux|9VL-mhK7S-Y
Brace Expansion - New Line and Extra Words - BASH - Linux|0Nts26UeYyU
Brace Expansion - Number Ranges - BASH - Linux|TX1ZkEVI7dg
Brace Expansion - String List - BASH - Linux|zdPPdamdaqE
Breaking Loops - BASH - Linux|tkczZFoVkag
BrokenPlace - Original Music By Kris Occhipinti|3v-qm483Jqw
BrokenPlace v2 - Original Music By Kris Occhipinti|5-WlDm_U_t8
Build a Linux Kiosk Part #1|c1kVBCZ77U0
Build a Linux Kiosk Part #2|G0tX3HAW-k4
Build an Electronic Metronome|K3XfkIolhas
Build your own Slax Distro|WX6DbAljMgE
Bulk Convert to Webm and MP3 - FFMPEG - BASH - Linux|_sh73MPvUD8
Butter Pepper and Mushroom Pasta Sauce Cooking Recipes|Pe7l0Lwrc54
C Programing  Toss Up Dice Game Simulator - Linux|226g0_iC1PI
C Programing - Part 1 - Hello World|CAkz55qlMoE
C Programing - Part 10 - Arrays|x3Pa3Tys3AU
C Programing - Part 11 - Do While Loops|o2UfYPkaV1o
C Programing - Part 12 - Case Statments|X04WHDy3oYY
C Programing - Part 13 - Write to a File|KlY8FMpGau0
C Programing - Part 14 - Run System Commands|TAZNv3QOIOw
C Programing - Part 2 - Variables|2AjFLM20fkw
C Programing - Part 3 - Functions|2qy8ocnTWco
C Programing - Part 4 - Basic Math|plz3Z3EIfeY
C Programing - Part 5 - Wait to Exit|AvBzYsWvMog
C Programing - Part 6 - Functions and Variables|i-5jHDPi2Cg
C Programing - Part 7 - Get User Input|msYJHl3TR5g
C Programing - Part 8 - For Loops|v61DADChTZQ
C Programing - Part 9 - For Loops again|NqHGd9FsriU
C tutorials are coming|7EaKso0OY-8
C++  Packaging HTML5 and JavaScript as Standalone Program - Desktop - Qt - Webkit - Linux|KfIuCMSMBmo
CCSO helicopter|ul1tlzcPQgk
CIO - Original Music By Kris Occhipinti|HKU27Nnj9XI
Calendar System and Todo Lists - Linux Shell|ahLyA21wT68
Capture Still Images from your Webcam - UVCcapture - BASH - Linux|eLAqMYy_CEE
Carenize - Original Music By Kris Occhipinti|o9esck4iLRg
Catanatik - Original Music By Kris Occhipinti|aLv34PccNPc
Catapult in Blender 3D - Blender 2.5|5YMlIsJ0UeE
Center Text in your Terminal with printf|jBECkQcjRxA
Chance to Win a Kindle Fire for $5 - MDA - Joe Steiger|taJrUc5qNiE
Change Music Tempo with RubberBand - Linux - BASH|OZtqQzirDCE
Change SHELL and Remove MSG at Screen startup - BASH - Linux|E_nF1o9scdo
Change Terminal Window Title Part# 1 - BASH - Linux|0Xb4u5NVKxU
Change Terminal Window Title Part#2 PS1- BASH - Linux|ZJW50yO5DUQ
Change Window Title with PROMPT_COMMAND - BASH - Linux|ZSU5E6cYzsY
Change the Audio Pitch a of Video - FFMPEG - BASH - Rubberband - Linux|owfmDQcxyCE
Change the Speed of Audio Files without changing the Pitch - BASH - Linux - Rubberband|Bf6fT748ax4
Changing Letter CASE with sed and tr  --  BASH - Linux|h8hSMQAYDCM
Chat in the terminal with WRITE - Linux|4yX29R81doY
Cheat Codes in Your Blender Game - Blender 3D 2.5 - Linux|2BscvMOTeZU
Check You Car's On-board diagnostics In Linux with ELM327 - OBD-II|kkdRdKbMhPI
Christmas 2009 - Films with a Nokia N900 Cell phone|ZPqBNpR8RSI
Chroma Keying in Blender 2.66 - Blue-Green Screen - Linux Video Editing and Effects|ckRRSRa5fzU
Chrooting an IMG file - Linux|vAtiqS_7lm8
Clear all Passwords and Upgrade User Permissions|6bKHIIkfing
Clear out everything before the cursor in BASH - Linux|bNP7ZnMG2TU
Cloth Mesh #2 - Blender 3D|v7iZPCr7PUs
Cloth Mesh - Blender 3D|K2zzJq2xifM
Cloud Computing   Open Source Software|qoDB5whK36U
Code2HTML Convert Your Scripts and Other Code to HTML for Color Coded Webview like Pastebin|RTEtLMWx-bw
Collision Detection - Blender 3D Game Engine|RML4VB9WIbk
Color Coding Log Files with Colortail - BASH - Linux|v6AcOJhJ5q8
Color Coding Your Man Pages - Linux - Shell Script - BASH|gRh75BDgppU
Color Variables BASH Shell Script Linux Tutorial|N8pdAvIwj28
Colorado Off Roading|YzvBVvNk4Tk
Colorado Vactions 2010 - Chipmunks at St. Elmo|wgsideE9XkM
Command Line Streaming audio with VLC - Linux - BASH|MTVqITPuHt0
Comming Soon - FFMPEG/Mencoder and command line Video Editing|aSXLWv1NbBg
Completion Through Out - Original Music By Kris Occhipinti|BGinfIuT920
Connect to your Google Calendar from the command line - BASH|fWiAcy3tJ3E
Connecting Midi Device to Hydrogen Drum Machine|gm8rm2oIGAQ
Control you N900 with mouse and Keyboard with x2x|90RIRmGhjiw
Controller Rack in LMMS - Linux Multi Media Studio|W41ImnNWHtE
Convert all lower case to upper case - BASH - Linux|ElxP8ETil-Q
Converting Open Office Documents to Plain Text - BASH - Linux|VHaTcku4dWI
Cooking Eggplant Parmesan|YLQlXqx075Q
Cover - Prodigy - Breath - LMMS - ZynAddSubFX - Linux|gxTxhv8H9X0
Cover of - Seven Nation Army - ZynAddSubFX - Ardour - Linux|gRWMW5SVEug
Cowsay|XvbBt8HKWJo
Create A Basic Webbrowser with Python GTK and Webkit Part#3|8BENe2ikInM
Create Gnome Room in Blender 3D|dNo2ukcEN-Y
Create Multiple 3D Objects in a Loop with HTML5 and Threejs Tutorial Linux|65sEMXm8wU0
Create Nice Butons in GIMP|S5B6SO1IXfg
Create a 3D Cube in HTML5 with Threejs Linux Tutorial|gf9xuE2sfA8
Create a 3D Logo from a 2D logo with GIMP and Blender 3D|zllBl6l5TDo
Create a Basic 3D Shapes in HTML5 with Threejs Linux Tutorial|Vv-OfRiTeDE
Create a Basic Webbrowser with Python GTK and Webkit - Linux|JEW50aEVi4k
Create a Broken Linux Live CD Tutorial|hB_Rsx0HGWY
Create a Custom Hydrogen Drumkit|fMAaLiPgKis
Create a GUI Number Pad in Qt4-designer - Python - Linux|CL1SZMEzqa0
Create a GUI Number Pad with GTK - Python - Linux|z77DQwkYbPY
Create a Live System on your Hard Drive with Unetbootin|chGIMlVxYI0
Create a Multi Boot Linux Live CD Tutorial|P0xNzGFZgNU
Create a New Empty IMG file on Linux  Tutorial|KP61T82NOuE
Create a Shell Script that will Fake Your Caller ID - BASH - Linux|DrfdhPELaLg
Create a Spectrogram with SOX - Linux Shell - Audio|k1TRq5lk0Sg
Create a Spectrogram with SOX - intro|_rvmwRQPaU8
Create an App for Android - iOS - Windows Mobile and more from your HTML5 and JavaScript Program wit|pK83t2ZPrkI
Create an Old Film FX in Kdenlive - Intro|CN_tlbStbcw
Create an Old Film FX in Kdenlive - Linux|AaShxiMKlao
Creating Barcode - BASH - GNU - Linux|5rYEzpO74e8
Creating Webpage Thumbnails  Linux Tutorial|rE7ISiKoNec
Creating a Debian ARM IMG for Archos - Linux - Part 1|c0P80XrnCmY
Creating a Debian ARM IMG for Archos - Linux - Part 2|UBOajK3qvC8
Creating a Debian ARM IMG for Archos - Linux - Part 3 - Gnome - Xorg|7mhHE6VLcpo
Creating a Debian ARM IMG for Archos - Linux - Part 4 - partitions|eQqPoPjhOJo
Creating a Debian ARM IMG for Archos - Linux - Part 5 - BOOTING GNOME|jECLobRGigY
Creating a Debian ARM IMG for Archos - Linux - Part 6 - sudo and automatic login|nzARmNOVyKA
Creating a Debian ARM IMG for Archos - Linux - Part 7 - matchbox keyboard|lakuGHYIs-g
Creating a Debian ARM IMG for Archos - Linux - Part 8 - matchbox keyboard|1ZvarKobn-s
Creating and Formatting Partitions with FDISK and mkfs - BASH - Linux|5kVAzxTwy5Q
Crontab Basic Tutorial - BASH - Linux|7MFMnsnfBJs
Crontab GUI Display Tutorial - BASH - Linux|0hmF8sXeDII
Cross Compiling for Windows on Linux   Tutorial|3-yw-aD8CTI
Custom Linux Distro - Quick Office Backup Part 1|-33Ws2cfYz0
Cut - Display Only Lines Containing the Delimiter - Linux Shell Tutorial - BASH|BAecwMW5BX8
DARKNESSinTHEspace - Original Music By Kris Occhipinti|rlcxm0GJca8
DON|YDpIjfvMRlI
DaLaLa - Original Music By Kris Occhipinti|B-MbXqSLHbQ
Dark Joint - Original Music By Kris Occhipinti|vgKA25xTuvs
Debootstrap #1 Creating a Filesystem for Debian install Linux tutorial|L_r3z3402do
Debootstrap #2 ARM Debian IMG Filesystem for use on devices Android Phones Table|HnL0Xsd0f-c
Debootstrap #3 - Guided Debootstrap with grml debootstrap grml debian|chWw_Z1t_oI
December 2012 Update|yz6nbAbLIxc
December Week 3 - Preview|jyIcv_yCoRM
Definitions with Wordnet - BASH - Linux|7m3RCMyzLXg
Dialing a Phone Number on the Nokia N900 with Python - Linux|_CIKcLm3b0Q
Difference Between Two Dates Linux BASH Shell Script Tutorial|KvJqlwEQeBg
Difference Between to Dates   Linux BASH Shell Script Tutorial|KvJqlwEQeBg
Different Textures on one Object - Blender 3D 2.5|iadata9UxwQ
Divide a Line By Tabs Linux Shell Tutorial - BASH|krTF2ah905s
Divided a Line By Tabs  Linux Shell Tutorial - BASH|krTF2ah905s
Doom on Android|hnSYUS4Yw0s
Dorcy - Original Music By Kris Occhipinti|rT83f90uZfM
Double Sided Playing Cards in Blender 2.5 - Blender 3D|Ja42pW_9_D8
Down Inside - Original Music By Kris Occhipinti|qid_4v-au10
Download Files like WGET with Python - Linux|mHUtFIJv8dk
Download Videos From MegaVideo - BASH - Linux|OMzl5kUM1kc
Download Youtube Playlist with Youtube-dl|bV9L5Ht9LgY
Download all Playlists from My YouTube - Linux - BASH|vYBUnPMHMdk
Downloading Imgur Gallery - WGET - BASH - Linux|nJ7I52fUJSk
Downloading and Streaming Videos from Vimeo and Other Websites - BASH - Linux|qCn5BvcDD4E
Draw a Line in PyGame - Python - Linux|R3gHi5C8eik
Draw an Ellipse in PyGame - Python - Linux|H6GwU_sTBjQ
Drawing Polygon in PyGame - Python - Linux|3OPQbSDw8xw
Drill - Original Music By Kris Occhipinti|VMwUCZBvqbU
Drum and Hit - Original Music By Kris Occhipinti|TDlYQGEVZu8
Duplicate Effect in Blender 2.5 - Blender 3D - Linux|UG-uHtSMb3k
ELM327 USB OBD2 Linux Videos Part #2|3MWnDmUCerc
ELM327 USB OBD2 Linux Videos Part #3|a3bk_ueTk74
Echo Strings as if They are being Typed by Hand - Linux - Shell Script - BASH|iJq7656jjps
Echos Back - Original Music By Kris Occhipinti|012lgKQA0Ds
Edge Split to Fix Smooth Shading in Blender 2.5 - Blender 3D|MvsYUDvIcWo
Editing Trombones in Cinlerra|EuH1Khdn8KU
Editing Video from Nokia N900|IWK-Lcj2ZdQ
Elevator in Blender 3d Game Engine - Blender 2.5|JOVMqD1sXAs
Embeding Images into Shell Scripts - Linux - BASH|Sy5Xf1Hzr2o
Ember Lynn 4D Ultra Sound - Edited - June 30th 2012|Lhu1cMogpOE
Ember Plays with Her Computer   Febuary 2014|OTnquk6tTYA
Empathy Records|F2ZV3dkkIQc
Encrypt a Partition with luksformat in Linux - BASH|9W4ZGWNADEs
Encrypt a file with gpg - BASH - Linux|T0duUXxnVpg
Encrypting Files with OpenSSL- BASH - Linux|m4_pR7SJfh0
Encrypting Images with ImageMagick   BASH   Linux|_YFHyaFNg_U
Ettercap and Driftnet - capture network images|qjKL9cw92RY
Ettercap and Wireshark - HTTP Objects|1kVCOXscVmM
Ettercap and urlsnarf - See where people are browsing in real time-1.ogv|RLh09OKyTgQ
Example Web App - JQuery Mobile and PHP - Shopping List|clzmEsHaeAM
Excel to CSV with xls2csv - BASH - Linux|qCpM7BJ1aik
Extracting CPIO files on Linux initrd gz tutorial|SZo6nQZV1bE
Extracting LZMA Files on Linux initrd CPIO|joOUG8an1O0
Extracting SQUASHFS files on Linux initrd.gz tutorial|1mMXzgzHeE4
Eye of the Tiger - Cover|U_Uwn_TZ918
FFMPEG - Letterboxing and colors|RmcDaHT4P7g
FFMPEG - Presets|W8iphILUElM
FFMPEG - Resizing and Aspect|hLCNqx_MJtM
FFMPEG - Spliting Videos|DqsP-62Bi_Y
FFMPEG - Volume Control|fJ7kgD-a504
FFMPEG - WGET - MD5 HASH - XVID and More|VreicyZ4ys0
FFMPEG - Working with Audio|e7i2Jn9h6BQ
FFMPEG basics|1D5j3jMMqqA
FOSS Musicans|vB96gpffNew
FOSSETCON - Orlando 2014 - Day 1|Gd1AIb-4oDg
FOSSETCON - Orlando 2014 - Day 2|95kH7gpXRwY
FOSSETCON HTML5 Game Development talk by Kris Occhipinti   2014 a|qzAg-Vh8jDg
Failed Shaving Cream Experiment|AEwRpjMYcjI
Fake Windows Virus Protection|AbfNea5GQKU
Fake Your Caller ID on the Nokia N900 - BASH - Linux|dUXZoC4NwUw
Fat Frog's Halloween High|Wiv081e3-qM
Fight in the Cold - Original Music By Kris Occhipinti|jAFDRlDAMho
File String Substitution without SED - BASH - Linux.avi|yRkAKdGa-TM
Films By Kris - Amazon|DYFp9zZl0C4
Films By Kris Logo Outro - Blender 3D - Linux|u5uEBTFN3Ro
Find Console Width in BASH with system Variables|BiJJ4Z_q4ps
Find File and Execute Command - BASH-1|nyTCX3VKQnk
Find Gnome-Terminal Size - BASH|bMdjMonmqGI
Find How Many Characters Wide your Shell Console is with TPUT - BASH|2UH8m3Oa6Aw
Find Info on Partitions with File - Linux Shell Tutorial|elKf0yntRFc
Find all computers on a specific subnet - BASH - Linux|W5lIaYY_3Wo
Find all local IPs and MAC Address with arp-scan|oou6qKXMMG0
Find by File Size in BASH|0NPNRQNny98
Find if a Program is installed with a Script - BASH - Linux|jtfqscjnnkI
Find the Decimal - Octal - Hex values of ASCII keys - BASH -Linux|_oLqHjb_58k
Finding some words and not other with GREP or AWK - BASH - Linux|WASzwAOpolg
Fire Story|Sb8PDM0-aNk
Fire and Guns - Intro 2011|3kju7qe4Jfw
Fire prez|Is-5INcduug
First Look at Blender 2.6 - Linux|5Pu2iOCn4kQ
First Look at TweenJS Animations with JavaScript Tutorial|fGoAj2_xwy8
Fix Clock Window in Gnome - Linux Mint 10|-i545AdjYNQ
Fizz Buzz Test in BASH - Linux|fIhFHFFEHtk
Flag in the Wind - Blender 3D - Cloth|hF8WILhC68A
Flip Text Files with rev - Linux - BASH|AUB1nAbpjh4
Florida Linux Show - Edited in Blender 3D|-yzNYZdvluY
Florida Linux Show 2009 - Editing Cinelerra Part #1|5oN1THONPps
Florida Linux Show 2009 - Editing Cinelerra Part #2|VVGHZ-XlWZw
Florida Linux Show 2009|a5wt69HjsAA
Force Password change on Next Login - BASH - Linux|sBODrBhQuVY
Formatting XML and HTML with XMLLINT - Linux - Shell Script - BASH|_vjrTCFeFhk
Forums|PyLbEnxUvvg
Forward Shift - Original Music by Kris Occhipinti|j1A4PiHz5a8
Found and Lost - Original Music by Kris Occhipinti|br-Mca6DAII
FreeBirth|I2uGq4KGVj8
Full String Policy - Original Music By Kris Occhipinti|W2vM717CZIo
Fun with a Scanner|_I355jVyy8I
Functions and Case Statements together - BASH - Linux|clWeiCV_Emg
Functions in BASH - Linux|WL644gTWGcQ
Fyre Rendering|4Ad0wknQvM0
GTK Number Pad Getting Fake Caller ID Number PartA - Python - Linux|2fPpWEcMXGU
GTK Number Pad Getting Fake Caller ID Number PartB - Python - Linux|4RCIpCHVvrg
GTK Number Pad for Nokia N900 Fake Caller ID Number - Python - Linux|ZdHS9PRKb1w
GTK Number Pad with Functionality - Python - Linux|icCPY_PvKag
GUI in a Chrooting Environment - Linux|S0fB7cO8tL4
GUI to confirm Pop-Up - BASH|lvYrhodJs0g
Game in Minutes - 1 - Blender 3D|akqPnv9IqVc
Get Mouse Location with xdotool|35bh13zn_os
Get NIN Music from the Social Network|fVg1DLox3Jw
Get System Command Output - Python - Linux|HK87fjLLitU
Get User Password Input without Displaying it On Screen - BASH - Linux|ZpfIR_VVsZY
Get it Back - Original Music By Kris Occhipinti|XG6bIwxQhs4
Getting Web Page Source with urllib in Python - Linux|m7y3IkLwQJk
Gift for my wife.|E6WP7FY4y7E
Give me a Call|3vWeWfL8he8
Golden Statement - Original Music By Kris Occhipinti|1-JXv6DLTIQ
Google Music - Les Paul - BASH - XTE - Xautomation - Linux|bOEPZseypMg
Google Picasa vs. GIMP|9Vk2B00wgIw
Google+ Hangout Video#1|_71D7ctNfYg
Grab Title from Page of Link - BASH - Linux|TAl_fvegqmI
Grep and Regex - BASH - Linux|aZGUBSQDAdI
Greping for Tabs  Linux Shell Tutorial - BASH|Az9MVRCbcO8
Grepping for Tabs Linux Shell Tutorial - BASH|Az9MVRCbcO8
HTML Editing with Epiphany-Browser - Linux|p9ojkp13K0s
HTML and Python with GTK and Webkit - Linux Tutorial|j8OE0aTOfvQ
HTML5 3D Basic Mesh Material with Threejs Linux Tutorial|8w0zgGoVyOI
HTML5 3D Detect WebGL or Canvas tutorial|mpw84kaq3E4
HTML5 3D with Threejs Create a Plane Linux Tutorial|4Yf_UibFXUs
HTML5 3D with Threejs Create a Plane Linux Tutorial|jU9UABZSAoc
HTML5 Canvas   Line Basics   Web Development   Linux|dJml0wXimOA
HTML5 Canvas Arc Basics Web Development Linux|ny4P9DC4q4s
HTML5 Canvas Arch Basics   Web Development   Linux|ny4P9DC4q4s
HTML5 Canvas Circle and Semicircle   Web Development   Linux|Ex8Hkwznqa0
HTML5 Canvas Curve Basics   Web Development   Linux|7BFs3qbGW74
HTML5 Canvas Image Size and Crop Basic Web Development Linux|hwIh_SVOWEs
HTML5 Canvas Line Joints   Web Development   Linux Box|swph5sby0X0
HTML5 Canvas Linear Gradient Fill   Web Development   Linux|44uf_ECrc7I
HTML5 Canvas Load Image Basic Web Development Linux|lWYTT7tIYJs
HTML5 Canvas Load Multiple Images Basic Web Development Linux|1flTFHsNI4w
HTML5 Canvas Paths Basics   Web Development   Linux Box|JYruGDZMlxw
HTML5 Canvas Radial Gradient Fill   Web Development   Linux|oBzZ-4yyzGY
HTML5 Canvas Rectangle Square Basics   Web Development   Linux Box|RHYnxnoir4k
HTML5 Cloud File Server with Apache Index on Linux|B2PEtJTuvmA
HTML5 Compatiablity   Old Browser Hardware   Linux   Tutorials|vSkG49CFRf0
HTML5 First Person Shooter Project Metal Bullets   Quick Overview of Development|U1uMImsC_c4
HTML5 First Person Shooter Project Metal Bullets - First Look|NiQdsw_xzZE
HTML5 Part#1 - Video - Linux|nree2nki94U
Halloween 2009 - Video Editing - Part#1 - Blender 3D|lVt1H41jNm0
Halloween 2009 - Video Editing - Part#2 - Blender 3D|RnyUwuaHgb0
Halloween 2009 - Video Editing - Part#3 - Blender 3D|ljYRmvUx3G8
Halloween 2009 - Video Editing - Part#4 - Kdenlive|XK1jUU2P3S8
Halloween 2009 - Video Editing - Part#5 - Kdenlive|5YDW4XuVbOo
Halloween 2009|1spA8kvfigs
Hardware Pop-ups in Linux with BASH|8Y7bzX7gFVQ
Hardware Project Update   Feb 2014|SpH35kmkaZk
Heading Out - Original Music By Kris Occhipinti|RKd8nGTmKbs
Help me Help you|v-tofQlM3L8
Hiba-Tos - Original Music By Kris Occhipinti|ADvbzHbOm7Q
Holding Packages with Aptitude|cXOaI8Vwo0Q
HolidayUponUs - Original Music By Kris Occhipinti|qi5wYiGj5H0
Horizontal Lines in the Terminal with Printf - BASH - Linux|ecbRFFGI5EQ
How Do You Feel About Richard Stallman|WIZGnr0ukJM
How I made my Linux Journal TechTip Intro video in Blender 3D - Part#1|EhGde5cNH_E
How I made my Linux Journal TechTip Intro video in Blender 3D - Part#2|rI47cIW5wrA
How Many Monitors are too many?|e5wPXVG_ra4
How do I know what is installed - Linux - BASH|WdTCLBc2CNs
How is My Sound Now?|zKVYaMRbq5U
How to Chroot on Linux   Basic Tutorial|N87m6fxO5a8
How to Upload to www.BASHscripts.info|uODQx2wRJ4I
How to download and convert videos|8VIKho9S9j8
How to run a Script on your Desktop or N900|C4EkEiMit_M
How to use Gnome-Open - BASH - Linux|k6jLV1DCQ7U
Howlet - Original Music by Kris Occhipinti|xahFIvDyJdE
Hugin 360 Panorama with Canon Rebel T3i in Linux   Software Review|-ywaRZD8puU
Hydrogen Drum Machine - Website Video|r9H8gJtzz_s
Hydrogen Drum Machine Part-1|icCNosEm-dQ
Hydrogen Drum Machine Part-2|eiewQbtEvWM
Hydrogen Drum Machine Part-3|Vz66wT8ouXQ
Hydrogen Drum Machine Part-4|rreB7_5ryUE
I think HTML5 is a Great Thing   Open Source Software|QZHL5Eq1xak
I'm Back|GpKgysRY1w8
I'm Sick  :(|_6geHoMod_I
IRC  -- Would you like to Chat?|tvbHqncm40k
Ice and Snow - Original Music by Kris Occhipinti|C96asUD5PYw
Image Mapping for HTML sites - With GIMP|Kt8euR1EFeQ
Image to Text - OCR - Tesseract - Linux - Tutorial|6_aqncTWgkk
ImageStory - Sample|gCTkWeMtR7U
Imagemagick   Emboss and Image   Tutorial   BASH   Linux|VjN3yCRVaPg
Imagemagick   Saturation   Tutorial   BASH   Linux|FQTmljLgFkI
Imagemagick - Add Blur to an Image - Tutorial - BASH - Linux|8NbjwdfQMWw
Imagemagick - Black and White and Negative - Tutorial - BASH - Linux|2uYMHD0D2I4
Imagemagick - Brightness - Tutorial - BASH - Linux.avi|kBxAsy-8mrA
Imagemagick - Charcoal Effect - Tutorial - BASH - Linux|bwVSYEz1i34
Imagemagick - Edge Effect - Tutorial - BASH - Linux|JiREMILr7zE
Imagemagick - Image Border - Tutorial - BASH - Linux|crGen-msuD0
Imagemagick - Paint Effect - Tutorial - BASH - Linux|UiFjV2uwhDU
Imagemagick - Shade - Like Embossing - Tutorial - BASH - Linux|_oBXCQtwao0
Imagemagick - Solarize - Tutorial - BASH - Linux.avi|UQZDO8ru0WA
Imagemagick - Tint Image - Tutorial - BASH - Linux|GwP45PL9P44
Impatient - Original Music By Kris Occhipinti|vXY_f4Ov2kI
Import GIMP XCF Scene into Blender 2.5 - Blender 3D - Linux|fpi9gNjxWzM
Import Text Files into Blender 2.5   Blender 3D   Linux|BknKrIiDqbk
Importing 3ds files into Blender 3D|4jdAsx4d1EY
Incompetech 3D tutorial  Blender Part1|s07UCuhkwQ0
Incompetech_3D_tutorial_ Blender Part2|JPidn-vw-3U
Incompetech_3D_tutorial_ Blender_Part1|PQE7-5muS80
Incompetech_3D_tutorial_ Blender_Part2|HrQjlmn3VJQ
Indenting Text with printf in BASH - Linux|oueWQ-c4x88
Installing Debian on the N900|U6zNfBczub8
Installing Linux on Your Phone - Neo Freerunner|17kXCI96MLU
Installing Software in Linux Mint 10|97SUast9osk
Installing php|WEqRTOS0KZE
Intense - Original Music By Kris Occhipinti|DdSlpGtkGb8
Into to Mobile Fire Fighting Software|r2Nv60u5Fkk
Intro - Python in Blender Game Engine|EQKyoU3MEvo
Intro to Cross Platform Development  Desktop and Mobile - Android - iPhone - Windows - Linux|ATm7VN3IFx0
Intro to GTK and Python|MQteg3R8HBM
Intro to HTML5 3D|1j-4jFw3cLE
Intro to Mobile Fire Fighting Software|r2Nv60u5Fkk
Intro to Slitaz Tutorials|6YQrBgNGQrw
Intro to Toss Up Simulations in BASH C and JavaScript  Linux tutorials|fkMCowDrKjg
Invisible Objects in Blender Game Engine - Blender 3D - Linux|XeXWMBqLj0k
Is 1GB RAM 900Mhz Processor Enough for Gnome Compiz and Linux|Kwer60taOc4
It's a Baby!|HF50mgGjP1o
It's my Birthday!|bCAE2hf9F8I
JPEG to ASCII ART - jp2a - BASH - Linux|Pr3bPlkYcC4
JQuery Basics - Animations Part 1 - Tutorial #7|Ez_h9IJGl_M
JQuery Basics - Animations Part 2 - Tutorial #8|XRSHzwpkaxQ
JQuery Basics - Animations Part 3 - Tutorial #9|WC0EO7W5IF8
JQuery Basics - Animations Part 4 - Tutorial #10|OIUIjoDOz5Y
JQuery Basics - Fading Elements - Tutorial #3|hImKC6Ss9YQ
JQuery Basics - More on Fading Elements - Tutorial #4|u3Wk4gOgWRY
JQuery Basics - Sliding Elements - Tutorial #5|QhGerIfHqt0
JQuery Basics - Toggling Elements - Tutorial #6|mwMISqirY8s
JQuery Basics - Tutorial #1|p62Km90xFTE
JQuery Basics - Working With Tag ID - Tutorial #2|aBcrBoay2IA
JQuery Mobile and PHP to make Web App for Phone and Desktop - Shopping List|kSK43yW3kbU
Jack Rack - MIDI controler|MSD1csGHW40
Jack and PulseAudio Together as Friends - Linux|6J-RQudJx30
JavaScript  Toss Up Dice Game Simulator - Linux|p5trj803LbQ
JavaScript 360|Yg-F045AFgs
JavaScript Tutorial Part#1 - For Linux Users|MUJZt0cpYg4
JavaScript Tutorial Part#10 PopUp Boxes - For Linux Users|HAh9S-8uZeg
JavaScript Tutorial Part#11 IF Else Statments - For Linux Users|YhGmO8zAK_g
JavaScript Tutorial Part#2 Functions - For Linux Users|Ya87Rgo3yrs
JavaScript Tutorial Part#3 Elements - For Linux Users|bPPU_sqIQ1g
JavaScript Tutorial Part#4 Changing Images - For Linux Users|SiqUZLJWzAs
JavaScript Tutorial Part#5 Changing Images on Mouse Over - For Linux Users|GpSSf8E4RT0
JavaScript Tutorial Part#6 Basic Variables - For Linux Users|mIXSXH939E0
JavaScript Tutorial Part#7 More on Variables - For Linux Users|rjqigmjZW68
JavaScript Tutorial Part#8 Passing Variables  to Functions - For Linux Users|BcUZthxps_4
JavaScript Tutorial Part#9 For Loops - For Linux Users|lpF5fRmFkyw
Jello Cube - Blender 3D - Softbody|MUyyVkRx_p8
Jenn and Ross playing Trombone in Miami 2009|yFys-Mjezvc
Just The Wind - Original Music By Kris Occhipinti|EeVrNgKeulg
Just Youtube Subscriptions - No Comments and Highlights|KEPKNIWw0cA
Key Binding in BASH - Linux|EzIqCeGHRpM
Key Framing Lights in Blender 2.5 - Blender 3D|WP0JA_ykKFE
Keyboard shortcuts - BASH Quick Tip - Linux|ZGAWsMtT4j0
Kick Users Off Your System - Linux - Shell Script - BASH|bFRnJnfjXZ8
Knife Throwing FX Sound|aAX3h-MP6VQ
Kpartx Create IMG with Formatted Partitions on Linux  Tutorial|XUHXVr3_0SQ
Kris Cloned|p7PlDmKkJSc
LMMS - Automation Editor|nypecJL3cP0
LMMS - Synthesizers|boRmY9jH7fs
LMMS - Volumes and Fades|Ho9cZI-ZetI
LMMS FUN   Linux Multi Media Studio|gWgymUWv3HA
LMMS Tutorial - The Piano Roll|7ZHM__Q1bkE
Lambert Material with Shading and Lighting HTML5 3D Using Threejs Linux Tutorial|1TI6WTmvrwc
Lamp Pack1 - Blender 3D Models|2IccheQr9W0
Large Font Text Message - Nokia N900 - SQLite - Linux|nuxqK0E7jAA
Lauderdy - Original Music By Kris Occhipinti|jvut_J7ZFWM
Learn Bash Scripts - Tutorial|QGvvJO5UIs4
Lemonade Mouth #1 - Blender 3D|E1blfcCcB2A
LemonadeMouth Tutorial Part#1 - Blender 3D - Linux|InIqIgp5wMc
LemonadeMouth Tutorial Part#2 - Blender 3D - Linux|hU5JoEYFeFs
LemonadeMouth Tutorial Part#3 - Blender 3D - Linux|VuVX_w4oSL4
Lens Focus in Blender 2.5 - Blender 3D - Linux|8s8QFRokQ8k
Let Do Some Hardware Videos|wrsx7Shxa60
Let Work With File Systems, CPIO, LiveCD, Squashfs, IMG, and more|dn-ZL0AXCTQ
Let|dn-ZL0AXCTQ
Let|wrsx7Shxa60
Limit Output Width of Text File with FMT - BASH - Linux|HQfvqPE_XBY
Link an object from one scene to another in Blender 3D|DXSsyf8C-KY
Linking Buttons to Functions in Python and Qt4-designer - Linux|7Z--Q9EcT_U
Linking LMMS MIDI Tracks and Instruments to other LMMS inputs   linux tutorial|uxZcunifT6w
Linux - How to install Programs in Linux -synaptic|CihSZL6J3As
Linux Christmas Cards???|dhJ4zlJBOlY
Linux Computer in a car|ud5b8bcmj60
Linux Kernel and Initrd Basics Tutorial|boxF9t29xZQ
Linux Kiosk Intro|RAAW7c9FElQ
Linux Multi Media Studio - LMMS Part #1|-OK6YXDHrvU
Linux Multi Media Studio - LMMS Part #2|AJTGrIeAjoM
Linux Multi Media Studio - LMMS Part #3|JaTswyGEeQI
Linux Multi Media Studio - LMMS Part #4 Midi Controllers|2eyloKqnJIo
Linux Music Creating Loops with JackBeat|XpJzuFZ-OM4
Linux Phones Part 1|nKR1hq2gwnY
Linux Talk with Gabe #1|oNa2tyrwDzU
Linux Talk with Gabe #2|whQ426PrmMY
Linux Wii Guitar Hero and Zynaddsubfx|devUSxdZLrg
Linux Work Spaces|apH7j50uTS0
Linux and Apple Trailers|v5BTg5HfgSQ
Linux and the Wii Controller Part #1|wKtR28TBJSs
Linux and the Wii Controller Part #2|fhK-ElzKoJc
Linux and the Wii Controller Part #3|EFOpYgPCsF4
List All Partitions and Info - Linux - Shell Script - BASH|gNSFFRwHXhs
List All Your Harware with lshw - Linux - Shell Script - BASH|MRVkW-jeO3A
List BASH Shortcut Keys - bind - Linux - tutorial|WdEZSxXYiNE
List of Ports and Protocols  Linux System Tutorial - Shell - BASH|ZEYxTZL4JZQ
Listing Drives By Label - BASH - Linux|c3iotaKHh7g
Listing Files in Python - Linux|qc84jTeWoIA
Listing Files in Python - Revisited - Linux|bbUnw_gz_14
Live show #3|H6VhCU2rJUU
Live show soon|d0mx725VU6s
Load New Hydrogen Drumkits|Gs8bng56yNA
Local Station - Original Music By Kris Occhipinti|OipJiwSf65s
Lock your computer with your Bluetooth Phone - BASH|zkOK0V5oWaQ
Looping Piano Rolls in LMMS - Linux Audio and Music|Cj1Yuc3d48I
Lost Blender Game Engine Videos and New Microphone|HdwA-p-PnN4
Lost in The Dark - Original Music By Kris Occhipinti|SJAA_wkiLmA
Luminsiation - Original Music By Kris Occhipinti|xl_dMzZgyEM
MD5 HASH CRACK - WGET - BASH - Linux|jgKfFloSCkU
MIDI Controllers with Ardour - Linux|kS2xEp0mDt8
Make a Menu in BASH useing Case statements|7GvAJhcjNOs
Make a bootable Slax USB Flash Drive or CD|HhvipksLr44
Make you HTML5 Program a Desktop Program in Windows with HTA|Foxc7idJkyA
Matrix in your Shell - Linux|fIJksw1Tw1k
Maximise All Windows in Linux Automatically with Maximus|lz1V3VQubCM
Me FireFighting  :)|STy3vNE-uZk
Me Masked in Cinelerra - Split Screen|fT19n9aLuPs
Me at Pat|X8efB4ifJvA
MechanicalSwitch - Original Music By Kris Occhipinti|OCiYWLKi_jA
Medieval Times and New Python Scripts|sUvwx-myogo
Menus and Searching in Blender 2.5 - Blender 3D|nMRxETLinmg
Merry Christmas 2010|qujkl17NIiQ
Metal Bullets Blender 3D Render Fly Through June 2014|T31C59GnB-Y
Metal Bullets Game Play - May 2014|kRWvQ_f1t14
Metal Bullets Game Play 2   May 2014|uCDOaLwVTbE
Miles - Original Music By Kris Occhipinti|DK2K9BXM8_A
Miles Away - Original Music By Kris Occhipinti|M7iByEy_Zqw
Minions - Blender 3D - Speed Model|28TEOjpMqA0
Mint Logo - Blender 3D Models|we9hdfst2pE
Mintyboost|8YhY9j4262c
Mirror a Website with wget - Linux - BASH|nNZwJLI4WHo
Mirroring a Website with wget  revisited - Linux - BASH|a7ynQrf-jxA
Missed PyGame Tutorials|Hp4p0iPbLDA
Mistory - Original Music By Kris Occhipinti|IKRFjZkO5AM
Mobile Device App - Portal to Website - Android - iOS- Windows Mobile - Black Berry - Development -|8iSO2ZVYI-U
Modifying Interactive Command Prompt with PS1 and PS2 - BASH - Linux|toRrlBJBByM
Monitor_Hammer|cgDlVBtjE8Q
Monthly Topics - Your Thoughts|C7Ff-o5voLY
More Keys for Python Auto Complete - Linux|-HfpgnS9Vkw
More Python Games? How old Where you want you started Programing?|vfCxptF-Lj8
More Python Games? How old Where you want you started Programming?|vfCxptF-Lj8
More Q|t_G5Fj-7pQY
More TV-B-Gone|8L5RtPCU0ko
Mount Partitions within an IMG File on Linux PengPod|TzQqmsaF3eA
Mounting ISO Images Linux Tutorial|Tsyk6vLr91k
Mounting SSHFS in Nautilus - Gnome - Linux|tvyslako_60
Mouse Over Button Animation in Blender Game Engine - Blender 3D - Linux|AK0AsqrPzxQ
Mouse Wrap Around in Blender 2.57 - Blender 3D - Linux|5vakCR4HbJU
Move 3D Cursor to center in Blender 3D|ZxMqIfUYb6c
Moving 1|NDNYRrSGBTA
Mplayer on Android Through Chroot and Frame Buffer|7n_hDZ6kHjc
Multiboot USB drive - Linux|OmUtMGcxtDs
Multiboot USB drive How To - Linux|MH-khdiXqYs
Multiple  Windows with Python QT-Designer - Linux|bHsC6WJsK-U
Multipule Images into 1 with ImageMagick - BASH - Linux|eFGp9mZiASo
Multitail - Linux Shell|bJ-Uhc_rfeA
Music Intro - October 2011|-HIINoV7ueY
Music in My Videos|qnvxsIfOs2I
Muzzle Flash in Kdenlive - Linux|mjT4g5i_YCg
My MRI - Open-Source Viewing &amp; converting|1hOwghyYZ04
My Music|JMWCVDMtetU
My New Backyard Range|1pSKI7z8JP0
My Trip 2011|l9jUFqr0bwQ
My X-RAY|ESDTTG9un-0
MySQL - Add and Delete Columns - BASH - Linux|rtPR3NpEcS4
MySQL - Backup Database - Linux|A_xmZK5yNsU
MySQL - Change Data in Field - BASH - Linux|y1UQqjNj05s
MySQL - Delete ROWS - Linux.avi|2Kvqi1RMQOk
MySQL - Display Multiple Fields in Search- BASH - Linux|ZHsnUDupWQw
MySQL - Display in Order By - BASH - Linux|O_sHKqc80fY
MySQL - Export to CSV Text File - BASH - Linux|WUyhfqniOMg
MySQL - Importing Data From CSV - BASH - Linux|TTgdCltgkIU
MySQL - Inserting Data - BASH - Linux|qU8JlFcRpWE
MySQL - Installing and Creating DataBase - BASH - Linux|dyiPsRje5vo
MySQL - Restoring Database From Backup file - BASH|Yfr3HdAG5G0
MySQL - Reverse Search Database - BASH - Linux|_lMcaj0ldnw
MySQL - Search Database - BASH - Linux|ZDBmWdMiVHs
MySQL - Search Multipule Fields in Database - BASH - Linux|pMi2JdCiFe8
N900 - First Look|RM2Pbm1XQiI
N900 Linux in My Car|cKN6bc7OPZs
NCA 8th|srrPldOfLWk
NCA Group1|CNA6JtitwpI
NCA Group2|s2Rug_ZlkyA
NCA Groups 4 and 5|UniuOQlRvJg
NCA May 15th Extras|pxa4YtjPVRs
NMON  Performance Monitoring Tool for Linux Shell - BASH|hqwTlAaqx-E
Nana|u071TMCl1_4
Netbooting Linux with gPXE tutorial - Reupload|7PySeY381Rs
Netbooting Linux with gPXE tutorial|8067k9uFU8k
New Backyard|r62vMW-HoWY
New Blender 3D Intro - Blender 2.6 - Linux|eX7_D4Trg3Q
New Blender Videos - Nov 2011 - Batman and the Pumpkin|OPgqOOQJl4w
New Channels, Maybe|boPh3gv2Vdk
New ELM327 USB OBD2 Linux Videos|8-tFtv1JwLo
New Goats - December 10th 2011|C-amEx8iMiA
New Green Screen Test 1 - 2013|5Qu0BLLEEjc
New Mic Check - Cad u37|LeHj4LwfiA4
New Site - Films By Kris - www.FilmsByKris.com|Bh8z2qfwQYw
New Site|qup5D-X0swQ
New Video Intro - Viewers Help|nPkaA_oyyyI
News Jan 28th 2011|2ynas2669V0
News May 2011|imfTtnFLZfU
Night_Jump - Original Music By Kris Occhipinti|wR9ZJxmlsh0
No More Youtube Comments|TS32-Paq7-8
No Music Monday Today|yC36hh0ngzU
Node Groups for Blender 3D Compositor - Blender 2.57 - Linux|n10zIvwSvOM
Nokia N900 - Accelerometer.ogv|tGoUOKLGNbE
Nokia N900 - Change Startup Video|mrA3iqjiyss
Nokia N900 - Fix audio for Video Editing|TAR7-acHDdI
Nokia N900 - Remote Music Player|m8YZxKNR1dc
Nokia N900 - VNC Client|3jMNUtA7m2U
Nokia N900 - ssh with X tunneling|OkU48ojFIs4
Nokia N900 3D globe - PyGame|SyiQzs9XVec
Nokia N900 Adding Repositories|2i7SBHV9Rqg
Nokia N900 Rifle Python Script with PyGame|DglT-_5nnXg
Nokia N900 Tips and Tricks Part 1 - Phone Tricks|rYEW_Szq0MA
Nokia N900 Tips and Tricks Part 2 - Phone Tricks|h9Elrqerukc
Nokia N900 image shooting Python Script with PyGame|b3iEx552afA
Numbering Files with Leading Zeros   Linux BASH Shell Script Tutorial|O7-0sJJn0Zo
ORECCA - Original Music By Kris Occhipinti|Dy0NHr7p6K8
October Voting   2D 3D Game Design and Blender 3D   2014|CdFedj4SAlU
Oids - Original Music By Kris Occhipinti|ZV-5NJWZF1k
Oil - Orignal by Kris Occhipinti|GRoSVcdl3mM
Old School - Adding to the Noise|UNpTK1KQGjo
Old School - Bring Sally Up|DRmdwJrQlhY
Old School - Explosions|b-NQhCO50BA
Old School - Falling Boxes|9Qdg4UrQD-4
Old School - Jacks Magic|buy5TGiDuTc
Old School - Scavenger Hunt Part1|hoxz6FFpyMQ
Old School - TS/UMBRA|VaAlOEqYdSU
Old School - TS/UMBRA|cSflrqHMJ-Y
Old School Car Stuck|PNhbNjMkVPM
Old School Kung Fu Fighting|FF-lnrzEtG4
Old School Waffle House 1|I_Oz4q2CQRo
Old School Waffle House 2|JSUDlpBUQmI
On The Trail - Original Music By Kris Occhipinti|a_MsdiU0_-k
On the Wing - How to Destroy Angels remix By Kris Occhipinti|ZeAvCQPmeBM
Onscreen Video with Mplayer for Screen Casting|XpCEi6cabo8
Oratories - Original Music By Kris Occhipinti|Ji2wvtsZFaI
Our First Python Script in Blender 2.5 - Blender 3D.avi|REtg8iK0zv8
PHP  - 10 - HTML Form Submit - Linux - tutorial|0tUTr_CYnTA
PHP  - 12 - Strip HTML Tags - Linux - tutorial - strip tags|3HGKQewWVjg
PHP  Get Form Submit - Linux - tutorial|HqzQhpRg5iw
PHP - 11 - POST Form Submit - Linux - tutorial|g0HwLlc1jKs
PHP - 9 - Get Form Submit - Linux - tutorial|HqzQhpRg5iw
PHP Tutorial #1- Read File Line By Line|rpuFUxxS-tw
PHP Tutorial #2 - Sort Text Files|F_bqJh6o3UI
PHP Tutorial - 3 - Shuffle Text Files|EMFQ8Ans4Mg
PHP Tutorial - 4 - Search Through a Text File - Grep|e9oEwiBMvGo
PHP Tutorial - 5 - List Files in a Folder - Directory|V3UazvF-zF4
PHP Tutorial - 6 - Spliting Strings|b1COfwGwk_4
PHP Tutorial - 7 - Exploding Strings|QhrrdikuZTM
PHP Tutorial - 8 - Reading CSV Files - Explode Split Cut|mrPdafVI4_0
POP - First 100 Backers|NEA3muLOnvE
POP - Movable Cannon|hcVYoilMaos
POP - Tshirts and Posters April Update|xWtx83lS56k
POP - Tutorial - 0.2.1|nBiqR-EnuwI
POP - Tutorial - 0.2.2|IKyaCFcb_zE
POP - Tutorial - 0.2.3|QTjxHAMluPs
POP - Tutorial - 0.2.4|xyjyb3Kir8g
POP - Tutorial - 0.2.5|z2_c6qeZG9I
POP - Tutorial - 0.2.6|dgW5PVP3JLk
POP - Tutorial - 0.2.7|EOnf8mUYqyQ
POP - Tutorial - 0.2.8|mDu03gMuusM
POP - Tutorial - 0.2.9|aNat4Qrj31Q
POP - Tutorial - 0.3.0 - Mouse Cursor Image|BMlExsWR6U4
POP - Tutorial - 0.3.1 - Hide Mouse Cursor|Nop_Fj8kKtg
POP - Tutorial - 0.3.2 - Menu - BACK TO GAME|bvVBlxCApv8
POP - Tutorial - 0.3.3 - Scores|z0O44CfQuV8
POP - Tutorial - 0.3.4 - Points|Yg2Py-9SZaA
POP - Tutorial - 0.3.5 - Display Score on Screen|oRNqwM7AYQw
POP - Tutorial - 0.3.6 - Display Score on Screen|82aj_A5WGpE
POP - Tutorial - 0.3.7 - New Art|hldzfTiNZAU
POP 0 4 4   Main Menu|wUne_3Fcpbk
POP Christmas 2011|VtSDWEb3ze8
POP Funding 3days Left|0xIPNXOq3Jw
POP Funding 4days Left|rkW6SE4IYUE
POP Thank You Cards Mailed - Jan 18th 2012|2Kze4RBqjVo
POP Tutorial 0.1.0|6vvg4we9GvI
POP Tutorial v0.0.1|amLu29Mff_Q
POP Tutorial v0.0.2|bnKZcjSEVuQ
POP Tutorial v0.0.3|bB-sFwUL10A
POP Tutorial v0.0.4|jqniNFrqek0
POP Tutorial v0.0.5|G0hjULDZOeQ
POP Tutorial v0.0.6|j06i5HP6Mrw
POP Tutorial v0.0.7|Db66wDzzTgw
POP Tutorial v0.0.8|NqvGMwN78N4
POP Tutorial v0.0.9|JLpu-l3XBFE
POP Tutorial v0.1.1|Kx8yXg9QuyI
POP Tutorial v0.1.2|8smhQiDyKH0
POP Tutorial v0.1.3a|LoAZIZHhnbk
POP Tutorial v0.1.3b|2cEqRh9C2oQ
POP Tutorial v0.1.4|JN20ZUwZ36A
POP Tutorial v0.1.5|6L3rT828CT0
POP Tutorial v0.1.6|AlPgZSqDD5A
POP Tutorial v0.1.7|fRGiQF31i3M
POP Tutorial v0.1.8|OqC2tcgqOek
POP Tutorial v0.1.9|fAMapkHjw5s
POP Tutorial v0.2.0|Ovs8A92sFKI
POP Update Dec. 12th 2011|R3muFZDO4AQ
POP Update Dec. 4th 2011|ZzOdO3PniD4
POP-0.3.8 - Stand Alone Runtime|FtzkmwR4ICs
POP-0.3.9 - Level Credits|79KIwGwgA_0
POP-0.4.0 - Button Animation|Lo92jK7wEmo
POP-0.4.1 - Audio Fix.avi|Iu_Uew_ShmU
POP-0.4.2 - Level Music|C-45aKsMP5U
POP-0.4.3 - Credits|VOiAjJg43ro
POP-0.4.5 - Credit Menu and Exit Button|tKC01Wo7siw
PROMPT_COMMAND to Modify the line before Prompt - BASH - Linux|gC-bNDhwJOU
Pan and Zoom - Intro - Slide Show in Blender 3D v2.6|e074jBVoAd8
Pan and Zoom Slide Show in Blender 2.6 - Part #1 - Blender 3D - Linux|6soFNoTPZas
Pan and Zoom Slide Show in Blender 2.6 - Part #2 - Blender 3D - Linux|9QNiSkDYSCk
Pan and Zoom Slide Show in Blender 2.6 - Part #3 - Blender 3D - Linux|0ws7QQp3-Uo
Panel Jumping - Original Music By Kris Occhipinti|v7DmJ8gQiU0
Pass Statement - Python Script|RTvjVO-bqyY
PassTheWay - Original Music By Kris Occhipinti|aHq0zt4GJRg
Patchage|3y4s6RRzkGY
Patreon Announcement|yN3S295PVFI
Patreon Intro - Films By Kris|WFOT8snZUOQ
Patreon Voting November 2014|euj5whnZ-IU
PengPod Android Boot - Feb 2013 - Linux Tablet|ZwrCw4sti3A
PengPod Bodhi Enlightenment Profile - Feb 2013 - Linux Tablet|zbiJ7NHkZ9Q
PengPod Linaro Boot - Feb 2013 - Linux Tablet|g3lusAgb_n8
PengPod UnBoxing - Feb 2013 - Linux Tablet|eUbMkeMjK9U
People of Walmart - BASH Downloader|a0VJaBglNwY
Phase Out Old - Original Music By Kris Occhipinti|sSsdWHgzC8E
Phone Tips, Tricks, and Phreaking - Linux Tutorials|O8UvQVghvnw
Phong Material with Shininess and Lighting HTML5 3D Using Threejs Linux Tutorial|irqXayfZ4k4
Photo SlideShows with Blender 3D - Linux|z0BSiX5IMMU
Pissed Off Penguins - KickStarter|6oa2DTq2xL4
Pissed Off Penguins - Preview|XO8Qg7Rpbzs
Pissed Off Penguins - Update - Nov. 25th 2011|hBwkME1SqBs
Place Images Over Webcam Video in PyGame - Python - Linux Tutorial|BaLv0wty9Ng
Play 3 - by analyzingfunny|PYHs5zCHEe4
Play Apple.com Trailer QuickTime Videos in Linux|RAdKwiZ6d4g
Play Synth Notes in the Linux Shell  BASH|rpFpZ5qs60Q
Play an Album Using Your CueCat and Mplayer|ysTBwGetlxw
Playing MIDI's from the command line - Linux - Music|I6e9hTgEZ88
Playing with Ardour Part  1A - FUN|koXU1NxrM-8
Playing with Ardour Part  1B - FUN|uwyp8RBSB7E
Playing with Ardour Part  1C - FUN|c1j9CbvLC5w
Playing with Ardour Part  1D - FUN|mDLRVXJIJ3Q
Playing with Seq24 - MIDI - Linux - Part#1|GWa4WcERjY4
Playing with Seq24 - MIDI - Linux - Part#2|HMSFwPFfe14
Plucked From My Hand - Original Music By Kris Occhipinti|SK6QU9uaMHY
Prank Calls from the Commandline using cURL - BASH - Linux|bkV3k-iSAF0
Presentational - Original Music By Kris Occhipinti|pMeyBBeh4ds
Prezi Like Presentations with Blender 3D - Part #1|I3vMSDxmhQw
Prezi Like Presentations with Blender 3D - Part #2|vU1fMYqoJ8I
Print a Text File out Word by Word - BASH - Linux|jtVgV8gCwu4
Printing Address Labels in LibreOffice|7n8Psg8yxPE
Printing from the command line - BASH - Linux|1ksoS1pbJM8
Printing part of a string in BASH - Linux|nsrS7fjmaR8
Pumpkins - 2011|AyV4mRLo0_I
Punishment is on its Way - Original Music By Kris Occhipinti|KHz7sueMV2E
Push and Pull Scenes in Your Video with Kdenlive Tutorial Linux|dPJITRHlLo4
Putting Data into Columns in BASH Part 1|ZdOFU8MX0QQ
Putting Data into Columns in BASH Part 2|kVFYvyiUDT0
PyGame - Objects and Classes - Tutorial - Linux|DEJRiu4jfog
PyGame - Sprite Animation Walk Loop - Python - Linux #1|kovYl14_--8
PyGame - Sprite Animation Walk Loop - Python - Linux #2|vIwpvkkvos0
PyGame Basic Window - Python Gaming|6jkgwigSkoE
PyGame and Mouse Buttons - Python - Linux|Zs7nl38R1QQ
Pygame Key Presses - Python - Linux - Tutorial|0FB5CfwTIKg
Python - Datetime|AZushMHPnKw
Python - Find Options with DIR|p7eeXMeYn4Q
Python - GTK GUI - Activate Enter Key Press|fQo0jGJ9D14
Python - GTK GUI - Tutorial #1 - Base Window|MxYl3cnn4yw
Python - GTK GUI - Tutorial #10 - More on Box Containers|S_VKVXZWg4Q
Python - GTK GUI - Tutorial #11 - Function Variables|0AwRVrgZ2zg
Python - GTK GUI - Tutorial #12 - ComboBoxes|aJ8hYpye5zo
Python - GTK GUI - Tutorial #13 - Add to ComboBox|Jj1mfG14cIc
Python - GTK GUI - Tutorial #14 - Images|Cybmyrx5FKA
Python - GTK GUI - Tutorial #15 - Resizing Images|4793cgvPVSY
Python - GTK GUI - Tutorial #16 - File Chooser|DmcG6MioJpY
Python - GTK GUI - Tutorial #17 - Load Images with File Chooser Dialog|ZOXt9CXYCYM
Python - GTK GUI - Tutorial #18 - If Then Exit|nUX4DnjMXyI
Python - GTK GUI - Tutorial #19 - About Dialog|6RX8vTwDIRs
Python - GTK GUI - Tutorial #2 - Close Base Window|IVRRyDoQJig
Python - GTK GUI - Tutorial #20 - Error Message Dialog|bb7Rq7nriBY
Python - GTK GUI - Tutorial #3 - Window Position and Size|3z3NMkqBCZ8
Python - GTK GUI - Tutorial #4 - Buttons|SzJ9koJBNbs
Python - GTK GUI - Tutorial #5 - Titles and Tooltips|wOiRBB-0lzE
Python - GTK GUI - Tutorial #6 - Box Containers|aoPHB_GIa7g
Python - GTK GUI - Tutorial #7 - Labels|L25j0UM1z5Y
Python - GTK GUI - Tutorial #8 - TextBox|BkJgBVLFluI
Python - GTK GUI - Tutorial #9 - Change to TextBox|-i7f1aKk5ag
Python - Get Passwords|KDE4OSaHrEg
Python - Reading Specific Lines of a Text File - Linux|oHYu3dGszOQ
Python - Telnet part#1|fIOk2EcgOI8
Python Basics - Find the length of a string|Q1vNOJsb54A
Python Basics - Make letters type on the screen|O1hEUBsEWnk
Python Basics - Math - Decimals|jQ37vd-b5Pw
Python Basics - Math|8bxvNa_e-qI
Python Basics - calling system commands (A cheat for BASH users)|ljpAK5cD00s
Python Basics - counting with range|_an1vbmedXQ
Python Basics - for loops|OpG2omXifFg
Python Basics - grab part of a string|qaIsyaLGIf4
Python Basics - sleep with the time module|HWC0PjuzC2Y
Python Basics - strings|Ru7CfIu-XOk
Python Basics - while loops|HYaY2Oon9Uk
Python Basics - working in the python environment|uwSIc3cUPSc
Python Basics part -1 - Hello world|_pCK3QAkNUk
Python GTK Remove Boarders and Positioning - Linux|nRAp1p2dXEY
Python GUIs - GTK - QT4 - PyGame|JYuGln_P9jw
Python Game by SmartViking - Music by Metalx1000|Y842aHIn2Cg
Python Packaging HTML5 and JavaScript Program as Standalone Program - Desktop - GTK - Webkit - Linux|JFsueTM1QtU
Python Qt4 - Basic Window #2|9kSRsgThHVI
Python Qt4 - Basic Window|rZi3ERdhsM8
Python Qt4 - Window Geometry|yA8IRHsb_RI
Python Qt4 - Window Icon|OeAflnDj9tk
Python Quick Tip - Search Through Strings - Linux|kpCFE8FUnI8
Python Quick Tip - Working with Quotes - Linux|6e0ar1kG-5Y
Python Quick Tip intro - Oct 2011|cvVAJbFOHkU
Python and Music Intro - Oct 25th 2011|nSKxP-6GY88
Python and Qt4 Designer Part#1 - Hello World|JOuCuLHmk3o
Python and Qt4 Designer Part#2 - Sliders and Dials|lhCQAngt7ys
Python and Qt4 Designer Part#3 - Menubar Menus|U2vvLAPmpeA
Python3   Tutorial 10   Repetition in Strings   Linux|wl8oQymP1WQ
Python3   Tutorial 11   Converting Int to Strings and Back Again   Linux|N9mo3HSTLj8
Python3   Tutorial 12   Converting User Input to Int or Float   Linux|G3C7BhGJKaY
Python3   Tutorial 13   While Loops   Linux|Hbh2nUS5J_E
Python3   Tutorial 14   More While Loops   Linux|bTPysFy88Pk
Python3   Tutorial 15   If Then Statments First Look   Linux|azUM-6vTEkw
Python3   Tutorial 15   If Then Statments First Look   Linux|rifuZ8MwjMc
Python3   Tutorial 16   Number Guessing with If Then Else Statements   Linux|7CvcF-NzvI4
Python3   Tutorial 17   Is a Number Even   Linux|kaaggwu5M_A
Python3   Tutorial 17   Is a Number Even   Linux|ueI2KT00fAk
Python3   Tutorial 18   Is a Variable a String or a Number   Linux|fI73LsrMJKY
Python3   Tutorial 19   Isinstance in an IF THEN statment   Linux|bN7F-MaRZ9c
Python3   Tutorial 2   String Variables and the Print Command   Linux|prp8dEnF53Q
Python3   Tutorial 20   Error Handling  Linux|IHZInv8qyVA
Python3   Tutorial 21   Length of Strings and Letter by Letter   Linux|diLI3D_KlHU
Python3   Tutorial 22   For Loop Basics   Linux|5ii9tptfQUI
Python3   Tutorial 23   List Arrays First Look   Linux|mvY7TTmaguA
Python3   Tutorial 24   List Script with For Loop   Linux|Ao8jBUukTnU
Python3   Tutorial 3   User Input   Linux|zq7wk1Vc1AE
Python3   Tutorial 4   Writting and Appending to File   Linux|SXxWlCaH8hc
Python3   Tutorial 5   Reading a Text File   Linux|9ROrbicVclM
Python3   Tutorial 6   Check File Before Writing to it   Linux|oqgeYoWSMMI
Python3   Tutorial 7   Our First Script   Linux|PQUAT9Smfdg
Python3   Tutorial 8   Printing Multiple Lines    Linux|2sI7EhR8cx4
Python3   Tutorial 9   Basic Math    Linux|uDNA08ZRQVM
Python3  Tutorial 1  First Look   Linux Tutorial|W3dSzrRUFb8
Python3 Tutorial 4 Writing and Appending to File Linux|SXxWlCaH8hc
Python3 Wins the Vote   September 2013|HynXkPEICh8
QMIDIarp|935MJcCg3G0
Qsynth and Sound Font Files|vdtWYsUSK8s
Qtractor Tuorial #2 - Linux Audio|klapz6HVzCI
Qtractor Tutorial #1|qReySX7TIxs
Quad View in Blender 2.5 - Blender 3D Quick Tip|vTSlzHHCw5U
QuadBot_Alpha - My first Arduino Robot|LUApdNiDFKI
Questions and Comments|Brb0wa44NMo
Quick Explosion in Blender 2.60 - Linux - Blender 3D|_25hJCtKFlw
Quick Fur in Blender 2.60 - Linux - Blender 3D|_NXC1i9VGvU
Quick Smoke in Blender 2.60 - Linux - Blender 3D|-z3aKoRQ-nA
Quick Tip - Word List - Linux|J_vuo0pXdWo
RTFM Script - BASH - Linux|ws6tmwOL_x8
Random File Names - BASH - Linux|IDypKBvIow8
Random Lotto Number in GUI with Zenity - BASH - Linux|WWjYCpymsuo
Random NES ROM and fceu - BASH|p8Uo-mkmX7Y
Random Placement of 3D Objects in HTML5 with Threejs Tutorial|Az1NWhKs308
Read All Lines Between Two Strings - BASH - Linux|urNcvRSdffE
Read Through Youtube Annotations - BASH - Linux|jXHZr8WlbGQ
Reading 2D Barcodes - BASH - Linux - GNU - zbar|rqzQb_HMYf8
Reading and Converting DOC files in BASH with catdoc - Linux|-BhMUP43o0E
Real time Audio effects with JackRack|etNbXbXOd8E
Record All Screen Output to File - BASH -Linux|xC5NKqXmdUo
Record Cmatrix output - Linux|2zxcT3jkQRA
Recover Deleted Files with Photorec|X91sKWXqW6w
Recovering Deleted Files with Grep Linux Tutorial|YiJux8kTb2M
Recursive Search with Grep - BASH -Linux|smB6ZJnUNzA
RedBot Robot - Blender 3D|iixIEV9bdEM
Reflections Only - Blender 3D Layer Rendering|YTMzhqiy7Gg
Rejuve - Original Music By Kris Occhipinti|4anApfHBsUQ
Release info with lsb_release - Linux|1tFjiJvoHjg
Remembering What you Learn|mEqpkmW2pDc
Remove Windows Passwords with chntpw|XHaYoeUfuAI
Renaming Files and Saving Extentions - BASH - Linux|o-CELGgJF5g
Renaming Files and Saving Extentions Revisited - AWK - BASH - Linux|6ektgr126Pk
Rendering POP Development Intro|Tmfk8bKT5FM
Replace Spaces in File Names - BASH - Linux - tr|U1quXW-vYcg
Replacing Patterns in Strings with Python - Like SED - Linux|4ezdKI5RytM
Replacing the End of a String - BASH - Linux|pqZ4pPDYeKY
Replacing the Front Blower Motor|jgxP6s-_JqM
Resize Gnome-Terminal - BASH|xrkbx-WvI2A
Response to Too Many Monitors|7CnpEek1J6I
Return to Motion  Original Music By Kris Occhipinti|QlfwJDL9VQY
Reverse a file - BASH|vvtYa31VFcU
Right Justify Text in BASH - printf - Linux|hp2LO7_gwTw
Right Now - Original Music by Kris Occhipinti|H8R_8IzvIxc
Rigid and Dynamic Objects in Blender 3D|0LowlyEQi5Y
Rip Files From a Website with Python and Webkit - Linux - Tutorial|3avfqizA7c0
Robots|d5AHlWjG1TQ
Rosegarden Part 2|65PjTKt8xFc
Rosegarden Part 5|jVd9IHSr4Io
Rosegarden Part 6|KCmzk58MNL8
Rosegarden Part 7|MW7lPZJZ27w
Rosegarden_Part_1.ogv|_ajTRdRaIjQ
Rosegarden_Part_3|o6u3DFXMzaM
Rosegarden_Part_4|GoKEpOMKm1g
Rotate a 3D Camera in HTML5 with Threejs Linux Tutorial|cPyBmd3kXXQ
Rotating Dual Monitors - Xrandr - BASH Shell - Linux|TFfFLUJ5x5s
Rotating Points - Blender 2.5 Quick Tip - Blender 3D|w6pKyi6gxkI
Rotating Views with NumberPad in Blender 2.5 - Blender 3D|rwINWLPItWs
Run a Command From VIM - BASH - Linux|3DkSBs1Cxyw
Run a Command for a give amount of Time - BASH|wyIKo2VNcAw
Run and Kill a Command with a Time Limit using Timeout - Linux - Shell Script - BASH|-UOw_rLqhy4
SED Count Lines in a File Linux Shell Tutorial BASH|90_9GYi7Cag
SED Delimiters   Linux Shell   BASH|UJtiSK-e6EA
SED Display Only Line with Matches   Like Grep   Linux Shell tutorial   BASH|AmTwNF-uiLY
SED Ignoring Case in Search and Replace Linux Shell tutorial   BASH|FfY-KRUsFds
SED Like Head to Display Top of File Linux Shell Tutorial BASH Delete Lines|5UbK590a0ks
SED Numbering Lines in a File Linux Shell Tutorial BASH|IXQ5TFQpp3k
SED Print Every Other Line or Every 3rd Line Linux Shell Tutorial BASH|jdI_K0F7MaU
SED Remove Comments From a Script Linux Shell Tutorial BASH Delete Line|7CM-d24fu5A
SED Remove Lines When Match is Found Linux Shell Tutorial BASH Delete Line|37r5Ykdnlkk
SED Remove or Replace the Last Word of Each Line   Linux Shell tutorial   BASH|hCMnDxD6asE
SED Replace Any Character Other then a Number  Linux Shell   BASH|Kv544g9i-UA
SED Replace More than One String   Linux Shell   BASH|MUvqFx6wArI
SED Substitute Beginning and End of Line   Linux Shell Tutorial   BASH|8T5azKqYAjc
SED Tutorial Basic Substitution   Linux Shell   BASH|32waL1Z9XK0
SED Using Script Files   Linux Shell tutorial   BASH|XSJb8g96fvo
SED Using an Ampersand to Match Strings   Linux Shell   BASH|JmEKNUZ8sPk
SED Whole Word Match with Boundaries Linux Shell Tutorial BASH|AjiVpfUHjww
SED Working with Letters and Numbers   Linux Shell   BASH|pogp0h7oEh8
STARWARS intro with Blender 3D|O2IZJaJWVNA
Saturday Drive - Original Music By Kris Occhipinti|-GseTTGoWlw
Schedules and Distros|uZZIndSTQgM
School Paper Orginizer HTML5 PHP jQuery Bootstrap h5ai Tutorial Demo|sjRF8veGRlQ
Screen Basics in Linux - BASH.avi|U4kpYTfbm6g
Screen Capture with FFMPEG - BASH - Linux|FhWXVA7OI6E
Screenshots from the command line - xwd - scrot - import - BASH - Linux|YLthU0o47dM
Search for String in Text like Grep in Python - Linux|Egrlbqrn8JI
Search the Marvel Comic Database Part 1 - BASH - Linux|oL_XhfyQDS8
Search the Marvel Comic Database Part 2 - BASH - Linux|P34E6o_-M9I
Search the Marvel Comic Database Part 3 - BASH - Linux|WGTeDSpA9Pg
Search the Marvel Comic Database Part 4 - BASH - Linux|bBNZTMm1rcY
Secret Link to Secret Video|8tozNBYfJVc
Secure FTP GUI|5SdLAOutqdg
Secure FTP with sftp and ssh|YFFJBXjhdtY
Security and HTA   HTML Applications|mYsFLIWWRzA
Select Statments in BASH - Linux|QGaGSxl1Gik
Selecting Vertices of a Sub Objects in Blender 2.5 - Blender 3D|APUjdk-WqFs
Self Extracting EXE installer using 7zip on Windows or Linux  7zS.sfx|Gh7JDNT-Luc
Self Extracting EXE installer using Iexpress on Windows|HlNOuBWYoBs
Self Extracting Shell Script Part#1 - BASH - LINUX|A1kwnus7akg
SendKeys in Linux with XTE of Xautomation - BASH - Linux|-j0XVUSvE0M
Sending Audio Output Through a Google Voice Phone Call - Linux and Pulse Audio|FSeFPI5J024
Sending Emails with sSMTP - BASH|QT-6NbjqjDM
Service And Remove - Original Music By Kris Occhipinti|N3x1JhEwWb4
Session Time Out - TMOUT - BASH - Linux|7yPBs8sxwV8
Setting up a Basic HTTP Web Server with tools already on your system - Netcat Busybox Python Linux|v94rReb75-s
Setup a Mail Server Backup in Minutes - Part 4 SheevaPlug|FcVXQPZ3jJM
Setup a Mail Server Backup in Minutes Part 1|Tk6wVMXgRHM
Setup a Mail Server Backup in Minutes Part 2|WVfk37WY0Hs
Setup a Mail Server Backup in Minutes Part 3|NnkZxxDDhQs
Setup an FTP Server on Linux|b0bgpCQPqpk
Shadows_all_at_Once - Original Music By Kris Occhipinti|Y0YR9OTBVz8
Shaped Windows Random Position - Python GTK - Linux|kwYTseqIfro
Shaped Windows with Transparences   Python GTK   Linux|PcqF_26qREo
Shapes-Morphing - Blender 2.5.avi|VQistdpozdA
Shapes-Morphing - Blender 3D|92azc40GHNg
Share Your Music Here|QnOKyfEkyvI
Sharp Fight - Original Music By Kris Occhipinti|hTznM9lLyAA
Shawn Powers Salvador Molly's Challenge - Redone in Open-Source|Grbh_QJ3m3Y
Shell Basics   Writing a Shell Script   Linux Tutorial 5|dh4z1RxpyGQ
Shell Basics - Changing Case of First Letters in Words - Linux - BASH|XkW0hsbr6VE
Shell Basics - Changing String Case - Linux - BASH|eSP2dxxPUd8
Shell Basics - First Look at tr - Linux - BASH|RNuh1rqKIbg
Shell Basics - If Then Else with Case Sensitive Strings - Linux - BASH|n6JVCIDe1J0
Shell Basics - If Then Else with Integers - Linux - BASH|XDi9W0V-ibA
Shell Basics - If Then Else with Strings - Linux - BASH|IvHt_S3aYG4
Shell Basics - More If Then Else with Integers - Linux - BASH|8Li_xUBYHeE
Shell Basics - New Line and Screen Clearing - Linux Tutorial #2|JwZeOVdyC9g
Shell Basics - Read and Write to Files - Linux Tutorial #3|3IlbED9aCNs
Shell Basics - Using tr to Convert Case - Linux - BASH|3IAflEEQKiA
Shell Basics - Working with Files and Directories - Linux Tutorial #4|0BmB_t4vUC4
Shell Basics - echo and read - Linux Tutorial #1|iINdaimyVds
Shell Script  A look at Exit Codes|Fghnnrbag-w
Shell Script  Check If Directory Exists - Folder - Linux - BASH - tutorial|dqdjNf6Z1-U
Shell Script  Continue Based on Exit Code - Linux - BASH - tutorial|DkT2EmXg0rY
Shell Script - Find Lines with Set Number of Words on Them - Linux - BASH tutorial|Bm5Om0SfHe4
Shell Script - What Shell Am I Running - Linux - BASH - zsh - tutorial|EZpFIH6Uqu0
Shell Script Intro in Blender|Uqrc0g3FjEE
Sher A Vac - Original Music By Kris Occhipinti|HG85dBmEFVo
Shortcut Keys in Gnome-Terminal - Linux - BASH|C2UaTtL_F-4
Shorten Prompt - BASH - Linux|HqMLw3YnGUQ
Shuffle a File and get a Random line - BASH|TGeacyvLg7c
Simple Paint with PyGame - Bonus|cYoD8JD-M68
Simple Paint with PyGame|VMt577roxbM
SimpleAndSlow - Original Music By Kris Occhipinti|yqmMUdITfco
Sintel - Blender 3D|ApvWMpibT2M
Skating_2009|0iYG2RjHJfA
Sketching in the UV Editor - Blender 2.5 - Blender 3D|FIRFlGDNcwE
Slitaz 3 GUI -Part #1 - Installing|o9Xp1cy4XPI
Slitaz 3 GUI -Part #10 - The Panel|5FxrpbgcE9A
Slitaz 3 GUI -Part #11 - Install to USB|GJaJOlCN8Zk
Slitaz 3 GUI -Part #2 - Partition Editor|uDoJ_m6IwWk
Slitaz 3 GUI -Part #3 - Package Manager|J8TVYyhZcAA
Slitaz 3 GUI -Part #4 - Wireless Manager|tStZzXhM8xE
Slitaz 3 GUI -Part #5 - Installing Flash|-IHj9UDok_0
Slitaz 3 GUI -Part #6 - Basic Desktop Features|hofVbiXqz4w
Slitaz 3 GUI -Part #7 - File Manager|zQbqA8SR__w
Slitaz 3 GUI -Part #8 - Remastering Part A|2eshznkekHk
Slitaz 3 GUI -Part #8 - Remastering Part B|do68vczDGZQ
Slitaz 3 GUI -Part #9 - Working with CD images|_FlT8UvtD-Y
Slitaz 3 Text-Mode -Part #1 - The Install|gfheZN10KXM
Slitaz 3 Text-Mode -Part #2 - Manual Partitioning|WIGpKICZkfk
Slitaz 3 Text-Mode -Part #3 - Tazpkg - Package Manager|YsCXCo7aj8k
Slitaz 3 Text-Mode -Part #4 - Wireless Netoworking|WCHNn5xX1Gs
Slitaz 3 Text-Mode -Part #5 - Tazdialog|NxWQU5fyEik
Slitaz 3 Text-Mode -Part #6 - Custom LiveCD|KVKC6evzcFc
Slitaz 3 Text-Mode -Part #7 - Install to USB - tazusb|Jh_EApJxV7I
Slitaz 3.0 GUI -Part #12 - Music and Videos|3m5Fhc4KoGA
Slitaz 3.0 Text-Mode -Part #8 - Playing Music and Videos|RPhoDzLL-j0
Slow Walk - Original Music By Kris Occhipinti|K-qwUFr5j3s
SlowCast - Original Music By Kris Occhipinti|CD2JXZKjLDE
Smash an Object on Collision - Blender 2.5 - Blender 3D - Linux|V4lK9o7MbdI
Smoke Basics in Blender 2.57 - Blender 3D Linux|DrvHO69sFgU
Smoke Render 1 Blender 3d|r2dm7mEqdrc
Snow and ICE - Original Music by Kris Occhipinti|QjqvxBNizUM
Snow in GIMP Tutorial - Bonus Video!!!|TgtW63dAfnQ
Snowflake Animation in Blender 3D Blender 2.6 Tutorial|MBE1bpSHXdk
Soft Circle - Original Music By Kris Occhipinti|XAuT7CQyGqc
Soft Shadows with Blender 3D v2.5|DFye7RtRhn8
Soft Shadows with Blender 3D|frCNLpaEu64
SooperLooper - loop recording in Linux|14YdOV5cs8Q
Sorry_Windows.ogv|WcDjBXgHLng
Sort CSV by Column - BASH - Linux|9j0h3qf73jI
Sorting Through Files to get Info - BASH - Linux|1sNeYCR-KkE
Sound Sample Instruments with Specimen - Linux Audio.avi|ySGw94MGEtc
Sound Wav with Blender 2.49 Game Engine|tIYpkCdOlc4
Space Decree - Original Music|wSL5HWw2Cwo
Space Invaders - PyGame - Python Part #1|DvngNtPzE1Q
Space Invaders - PyGame - Python Part #2|xbZhB9vV8QQ
Space Metor - Original Music By Kris Occhipinti|H8lvatIhjI4
Sparkeling - Original Music By Kris Occhipinti|cOzVPeRWLh4
Speed of Open-Source Software - Linux|qzXoNiMnLkM
SpeedBot 3D - Blender|xbuRio8Mvrg
Spell Checking from the Shell - BASH - Linux|tKTS-kLyMYk
Sphere Options in Blender 2.5 - Blender 3D|26Am3kxc7tI
Spin The Bottle - PyGame Script - Staring Fat Frog and Friends|MKx4Jvf1EAs
Split Screen with Screen in Linux - BASH|dFdqyccdWUE
Splitting Strings in BASH  Linux Shell|d5mVKzxmm0U
Splitting Strings into Arrays - BASH - Linux|SMZ5gpob9SE
Star Wars Episode IV - Telnet|SuMlpvXvHus
Start a GUI program at a Given Time - Linux|c470nwM2JNM
Starting a Command in a New Terminal - BASH - Linux|Cqz4DkXqU_M
Static_Loss - Original Music By Kris Occhipinti|kvSnn1R20gY
Steam Locomotive - Linux Shell|kAvxfHGypcY
Stereo to Mono with FFMPEG - BASH - Linux|De7L9thucAU
Still Image Sequence to GIF - ImageMagick - BASH -Linux|y95XaRN9J5E
Still Image Sequence to Video - FFMPEG - BASH -Linux|_85H7b5JIQE
Stop Bouncing off Other Objects in Blender 3D Game Engine with Damp|K374jkKpH2Q
Stream Webcam Video to PyGame - Python - Linux Tutorial|H6ijuSmv5N0
Streaming Youtube Videos to Mplayer - Linux - BASH|QCuq0_nY3Xk
Streaming and Download Streams from Veetle - Linux|vHgykNQKqkY
Streaming audio with VLC - Linux|bTMmKPc1t6E
Streaming your Music Playlist from your web server   Linux   Apache   mplayer   vlc   tutorial|8kT5vNEoxpo
Street View on Google Android|iooVYeKLdVY
Stronger than Strong - Original Music By Kris Occhipinti|M8eY2UpvB78
Superimpose 3D Objects on a Video - Blender 3D - Linux|FLK_u_PFGGY
Superimpose Fire on a Video - Kdenlive - Linux|GkFdHcf9jbY
Superimpose Fire on a Video 1 - Blender 3D - Linux|BoieeTp7x5o
Superimpose Fire on a Video 2 - Blender 3D - Linux|74N-6Cnwm2w
Sweet Dreams Eurythmics - Mystery Guitar Man - Kris Occhipinti|tJL6yrOPtQg
Swinging Door Revisited in Blender 3D|O7HKrfcZrhg
Sync Hydrogen and Ardour|hLecnV0HGNU
THANK YOU|m3JXbZ_76dE
TV-B-GONE|5JV1ok-70W0
Take a Screenshot of a Website - BASH Script - Linux - cutycapt - wkhtmltopdf|Oy3XjawQjlQ
Take it Back - Original Music By Kris Occhipinti|lRfmHWFEbtw
Take it Back - Version2 - Original Music By Kris Occhipinti|oBjp2ZQtQfU
Talking Apple - Playing with Cinelerra|rK3aO037k4A
Tamron 18mm to 270mm - Canon T3i Video Comparison|pWSjwRV_qqU
Team 5 - 2000|Tn8BrJgy_z4
Tech Talks with James #1|Gfu0VJ-yEqc
Tech Talks with James #2 A Talk About C Programming|CPoahQpvz8c
Tech Talks with James #3 Do One Thing and Do It Well|Q5CV7HTbuSM
Tech Talks with James #3 Do One. Thing and Do It Well.|Q5CV7HTbuSM
Tech Talks with James #4 Pointers in C Programming|TaWwMD8UONw
Tech Talks with James #5 Program Compatibility|bwXWECKpMnI
Terminal Session Recorder - Linux Shell|lq2Ao-8Ojn4
Terminator - T1000 effect in Blender - Part 1|0q-2Hz2qFDE
Terminator - T1000 effect in Blender - Part 2 - Render|pWch9mtLVZA
Terminator - T1000 effect in Blender - Part 2|uVxD-DUJtmE
Terminator - T1000 effect in Blender - Rendered|DOGTorBkRzE
Tethering N900|rtKNk79JXUI
Text Presentation Program - Linux Shell Tutorial.avi|47anPOhWCIg
Text to Speech - without Espeak- BASH|nCNmd5g215M
Text to an Image File in BASH|woWwIb5IlFc
Textures in Game Engine - Blender 2.5 - Blender 3D - Linux Part#1|BtCYyui1TA4
Textures in Game Engine - Blender 2.5 - Blender 3D - Linux Part#2|nkvINZ7hli4
Thank you for Watching!|uXhl5KAAWvk
Thanks For Calling|6qKl1WPgWkQ
The Appearance - Original Music By Kris Occhipinti|6PB0WDilupc
The Complexities to Creating Real Electronic Health Records|7Wx7HVJGwHQ
The Dance That Lasts Forever - Original Music By Kris Occhipinti|uLvKlJ6wJAY
The Development - Original Music By Kris Occhipinti|PUM7OTjBpcQ
The Distance between two objects in Blender 3D 2.6 game engine.|dxKXadifzKY
The Find Command in BASH|dRhc5u7e5CU
The Hill|09NHcyTy7t0
The Install - Original Music By Kris Occhipinti|8DUElliqt1E
The Making Of - Monitor and Hammer|uUyn4rhkEVE
The Making Of - SMash_Grab|I02ZqwLA_Xo
The Making Of Second Track|7N0dT0wKYh8
The Mixer - Original Music By Kris Occhipinti|2WI40JKSEg4
The Paste Command   Linux BASH Shell Script Tutorial|DCJPFjS_vss
The Rack - Now in OGG|RanCNQHxcmo
The Region - Track 00 - Zero|UxxtDUGpt7M
The Region - Track 01 - The Region|BIuGrDpdGDc
The Region - Track 02 - Assembly|TLWc4eixy6A
The Region - Track 05 - Zoltiniod|PBrf35gt3cc
The Region - Track 06 - The_Sound_of_Xmas|lRNjTXx1M44
The Region - Track 10 - Stock_Basic|62Hr4CAjEw8
The Region - Track 6 - Outside|aSfvypdYaA4
The Region - Track 7 - The_Giving|4c_bixOMwCM
The Region - Track 8 - Lost_in_the_Garden|9DtKqgXKxig
The Region - Track 9 - Rain_in_My_Puddle|htL6LxVpjNY
The Region - Tracks 3 Process &amp; Track 4 The ShortCut|JHG0xg8v0pM
The Reinstall ReMix - Original Music by Kris Occhipinti|Gefg_uWixSo
The Sound of Music|bgGBo9OSlKw
TheDayHeWasMade - Original Music By Kris Occhipinti|rZPMDG43YM4
TheVeryTop - Original Music By Kris Occhipinti|k9PCAsnRHqw
The_Buzz - Original Music By Kris Occhipinti|WTmCaatSBGY
The_Way - Original Music By Kris Occhipinti|KKJ881TucBo
Threading with Python and GTK GUI Part #2|voCiJrvpzqk
Threading with Python and GTK GUI Part#1|rYsTrTWF438
Time Out and Lost - Original Music By Kris Occhipinti|b3ELRR5jxZU
Time a Script - Another away of doing things - BASH - Linux|dNOtVIvfn2E
Time how Long a Program Runs - BASH - Linux|FP_sYYlwjJc
Torn in ways you dont know - Original Music by Kris Occhipinti|_GGED6H5nIw
Transferring Files Securely with SCP and SFTP - Linux|DJZbEt8KgBU
Translate Your Voice to Another Language - BASH - Linux|Ok9Aevyz7Eg
Transposing with Less Distortion using Rubberband - BASH - Linux|ziAwhziTg5U
Tubing   September 22 2013 - connection group|FWpfLL8fMwY
Tutorials into Nov. 7|wa21i2u_Xc4
UPDATE!!! HTML5 Part#1a - Video - Linux|8o14vcx3BMs
URL Requests with cURL and Chrome Console|ca3rxpMEWk0
UV Textures Across Multiple Objects - Blender 3D - Linux|20K9p0Acjbg
Underlining TEXT in your BASH script|NdgRNzRH2Q0
Underneath - Original Music By Kris Occhipinti|2K_0uDYX5Vw
Universal Sample - Original Music By Kris Occhipinti|T2zvtC3Rqxc
Uno a Mach - Original Music By Kris Occhipinti|ELodSrDv3nU
Unoconv - Converting OpenOffice Documents to Other Formats - BASH - Linux|JXTP09hLv0A
Untaring and Running Python Script|e1UxTv94VoA
Until Later - Original Music By Kris Occhipinti|A0LDrQH2dh0
Update - June 2013|BFx8RZpcRFY
Update - September 2011|f20ML8eweMo
Update Line Without Having to Clear Screen - Linux - Shell Script - BASH|AECjkS6K0N8
Update On Life #2|d9lUK1x_e8k
Update and What is up with the Private Videos|9DVWuSDTtzU
Update on Dividing Line tput - BASH - Linux|Yc1UIrz7Pf4
Update on life|nb16GqPccIs
Updates and Voting|OosbyRkC9_I
Updating youtube-dl|FXxLjLQi3Fg
Upload a File to our Forum|LodcqQDkb9s
Uploading to the Forum|Dg7zbfXDfs0
Useing mlabel to label vFat Partioned Drives in Linux - BASH|EHTtsy5Z00g
Using Binwalk To View Firmware Data From Wifi Pineapple Image on Linux|3aanPGmUkzQ
Using Eval to use a Variable as a Command - Linux Shell Script - BASH|0A4Kjr8ThJA
Using Sed to Replace Tabs in File  Linux Shell Tutorial - BASH|XAsCzhQ4S48
Using Terminator Terminal - Linux Shell|_U2Yy5B2ASU
Using Terminator Terminal - intro|C1jkzN0V8lI
Using awk like grep|mJgLSpw2ato
Using the Sponge command in BASH|ZeGzgVvBt3w
VIM - Split Screen and Navigation - Linux - Shell - BASH|sHGiC6Fp800
VIM Autocomplete Intro|rwxiN4y8Es0
VIM File Name Autocompletion - BASH - Linux|Y2Moz2TEqIQ
VIM Line Autocompletion - BASH - Linux|_Z0vzoc_Ymw
VIM Word Autocompletion - BASH - Linux|3Q94QSv7Pow
VIM tutorial with vimtutor|PhdWEQb58Q0
VOTE NOW!|Mt0YFjaiDeA
Variable String Length in BASH - Linux|IXydHJzs4TU
Vice Anson - Original Music By Kris Occhipinti|hdYlTuxEQxU
Video Editing in Linux - Capture in  Video with Kino|6KUeV2oFlX0
Video Editing in Linux - Cinelerra Cameras and Projectors|YU38NXSEkDU
Video Editing in Linux - Cinelerra Masks|8w5myJd2BRk
Video Editing in Linux - Cinelerra Part #1|jBs-biS8-y4
Video Editing in Linux - Cinelerra Part #2 effects|_8o8fToIiGo
Video Editing in Linux - Cinelerra Part #3 Title Layers|acYCiP3Tt84
Video Editing in Linux - Cinelerra Part #4|SwWhIc_FWZY
Video Editing in the Shell - MLT melt - FFMPEG - Linux 1|r4PWv0emS7A
Video Editing in the Shell Fade Transitions - MLT melt - FFMPEG - Linux 3|3PRZ9L_KLdI
Video Editing in the Shell Filters and Effects - MLT melt - FFMPEG - Linux 5|8wa5zo9Srno
Video Editing in the Shell Joining Clip - MLT melt - FFMPEG - Linux 2|q0KnhkbFl_s
Video Editing in the Shell Layer Effects - MLT melt - FFMPEG - Linux 6|fgmA99b4kKg
Video Editing in the Shell Trim Clips - MLT melt - FFMPEG - Linux 4|eQ7NzcxV3NA
Video Stabilization in Blender 3D - 2.63 - Linux|4LLrafTeU6Y
Video to GIF with Mplayer and Imagemagick - BASH - Linux|XQdZ-lMPqR0
Videos to Image Sequence - FFMPEG - BASH - Linux|b7MD4RXBjSQ
View to Large Text Mobile App for Talking to Deaf People   Android Linux   Tutorial   Jquery   JavaS|UrLSNT892VQ
Vignette with Blender Compositor - Blender 3D 2.5 - Linux|yNSMrkQ__ko
Vingettes with Imagemagick - BASH - Linux|02WnUs4J4gM
Visual Network Traffic in the Linux Shell|PHYxzC2XDJ0
Voice to Text with BASH WGET and Google - Linux|NpjMlVPvfT8
Volume Control From the Command Line - BASH Shell Script- Linux - amixer - alsa|z6V3BQJKR7A
Volume Level?  Is it time for a new mic?|fqLuAQoTPco
Voting August 2014|9dV6Z7pS-Dk
Voting Time  - June 2014|zpfp09q3qtI
WGET NIN Music from the Social Network v2|zBMXGgahqXg
WOTC PC portraits online gallery|DHaas3kLg0w
Wait Between Shots - Blender 2.5 Game Engine|YDAWsyPuMWU
WalkOutSide - Original Music By Kris Occhipinti|Zk-LIB4g0Jw
Watch What other are doing with Screen - BASH - Linux|N4IV0mNuaa0
Water Marking Video With Blender 3D|vaHHI-Xr3f4
Water Marking Video With Kdenlive|3CUvFff2zsE
Wav2PNG - Visual Wav Plot - Linux Shell - Audio|Rd80h62i8hs
Wav2PNG - Visual Wav Plot - intro|FN1N-r1dhdI
WebM with FFMPEG|3IuCsO35cIA
Webspy and Ettercap|He3GgNpDaNQ
What Do You Want to See?|sjGqPDaALEg
Where do you Work?  How Long have you been using Linux?  What is Your Favorite Game? College?|Y63gpPGlGAY
Where is this IP from - geo ip lookup - Linux Shell|dk_DF_Ls_Xs
While Loop Review - BASH - Linux|ozKpndnotto
Whisper - Original Music By Kris Occhipinti|sGI2yAo0dzk
White and Nerdy - Ember - September 14th 2012|gx0GIXFim3c
WhoOrWhat v1 - Original Music By Kris Occhipinti|mAZazn_75wY
WhoOrWhat v2 - Original Music By Kris Occhipinti|UADkmvXx0_s
Why I Use Vim   Open Source Software|kPyVirxMFvc
Why Linux is Safer than Windows or MacOS|n4PGJbDlvsU
Why is WC Giving Me a Bad Count  Linux Shell Tutorial - BASH|09Wy0ueRHxA
Window INFO with xwininfo - BASH - Linux|cJK7pSwTjaE
Wolverine - Original Music By Kris Occhipinti|32sSg7jBZaI
WoodBurning - Arduino Box|-K1y4L1UtN0
Work in Progress - Album|NxFSg7HH8w0
Working on POP Development Intro - Blender 3D|cFApaYRpN00
Working on the new House|UygpxXpaqRM
Working with ISO and IMG files in QEMU - Linux|JxSGT_3UU8w
Working with Justin TV in Linux|7sOSV1woUe4
Working with Titles and Addressbars in Python GTK and Webkit - Linux|VEMWeqc6Gd0
Working with different Window Managers - Linux|oVOUBeXTtHU
Working with jpg Metadata Comments - Exiftool - BASH - Linux Command Line|WchknYwbFJY
Working with pcap Packet Capture Files From Network Sniffing Wireshark linux tutorial|bJxA7ZkxJSU
Write to all terminals with WALL - Linux|-pFhQJqgNjo
Wrong Comments - Original Music By Kris Occhipinti|qYbC78G2Jqg
Xchat - Chating|r73c0Z4EDZs
Xcowsay - Intro|GbjLYOtdN6o
Xcowsay - Linux|cfSH7kbzOIM
Xnest - Create a new Display in a Window - Linux|BSYmajttVDw
Xorg on Android with no VNC|t2yj8QYoBhA
Yon Dan Ground - Original Music By Kris Occhipinti|_eqRF-ozcjs
YouTube-dl GUI by ProfOak - t3hubern00b|Edsszob3DVc
Youtube Downloading - Flash Problems - Nvidia - Firefox - Chrome - Linux|6AeztNIu8Z8
Youtube Outro with Blender 2.5 - Blender 3D - Linux|HVSzZhuwb8k
Youtube-dl in Slitaz - Linux|bEQnyMedo1Q
ZENMAP_Tutorial|FoIkmPg0IXo
ZynAddSubFX - Different instruments for different keys - Linux - Synth|lcXdus-LwZc
ZynAddSubFX - Layering Instruments - Synth - Linux|rW1X3q4fVIk
Zynaddsubfx - Linux Synthesizer|iVPr6iUuO3g
acollsen's IRC controlled Arduino LED|tOxq8ibQGc0
cd basics in BASH - Linux|JcCT7cbBY4o
emsjenn|AOulYO4GdsE
etch-a-sketch in Python with PyGame - Linux|uNjcIqM3ZoY
ettercap packet sniffing part 1|NmYzFuwSAPk
ettercap packet sniffing part 2|GCcELPd6LNA
ettercap to find live radio stream - Linux - BASH|8tGR2lS-F8Q
ffmpeg2theora - Convert to OGG video-audio|SwW9Ii7_puY
httpd Busybox Linux Web Server Tutorial #1|2aeS610FG20
httpd Busybox Server Side Scripts CGI BASH Linux Web Server Tutorial #2|PWMLxxzUa4g
incompetech 3D #2|01KCeYVzsuM
incompetech animation|W_rKPxGr-Z0
intro_re|hsBghO2K0-E
jQuery Mobile Tutorial 1 Fire Fighter SCBA Software Android iPhone HTML5 JavaScript|TRRCTVJ2sWI
jQuery Mobile Tutorial 2 Fire Fighter SCBA Software Android iPhone HTML5 JavaScript|mop0_qod7ZY
jQuery Mobile Tutorial 3 Fire Fighter SCBA Software Android iPhone HTML5 JavaScript|ndRjrzxNAKQ
lsb_release - What Distro and Release Version are You Running - Linux - Shell Script - BASH|MfLoV_lQRg8
lsof network connections - BASH Quick Tip - Linux.avi|2pP-l4Uz8fs
menlugintro|pKzmgklykOg
php While Loops|iGtbW4P2fYg
php_tutorial-1|rhboAp_TnYQ
php_tutorial-2|5uxiOEZrfmg
php_tutorial-If Else Statements|F_z_B-2q8LE
pygame - part 10 - Screen Shots|nGVV1U6KBfo
pygame - part 11 - Move Image with Mouse|cJBkgSgdLiE
pygame - part 12 - Move Image with Mouse Click|FwPWORMzpS4
pygame - part 13 - Add a Background Image.ogv|7o2P75YnX_o
pygame - part 4 - change background color|i1rEdG6Oeno
pygame - part 5 - add sound|k5MGulkzSxk
pygame - part 6 - KEY PRESS EVENTS|pM3XwZ0tNkw
pygame - part 7 - Mouse Button Press|VReH9L84pTA
pygame - part 8 - resize image|IT-Mi75B6hA
pygame - part 9 - control the speed of your game|uhA6B4fitH0
pygame - tutorial part 1|nnuEqzAAkHw
pygame - tutorial part 2 - load images|_1dPkU8c6VA
pygame - tutorial part 3 - animate image|yKsyuxkpxMI
pygame and the Nokia N900 - Image Manipulation|xNd1Y9TJrEI
smokebomb left overs|J9l9ZpuKdw4
sound of music audio|nV-9eX7dtjk
speakitout version 2 - Original Music By Kris Occhipinti|SqkmmY7vkns
tput - tutorial #1 colors - BASH - Linux|DxtGz2hSI00
tput - tutorial #2 letter posistioning - BASH - Linux|nwYkg6PjiT0
tput - tutorial #3 Reversing Colors - BASH - Linux|Bks2YNprze4
tput - tutorial #4 Main Menu - BASH - Linux|jTSQlIK_92w
waver_705 - Original Music By Kris Occhipinti|ehgi4yOI43Y
wedding|zqEcd1rjosI
win7|DMm_ENYiFSA
xrand - Rotate Your Screen in Linux|2vrCByqJZzU
yt-uix-sessionlink yt-uix-tile-link yt-uix-contextlink  yt-ui-ellipsis yt-ui-ellipsis-2|yt-lockup2-title
z Depth - placing one item in front of another|RwXgIMNbrQU
zenitycalendar|s-9WSrlEEE0
☠☢ UniCodes in Linux - Special Characters - gucharmap|cJNPJy7gz1Y
