http://download.freeroms.com/nes_roms/01/3stooges.zip
http://download.freeroms.com/nes_roms/01/abadox.zip
http://download.freeroms.com/nes_roms/01/addams.zip
http://download.freeroms.com/nes_roms/01/adv2.zip
http://download.freeroms.com/nes_roms/01/adv3.zip
http://download.freeroms.com/nes_roms/01/advbayoubilly.zip
http://download.freeroms.com/nes_roms/01/advdinoriki.zip
http://download.freeroms.com/nes_roms/01/advmk.zip
http://download.freeroms.com/nes_roms/01/airwolf.zip
http://download.freeroms.com/nes_roms/01/allstar.zip
http://download.freeroms.com/nes_roms/01/alprobb.zip
http://download.freeroms.com/nes_roms/01/altbeast.zip
http://download.freeroms.com/nes_roms/01/amagon.zip
http://download.freeroms.com/nes_roms/01/amgladiators.zip
http://download.freeroms.com/nes_roms/01/anticip.zip
http://download.freeroms.com/nes_roms/01/archrivals.zip
http://download.freeroms.com/nes_roms/01/arctic.zip
http://download.freeroms.com/nes_roms/01/arkanoid.zip
http://download.freeroms.com/nes_roms/01/astro.zip
http://download.freeroms.com/nes_roms/01/astynax.zip
http://download.freeroms.com/nes_roms/01/athena.zip
http://download.freeroms.com/nes_roms/01/atrain.zip
http://download.freeroms.com/nes_roms/01/backtothefuture.zip
http://download.freeroms.com/nes_roms/01/baddudes.zip
http://download.freeroms.com/nes_roms/01/badmiton.zip
http://download.freeroms.com/nes_roms/01/badnews.zip
http://download.freeroms.com/nes_roms/01/badstreets.zip
http://download.freeroms.com/nes_roms/01/balloon.zip
http://download.freeroms.com/nes_roms/01/baltron.zip
http://download.freeroms.com/nes_roms/01/barbie.zip
http://download.freeroms.com/nes_roms/01/bardstale.zip
http://download.freeroms.com/nes_roms/01/bartman.zip
http://download.freeroms.com/nes_roms/01/bartvswo.zip
http://download.freeroms.com/nes_roms/01/baseball.zip
http://download.freeroms.com/nes_roms/01/basesim1000.zip
http://download.freeroms.com/nes_roms/01/basstar.zip
http://download.freeroms.com/nes_roms/01/basstar2.zip
http://download.freeroms.com/nes_roms/01/batman.zip
http://download.freeroms.com/nes_roms/01/batman3.zip
http://download.freeroms.com/nes_roms/01/batmnret.zip
http://download.freeroms.com/nes_roms/01/battery.zip
http://download.freeroms.com/nes_roms/01/battlechess.zip
http://download.freeroms.com/nes_roms/01/bcastle.zip
http://download.freeroms.com/nes_roms/01/bcity.zip
http://download.freeroms.com/nes_roms/01/bebop.zip
http://download.freeroms.com/nes_roms/01/bestbest.zip
http://download.freeroms.com/nes_roms/01/binary.zip
http://download.freeroms.com/nes_roms/01/bioniccommander.zip
http://download.freeroms.com/nes_roms/01/birdweek.zip
http://download.freeroms.com/nes_roms/01/blackbas.zip
http://download.freeroms.com/nes_roms/01/blades.zip
http://download.freeroms.com/nes_roms/01/blastermaster.zip
http://download.freeroms.com/nes_roms/01/bloodwar.zip
http://download.freeroms.com/nes_roms/01/blubro.zip
http://download.freeroms.com/nes_roms/01/bman2.zip
http://download.freeroms.com/nes_roms/01/bnwchin.zip
http://download.freeroms.com/nes_roms/01/bojack.zip
http://download.freeroms.com/nes_roms/01/bombman.zip
http://download.freeroms.com/nes_roms/01/bondjr.zip
http://download.freeroms.com/nes_roms/01/bonk.zip
http://download.freeroms.com/nes_roms/01/bosuka.zip
http://download.freeroms.com/nes_roms/01/boyhisblob.zip
http://download.freeroms.com/nes_roms/01/bramdrac.zip
http://download.freeroms.com/nes_roms/01/bthru.zip
http://download.freeroms.com/nes_roms/01/btoads.zip
http://download.freeroms.com/nes_roms/01/bttdddrag.zip
http://download.freeroms.com/nes_roms/01/bubbleb2.zip
http://download.freeroms.com/nes_roms/01/bublbob.zip
http://download.freeroms.com/nes_roms/01/bucky.zip
http://download.freeroms.com/nes_roms/01/bumpnjmp.zip
http://download.freeroms.com/nes_roms/01/burai.zip
http://download.freeroms.com/nes_roms/01/burgtime.zip
http://download.freeroms.com/nes_roms/01/bwars.zip
http://download.freeroms.com/nes_roms/01/bwings.zip
http://download.freeroms.com/nes_roms/01/cabal.zip
http://download.freeroms.com/nes_roms/01/caesar.zip
http://download.freeroms.com/nes_roms/01/calgames.zip
http://download.freeroms.com/nes_roms/01/calshdemon.zip
http://download.freeroms.com/nes_roms/01/capameri.zip
http://download.freeroms.com/nes_roms/01/capt2.zip
http://download.freeroms.com/nes_roms/01/captained.zip
http://download.freeroms.com/nes_roms/01/captskyh.zip
http://download.freeroms.com/nes_roms/01/carmen.zip
http://download.freeroms.com/nes_roms/01/casinokd.zip
http://download.freeroms.com/nes_roms/01/castdrag.zip
http://download.freeroms.com/nes_roms/01/castexel.zip
http://download.freeroms.com/nes_roms/01/castleva.zip
http://download.freeroms.com/nes_roms/01/caveman.zip
http://download.freeroms.com/nes_roms/01/cfield.zip
http://download.freeroms.com/nes_roms/01/chalen.zip
http://download.freeroms.com/nes_roms/01/chamlode.zip
http://download.freeroms.com/nes_roms/01/chicken.zip
http://download.freeroms.com/nes_roms/01/chinese3.zip
http://download.freeroms.com/nes_roms/01/chinesedomino.zip
http://download.freeroms.com/nes_roms/01/chipdale.zip
http://download.freeroms.com/nes_roms/01/chkatasn.zip
http://download.freeroms.com/nes_roms/01/chmpbowl.zip
http://download.freeroms.com/nes_roms/01/chmppool.zip
http://download.freeroms.com/nes_roms/01/choplifter.zip
http://download.freeroms.com/nes_roms/01/chubby.zip
http://download.freeroms.com/nes_roms/01/circusc.zip
http://download.freeroms.com/nes_roms/01/circusca.zip
http://download.freeroms.com/nes_roms/01/citycon.zip
http://download.freeroms.com/nes_roms/01/clucluland.zip
http://download.freeroms.com/nes_roms/01/cntrforc.zip
http://download.freeroms.com/nes_roms/02/cobracom.zip
http://download.freeroms.com/nes_roms/02/cocoron.zip
http://download.freeroms.com/nes_roms/02/code.zip
http://download.freeroms.com/nes_roms/02/codej.zip
http://download.freeroms.com/nes_roms/02/columbus.zip
http://download.freeroms.com/nes_roms/02/commando.zip
http://download.freeroms.com/nes_roms/02/con1j.zip
http://download.freeroms.com/nes_roms/02/conan.zip
http://download.freeroms.com/nes_roms/02/concryst.zip
http://download.freeroms.com/nes_roms/02/conflict.zip
http://download.freeroms.com/nes_roms/02/cont2.zip
http://download.freeroms.com/nes_roms/02/contra.zip
http://download.freeroms.com/nes_roms/02/cosmic.zip
http://download.freeroms.com/nes_roms/02/crashstc.zip
http://download.freeroms.com/nes_roms/02/crystalis.zip
http://download.freeroms.com/nes_roms/02/cvania2.zip
http://download.freeroms.com/nes_roms/02/cvania3.zip
http://download.freeroms.com/nes_roms/02/cybball.zip
http://download.freeroms.com/nes_roms/02/cybrnoid.zip
http://download.freeroms.com/nes_roms/02/daikaijyudeburas.zip
http://download.freeroms.com/nes_roms/02/daiva.zip
http://download.freeroms.com/nes_roms/02/darkwing.zip
http://download.freeroms.com/nes_roms/02/daydream.zip
http://download.freeroms.com/nes_roms/02/dball.zip
http://download.freeroms.com/nes_roms/02/ddragon3.zip
http://download.freeroms.com/nes_roms/02/ddribble.zip
http://download.freeroms.com/nes_roms/02/deadlyt.zip
http://download.freeroms.com/nes_roms/02/deepdun3.zip
http://download.freeroms.com/nes_roms/02/deepdun4.zip
http://download.freeroms.com/nes_roms/02/defdyna.zip
http://download.freeroms.com/nes_roms/02/defendr2.zip
http://download.freeroms.com/nes_roms/02/defofcrn.zip
http://download.freeroms.com/nes_roms/02/dejavu.zip
http://download.freeroms.com/nes_roms/02/demonswo.zip
http://download.freeroms.com/nes_roms/02/denetss.zip
http://download.freeroms.com/nes_roms/02/devworld.zip
http://download.freeroms.com/nes_roms/02/dharry.zip
http://download.freeroms.com/nes_roms/02/diehard.zip
http://download.freeroms.com/nes_roms/02/digdug1.zip
http://download.freeroms.com/nes_roms/02/digdug2.zip
http://download.freeroms.com/nes_roms/02/digger.zip
http://download.freeroms.com/nes_roms/02/dngmagic.zip
http://download.freeroms.com/nes_roms/02/dodgebal.zip
http://download.freeroms.com/nes_roms/02/dogtown.zip
http://download.freeroms.com/nes_roms/02/doordoor.zip
http://download.freeroms.com/nes_roms/02/doraemon.zip
http://download.freeroms.com/nes_roms/02/doubledr.zip
http://download.freeroms.com/nes_roms/02/doubledr2.zip
http://download.freeroms.com/nes_roms/02/doubstrk.zip
http://download.freeroms.com/nes_roms/02/doughboy.zip
http://download.freeroms.com/nes_roms/02/dq3.zip
http://download.freeroms.com/nes_roms/02/dragonfi.zip
http://download.freeroms.com/nes_roms/02/dragonq1.zip
http://download.freeroms.com/nes_roms/02/dragonsp.zip
http://download.freeroms.com/nes_roms/02/dragonwarrior4.zip
http://download.freeroms.com/nes_roms/02/dragstri.zip
http://download.freeroms.com/nes_roms/02/dragunit.zip
http://download.freeroms.com/nes_roms/02/drawars.zip
http://download.freeroms.com/nes_roms/02/drgbtr2.zip
http://download.freeroms.com/nes_roms/02/drglair.zip
http://download.freeroms.com/nes_roms/02/drjekyl.zip
http://download.freeroms.com/nes_roms/02/dstnyemp.zip
http://download.freeroms.com/nes_roms/02/dstnyemp2.zip
http://download.freeroms.com/nes_roms/02/dtales1.zip
http://download.freeroms.com/nes_roms/02/dtracy.zip
http://download.freeroms.com/nes_roms/02/duck.zip
http://download.freeroms.com/nes_roms/02/duckhunt.zip
http://download.freeroms.com/nes_roms/02/ducktales2.zip
http://download.freeroms.com/nes_roms/02/dw1.zip
http://download.freeroms.com/nes_roms/02/dw2.zip
http://download.freeroms.com/nes_roms/02/dw3.zip
http://download.freeroms.com/nes_roms/02/dynabowl.zip
http://download.freeroms.com/nes_roms/02/dynowarz.zip
http://download.freeroms.com/nes_roms/02/earthbnd.zip
http://download.freeroms.com/nes_roms/02/elev.zip
http://download.freeroms.com/nes_roms/02/eliminat.zip
http://download.freeroms.com/nes_roms/02/elite.zip
http://download.freeroms.com/nes_roms/02/emobase.zip
http://download.freeroms.com/nes_roms/02/empirest.zip
http://download.freeroms.com/nes_roms/02/exedexes.zip
http://download.freeroms.com/nes_roms/02/exerion.zip
http://download.freeroms.com/nes_roms/02/exitbike.zip
http://download.freeroms.com/nes_roms/02/exraly.zip
http://download.freeroms.com/nes_roms/03/f117a.zip
http://download.freeroms.com/nes_roms/03/f15city.zip
http://download.freeroms.com/nes_roms/03/f16.zip
http://download.freeroms.com/nes_roms/03/f1btw.zip
http://download.freeroms.com/nes_roms/03/f1circus.zip
http://download.freeroms.com/nes_roms/03/f1race.zip
http://download.freeroms.com/nes_roms/03/faibird.zip
http://download.freeroms.com/nes_roms/03/famcirc.zip
http://download.freeroms.com/nes_roms/03/familyfeud.zip
http://download.freeroms.com/nes_roms/03/fampin.zip
http://download.freeroms.com/nes_roms/03/fantasyzone.zip
http://download.freeroms.com/nes_roms/03/faria.zip
http://download.freeroms.com/nes_roms/03/faxanadu.zip
http://download.freeroms.com/nes_roms/03/fester.zip
http://download.freeroms.com/nes_roms/03/ffuryspc.zip
http://download.freeroms.com/nes_roms/03/fieldcombat.zip
http://download.freeroms.com/nes_roms/03/fistnorthstar.zip
http://download.freeroms.com/nes_roms/03/fistnorthstar2.zip
http://download.freeroms.com/nes_roms/03/fistns4.zip
http://download.freeroms.com/nes_roms/03/flappy.zip
http://download.freeroms.com/nes_roms/03/fline.zip
http://download.freeroms.com/nes_roms/03/flints.zip
http://download.freeroms.com/nes_roms/03/flipull.zip
http://download.freeroms.com/nes_roms/03/flwar.zip
http://download.freeroms.com/nes_roms/03/flygdrgn.zip
http://download.freeroms.com/nes_roms/03/formationz.zip
http://download.freeroms.com/nes_roms/03/frankenstein.zip
http://download.freeroms.com/nes_roms/03/friday13.zip
http://download.freeroms.com/nes_roms/03/gachpon2.zip
http://download.freeroms.com/nes_roms/03/galaga.zip
http://download.freeroms.com/nes_roms/03/galaxian.zip
http://download.freeroms.com/nes_roms/03/galx5000.zip
http://download.freeroms.com/nes_roms/03/garg.zip
http://download.freeroms.com/nes_roms/03/gargoylesquest2.zip
http://download.freeroms.com/nes_roms/03/gauntlet.zip
http://download.freeroms.com/nes_roms/03/gauntlet2.zip
http://download.freeroms.com/nes_roms/03/gb.zip
http://download.freeroms.com/nes_roms/03/gekista.zip
http://download.freeroms.com/nes_roms/03/georgeforman.zip
http://download.freeroms.com/nes_roms/03/ghostbusters2.zip
http://download.freeroms.com/nes_roms/03/gijoe.zip
http://download.freeroms.com/nes_roms/03/gijoe2.zip
http://download.freeroms.com/nes_roms/03/gilligan.zip
http://download.freeroms.com/nes_roms/03/gng.zip
http://download.freeroms.com/nes_roms/03/godzila2.zip
http://download.freeroms.com/nes_roms/03/godzilla.zip
http://download.freeroms.com/nes_roms/03/goemon1j.zip
http://download.freeroms.com/nes_roms/03/goldmeda.zip
http://download.freeroms.com/nes_roms/03/golf.zip
http://download.freeroms.com/nes_roms/03/golfgrandslam.zip
http://download.freeroms.com/nes_roms/03/golgo13.zip
http://download.freeroms.com/nes_roms/03/golgo132.zip
http://download.freeroms.com/nes_roms/03/goonies.zip
http://download.freeroms.com/nes_roms/03/goonies2.zip
http://download.freeroms.com/nes_roms/03/gotcha.zip
http://download.freeroms.com/nes_roms/03/gradius.zip
http://download.freeroms.com/nes_roms/03/gradius2.zip
http://download.freeroms.com/nes_roms/03/gremlin2.zip
http://download.freeroms.com/nes_roms/03/guardian.zip
http://download.freeroms.com/nes_roms/03/guardlj.zip
http://download.freeroms.com/nes_roms/03/guer.zip
http://download.freeroms.com/nes_roms/03/gunh.zip
http://download.freeroms.com/nes_roms/03/gunsmoke.zip
http://download.freeroms.com/nes_roms/03/gyrodine.zip
http://download.freeroms.com/nes_roms/03/gyrus.zip
http://download.freeroms.com/nes_roms/03/haja.zip
http://download.freeroms.com/nes_roms/03/hammer2j.zip
http://download.freeroms.com/nes_roms/03/hanjuku.zip
http://download.freeroms.com/nes_roms/03/harlemtrotters.zip
http://download.freeroms.com/nes_roms/03/hatris.zip
http://download.freeroms.com/nes_roms/03/hattorik.zip
http://download.freeroms.com/nes_roms/03/hbdaybug.zip
http://download.freeroms.com/nes_roms/03/heavy.zip
http://download.freeroms.com/nes_roms/03/heavyb.zip
http://download.freeroms.com/nes_roms/03/hector87.zip
http://download.freeroms.com/nes_roms/03/hero.zip
http://download.freeroms.com/nes_roms/03/hogalley.zip
http://download.freeroms.com/nes_roms/03/homealone1.zip
http://download.freeroms.com/nes_roms/03/homealone2.zip
http://download.freeroms.com/nes_roms/03/homern90.zip
http://download.freeroms.com/nes_roms/03/homerunn.zip
http://download.freeroms.com/nes_roms/03/hoops.zip
http://download.freeroms.com/nes_roms/03/hototogi.zip
http://download.freeroms.com/nes_roms/03/hotslots.zip
http://download.freeroms.com/nes_roms/03/huds.zip
http://download.freeroms.com/nes_roms/03/hunger.zip
http://download.freeroms.com/nes_roms/03/hydlides.zip
http://download.freeroms.com/nes_roms/03/icarus.zip
http://download.freeroms.com/nes_roms/03/iceclimber.zip
http://download.freeroms.com/nes_roms/03/icehock.zip
http://download.freeroms.com/nes_roms/03/ikari.zip
http://download.freeroms.com/nes_roms/03/ikari2.zip
http://download.freeroms.com/nes_roms/03/ikari3.zip
http://download.freeroms.com/nes_roms/03/iluvsoft.zip
http://download.freeroms.com/nes_roms/03/imagefit.zip
http://download.freeroms.com/nes_roms/03/immortal.zip
http://download.freeroms.com/nes_roms/03/indycrus.zip
http://download.freeroms.com/nes_roms/03/indydoom.zip
http://download.freeroms.com/nes_roms/03/irontank.zip
http://download.freeroms.com/nes_roms/03/island.zip
http://download.freeroms.com/nes_roms/03/isolatedw.zip
http://download.freeroms.com/nes_roms/04/jackal.zip
http://download.freeroms.com/nes_roms/04/jackiechan.zip
http://download.freeroms.com/nes_roms/04/jaws.zip
http://download.freeroms.com/nes_roms/04/jepor25.zip
http://download.freeroms.com/nes_roms/04/jeprdyjr.zip
http://download.freeroms.com/nes_roms/04/jetsons.zip
http://download.freeroms.com/nes_roms/04/jewelry.zip
http://download.freeroms.com/nes_roms/04/jnikgolf.zip
http://download.freeroms.com/nes_roms/04/jongbou.zip
http://download.freeroms.com/nes_roms/04/joymechf.zip
http://download.freeroms.com/nes_roms/04/jungbook.zip
http://download.freeroms.com/nes_roms/04/jurassic.zip
http://download.freeroms.com/nes_roms/04/kabuki.zip
http://download.freeroms.com/nes_roms/04/karatkid.zip
http://download.freeroms.com/nes_roms/04/karnov.zip
http://download.freeroms.com/nes_roms/04/kart.zip
http://download.freeroms.com/nes_roms/04/kchamp.zip
http://download.freeroms.com/nes_roms/04/kickle.zip
http://download.freeroms.com/nes_roms/04/kidkool.zip
http://download.freeroms.com/nes_roms/04/killtomt.zip
http://download.freeroms.com/nes_roms/04/kingofring.zip
http://download.freeroms.com/nes_roms/04/klashbal.zip
http://download.freeroms.com/nes_roms/04/kngfuhro.zip
http://download.freeroms.com/nes_roms/04/knight.zip
http://download.freeroms.com/nes_roms/04/kntrider.zip
http://download.freeroms.com/nes_roms/04/koworldj.zip
http://download.freeroms.com/nes_roms/04/krazykre.zip
http://download.freeroms.com/nes_roms/04/kujakuou.zip
http://download.freeroms.com/nes_roms/04/kungfu.zip
http://download.freeroms.com/nes_roms/04/labytnth.zip
http://download.freeroms.com/nes_roms/04/lastninj.zip
http://download.freeroms.com/nes_roms/04/layla.zip
http://download.freeroms.com/nes_roms/04/leegolf.zip
http://download.freeroms.com/nes_roms/04/legdiamo.zip
http://download.freeroms.com/nes_roms/04/legkage.zip
http://download.freeroms.com/nes_roms/04/legwizar.zip
http://download.freeroms.com/nes_roms/04/lemmings.zip
http://download.freeroms.com/nes_roms/04/lickle.zip
http://download.freeroms.com/nes_roms/04/lifeforc.zip
http://download.freeroms.com/nes_roms/04/littlemermaid.zip
http://download.freeroms.com/nes_roms/04/littlenemodm.zip
http://download.freeroms.com/nes_roms/04/llbaseball.zip
http://download.freeroms.com/nes_roms/04/loderunr.zip
http://download.freeroms.com/nes_roms/04/lolo1.zip
http://download.freeroms.com/nes_roms/04/lolo2.zip
http://download.freeroms.com/nes_roms/04/lolo3.zip
http://download.freeroms.com/nes_roms/04/lonerngr.zip
http://download.freeroms.com/nes_roms/04/loopz.zip
http://download.freeroms.com/nes_roms/04/lostjenny.zip
http://download.freeroms.com/nes_roms/04/lotlot.zip
http://download.freeroms.com/nes_roms/04/lowgman.zip
http://download.freeroms.com/nes_roms/04/lupin3.zip
http://download.freeroms.com/nes_roms/04/machrider.zip
http://download.freeroms.com/nes_roms/04/madmax.zip
http://download.freeroms.com/nes_roms/04/magicofs.zip
http://download.freeroms.com/nes_roms/04/magmax.zip
http://download.freeroms.com/nes_roms/04/maniac.zip
http://download.freeroms.com/nes_roms/04/mappyland.zip
http://download.freeroms.com/nes_roms/04/marble.zip
http://download.freeroms.com/nes_roms/04/matendoj.zip
http://download.freeroms.com/nes_roms/04/mazegalious2.zip
http://download.freeroms.com/nes_roms/04/mckids.zip
http://download.freeroms.com/nes_roms/04/mechaniz.zip
http://download.freeroms.com/nes_roms/04/mega2.zip
http://download.freeroms.com/nes_roms/04/mega5.zip
http://download.freeroms.com/nes_roms/04/mega6.zip
http://download.freeroms.com/nes_roms/04/megaman.zip
http://download.freeroms.com/nes_roms/04/megaman3.zip
http://download.freeroms.com/nes_roms/04/megaman4.zip
http://download.freeroms.com/nes_roms/04/melville.zip
http://download.freeroms.com/nes_roms/04/metalfit.zip
http://download.freeroms.com/nes_roms/04/metalstorm.zip
http://download.freeroms.com/nes_roms/04/metlmech.zip
http://download.freeroms.com/nes_roms/04/metrocrs.zip
http://download.freeroms.com/nes_roms/04/mghtyfnl.zip
http://download.freeroms.com/nes_roms/04/micro.zip
http://download.freeroms.com/nes_roms/04/mightybombjack.zip
http://download.freeroms.com/nes_roms/04/milk.zip
http://download.freeroms.com/nes_roms/04/milliped.zip
http://download.freeroms.com/nes_roms/04/missimpo.zip
http://download.freeroms.com/nes_roms/04/missionc.zip
http://download.freeroms.com/nes_roms/04/mnm.zip
http://download.freeroms.com/nes_roms/04/mobilesuitgz.zip
http://download.freeroms.com/nes_roms/04/monopoly.zip
http://download.freeroms.com/nes_roms/04/mpocket.zip
http://download.freeroms.com/nes_roms/04/mpout.zip
http://download.freeroms.com/nes_roms/04/mrkunio.zip
http://download.freeroms.com/nes_roms/04/mule.zip
http://download.freeroms.com/nes_roms/04/musashi.zip
http://download.freeroms.com/nes_roms/04/muscle.zip
http://download.freeroms.com/nes_roms/04/mystqst.zip
http://download.freeroms.com/nes_roms/05/narc.zip
http://download.freeroms.com/nes_roms/05/nekketu.zip
http://download.freeroms.com/nes_roms/05/nesopen.zip
http://download.freeroms.com/nes_roms/05/nflfootball.zip
http://download.freeroms.com/nes_roms/05/nightshade.zip
http://download.freeroms.com/nes_roms/05/ninja.zip
http://download.freeroms.com/nes_roms/05/ninjaboy2.zip
http://download.freeroms.com/nes_roms/05/ninjaga.zip
http://download.freeroms.com/nes_roms/05/ninjaga3.zip
http://download.freeroms.com/nes_roms/05/nitemare.zip
http://download.freeroms.com/nes_roms/05/njgaidn2.zip
http://download.freeroms.com/nes_roms/05/northsou.zip
http://download.freeroms.com/nes_roms/05/offroad.zip
http://download.freeroms.com/nes_roms/05/oishinbo.zip
http://download.freeroms.com/nes_roms/05/olympus.zip
http://download.freeroms.com/nes_roms/05/operwolf.zip
http://download.freeroms.com/nes_roms/05/orb3d.zip
http://download.freeroms.com/nes_roms/05/othello.zip
http://download.freeroms.com/nes_roms/05/outlndrs.zip
http://download.freeroms.com/nes_roms/05/pachio2.zip
http://download.freeroms.com/nes_roms/05/pachislotadv2.zip
http://download.freeroms.com/nes_roms/05/paperboy.zip
http://download.freeroms.com/nes_roms/05/paperboy2.zip
http://download.freeroms.com/nes_roms/05/papgirl.zip
http://download.freeroms.com/nes_roms/05/penguinv.zip
http://download.freeroms.com/nes_roms/05/peterpan.zip
http://download.freeroms.com/nes_roms/05/phantomfight.zip
http://download.freeroms.com/nes_roms/05/pictiona.zip
http://download.freeroms.com/nes_roms/05/pinball.zip
http://download.freeroms.com/nes_roms/05/pinballq.zip
http://download.freeroms.com/nes_roms/05/pipedrem.zip
http://download.freeroms.com/nes_roms/05/pirates.zip
http://download.freeroms.com/nes_roms/05/platoon.zip
http://download.freeroms.com/nes_roms/05/pooyan.zip
http://download.freeroms.com/nes_roms/05/popersia.zip
http://download.freeroms.com/nes_roms/05/popeye.zip
http://download.freeroms.com/nes_roms/05/pow.zip
http://download.freeroms.com/nes_roms/05/predator.zip
http://download.freeroms.com/nes_roms/05/prowrest.zip
http://download.freeroms.com/nes_roms/05/psybust.zip
http://download.freeroms.com/nes_roms/05/ptomato.zip
http://download.freeroms.com/nes_roms/05/pugsley.zip
http://download.freeroms.com/nes_roms/05/punish.zip
http://download.freeroms.com/nes_roms/05/pussboot.zip
http://download.freeroms.com/nes_roms/05/puzzle.zip
http://download.freeroms.com/nes_roms/05/qbert.zip
http://download.freeroms.com/nes_roms/05/radgravi.zip
http://download.freeroms.com/nes_roms/05/radracer.zip
http://download.freeroms.com/nes_roms/05/raf.zip
http://download.freeroms.com/nes_roms/05/raid2020.zip
http://download.freeroms.com/nes_roms/05/raidonb.zip
http://download.freeroms.com/nes_roms/05/rainbow.zip
http://download.freeroms.com/nes_roms/05/rainbowsilkroad.zip
http://download.freeroms.com/nes_roms/05/rambo.zip
http://download.freeroms.com/nes_roms/05/rampage.zip
http://download.freeroms.com/nes_roms/05/rampart.zip
http://download.freeroms.com/nes_roms/05/rbi1.zip
http://download.freeroms.com/nes_roms/05/rbi2.zip
http://download.freeroms.com/nes_roms/05/rbi3.zip
http://download.freeroms.com/nes_roms/05/rcbaseba.zip
http://download.freeroms.com/nes_roms/05/rcproam2.zip
http://download.freeroms.com/nes_roms/05/recca.zip
http://download.freeroms.com/nes_roms/05/redoctbr.zip
http://download.freeroms.com/nes_roms/05/reigen.zip
http://download.freeroms.com/nes_roms/05/remote.zip
http://download.freeroms.com/nes_roms/05/renegade.zip
http://download.freeroms.com/nes_roms/05/renstimp.zip
http://download.freeroms.com/nes_roms/05/rescueemb.zip
http://download.freeroms.com/nes_roms/05/rikikunio.zip
http://download.freeroms.com/nes_roms/05/ringking.zip
http://download.freeroms.com/nes_roms/05/rivercityransom.zip
http://download.freeroms.com/nes_roms/05/roadfigh.zip
http://download.freeroms.com/nes_roms/05/roadrunr.zip
http://download.freeroms.com/nes_roms/05/robnhood.zip
http://download.freeroms.com/nes_roms/05/robo2.zip
http://download.freeroms.com/nes_roms/05/robocop.zip
http://download.freeroms.com/nes_roms/05/robotblock.zip
http://download.freeroms.com/nes_roms/05/rockbord.zip
http://download.freeroms.com/nes_roms/05/rocketeer.zip
http://download.freeroms.com/nes_roms/05/rockincats.zip
http://download.freeroms.com/nes_roms/05/rockman3.zip
http://download.freeroms.com/nes_roms/05/rockman4.zip
http://download.freeroms.com/nes_roms/05/rockman7.zip
http://download.freeroms.com/nes_roms/05/rocknball.zip
http://download.freeroms.com/nes_roms/05/rockybul.zip
http://download.freeroms.com/nes_roms/05/roller.zip
http://download.freeroms.com/nes_roms/05/rollingthunder.zip
http://download.freeroms.com/nes_roms/05/rom3ki.zip
http://download.freeroms.com/nes_roms/05/rushnatk.zip
http://download.freeroms.com/nes_roms/05/rygar.zip
http://download.freeroms.com/nes_roms/06/salamand.zip
http://download.freeroms.com/nes_roms/06/saraib.zip
http://download.freeroms.com/nes_roms/06/scat.zip
http://download.freeroms.com/nes_roms/06/sectionz.zip
http://download.freeroms.com/nes_roms/06/seicross.zip
http://download.freeroms.com/nes_roms/06/shadninj.zip
http://download.freeroms.com/nes_roms/06/shadowgate.zip
http://download.freeroms.com/nes_roms/06/shingen.zip
http://download.freeroms.com/nes_roms/06/shtrhand.zip
http://download.freeroms.com/nes_roms/06/silentservice.zip
http://download.freeroms.com/nes_roms/06/silkw.zip
http://download.freeroms.com/nes_roms/06/silversurfer.zip
http://download.freeroms.com/nes_roms/06/simpson.zip
http://download.freeroms.com/nes_roms/06/sinjinrui.zip
http://download.freeroms.com/nes_roms/06/sk82.zip
http://download.freeroms.com/nes_roms/06/sk8ordie.zip
http://download.freeroms.com/nes_roms/06/skydest.zip
http://download.freeroms.com/nes_roms/06/skykid.zip
http://download.freeroms.com/nes_roms/06/skyshark.zip
http://download.freeroms.com/nes_roms/06/slalom.zip
http://download.freeroms.com/nes_roms/06/smashtv.zip
http://download.freeroms.com/nes_roms/06/snakerattleroll.zip
http://download.freeroms.com/nes_roms/06/snoopy.zip
http://download.freeroms.com/nes_roms/06/snowbro.zip
http://download.freeroms.com/nes_roms/06/soappanc.zip
http://download.freeroms.com/nes_roms/06/soccer.zip
http://download.freeroms.com/nes_roms/06/solokey.zip
http://download.freeroms.com/nes_roms/06/solstice.zip
http://download.freeroms.com/nes_roms/06/somari.zip
http://download.freeroms.com/nes_roms/06/spacehar.zip
http://download.freeroms.com/nes_roms/06/spaceinv.zip
http://download.freeroms.com/nes_roms/06/spcehntr.zip
http://download.freeroms.com/nes_roms/06/spelunk2.zip
http://download.freeroms.com/nes_roms/06/spelunkr.zip
http://download.freeroms.com/nes_roms/06/spizza.zip
http://download.freeroms.com/nes_roms/06/splatter.zip
http://download.freeroms.com/nes_roms/06/spocket.zip
http://download.freeroms.com/nes_roms/06/spyvsspy.zip
http://download.freeroms.com/nes_roms/06/spyvsspy2.zip
http://download.freeroms.com/nes_roms/06/sqoon.zip
http://download.freeroms.com/nes_roms/06/stargate.zip
http://download.freeroms.com/nes_roms/06/starlust.zip
http://download.freeroms.com/nes_roms/06/starsldr.zip
http://download.freeroms.com/nes_roms/06/startropic2.zip
http://download.freeroms.com/nes_roms/06/startropics.zip
http://download.freeroms.com/nes_roms/06/stealth.zip
http://download.freeroms.com/nes_roms/06/strf2010.zip
http://download.freeroms.com/nes_roms/06/strforce.zip
http://download.freeroms.com/nes_roms/06/strider.zip
http://download.freeroms.com/nes_roms/06/sttng.zip
http://download.freeroms.com/nes_roms/06/sugoroqu.zip
http://download.freeroms.com/nes_roms/06/sumo.zip
http://download.freeroms.com/nes_roms/06/superc.zip
http://download.freeroms.com/nes_roms/06/superdodgeball.zip
http://download.freeroms.com/nes_roms/06/superman.zip
http://download.freeroms.com/nes_roms/06/superoffroad.zip
http://download.freeroms.com/nes_roms/06/superpitfall.zip
http://download.freeroms.com/nes_roms/06/superspike.zip
http://download.freeroms.com/nes_roms/06/supersprint.zip
http://download.freeroms.com/nes_roms/06/superspyhunter.zip
http://download.freeroms.com/nes_roms/06/swordsserpents.zip
http://download.freeroms.com/nes_roms/06/sxevious.zip
http://download.freeroms.com/nes_roms/06/t2.zip
http://download.freeroms.com/nes_roms/06/taboo.zip
http://download.freeroms.com/nes_roms/06/tagin.zip
http://download.freeroms.com/nes_roms/06/talespin.zip
http://download.freeroms.com/nes_roms/06/targetr.zip
http://download.freeroms.com/nes_roms/06/tc.zip
http://download.freeroms.com/nes_roms/06/tcbb.zip
http://download.freeroms.com/nes_roms/06/tcmowrst.zip
http://download.freeroms.com/nes_roms/06/td.zip
http://download.freeroms.com/nes_roms/06/tdfever.zip
http://download.freeroms.com/nes_roms/06/tecmo.zip
http://download.freeroms.com/nes_roms/06/tecmosuperbowl.zip
http://download.freeroms.com/nes_roms/06/tennis.zip
http://download.freeroms.com/nes_roms/06/termin.zip
http://download.freeroms.com/nes_roms/06/tet.zip
http://download.freeroms.com/nes_roms/06/tetra.zip
http://download.freeroms.com/nes_roms/06/tetris2.zip
http://download.freeroms.com/nes_roms/06/thexder.zip
http://download.freeroms.com/nes_roms/06/thuncade.zip
http://download.freeroms.com/nes_roms/06/tiger.zip
http://download.freeroms.com/nes_roms/06/timelord.zip
http://download.freeroms.com/nes_roms/06/tinytoon.zip
http://download.freeroms.com/nes_roms/06/tmnt.zip
http://download.freeroms.com/nes_roms/06/tmnt2.zip
http://download.freeroms.com/nes_roms/06/tmnt3.zip
http://download.freeroms.com/nes_roms/06/tnc2.zip
http://download.freeroms.com/nes_roms/06/tnytoon2.zip
http://download.freeroms.com/nes_roms/06/toki.zip
http://download.freeroms.com/nes_roms/06/tombs.zip
http://download.freeroms.com/nes_roms/06/tomjerry.zip
http://download.freeroms.com/nes_roms/06/toms.zip
http://download.freeroms.com/nes_roms/06/totalrad.zip
http://download.freeroms.com/nes_roms/06/totalrecall.zip
http://download.freeroms.com/nes_roms/06/toxic.zip
http://download.freeroms.com/nes_roms/06/tpten.zip
http://download.freeroms.com/nes_roms/06/trackfie.zip
http://download.freeroms.com/nes_roms/06/tri.zip
http://download.freeroms.com/nes_roms/06/triath.zip
http://download.freeroms.com/nes_roms/06/trnsfrmr.zip
http://download.freeroms.com/nes_roms/06/trog.zip
http://download.freeroms.com/nes_roms/06/trojan.zip
http://download.freeroms.com/nes_roms/06/tsamauri.zip
http://download.freeroms.com/nes_roms/06/ttcrtwks.zip
http://download.freeroms.com/nes_roms/06/twincobr.zip
http://download.freeroms.com/nes_roms/07/ulti.zip
http://download.freeroms.com/nes_roms/07/ultima2.zip
http://download.freeroms.com/nes_roms/07/ultima3.zip
http://download.freeroms.com/nes_roms/07/ultimatebb.zip
http://download.freeroms.com/nes_roms/07/ultstunt.zip
http://download.freeroms.com/nes_roms/07/uninvitd.zip
http://download.freeroms.com/nes_roms/07/urbanchamp.zip
http://download.freeroms.com/nes_roms/07/urusei.zip
http://download.freeroms.com/nes_roms/07/valecule.zip
http://download.freeroms.com/nes_roms/07/vegas.zip
http://download.freeroms.com/nes_roms/07/venuswars.zip
http://download.freeroms.com/nes_roms/07/villgust.zip
http://download.freeroms.com/nes_roms/07/vindctrs.zip
http://download.freeroms.com/nes_roms/07/volg2.zip
http://download.freeroms.com/nes_roms/07/vpdoom.zip
http://download.freeroms.com/nes_roms/07/wackrace.zip
http://download.freeroms.com/nes_roms/07/wag.zip
http://download.freeroms.com/nes_roms/07/wagyan.zip
http://download.freeroms.com/nes_roms/07/waldo.zip
http://download.freeroms.com/nes_roms/07/wallstrt.zip
http://download.freeroms.com/nes_roms/07/warpman.zip
http://download.freeroms.com/nes_roms/07/waynesworld.zip
http://download.freeroms.com/nes_roms/07/wcwwrest.zip
http://download.freeroms.com/nes_roms/07/werewolf.zip
http://download.freeroms.com/nes_roms/07/wghockey.zip
http://download.freeroms.com/nes_roms/07/wheel.zip
http://download.freeroms.com/nes_roms/07/whompem.zip
http://download.freeroms.com/nes_roms/07/willow.zip
http://download.freeroms.com/nes_roms/07/winlosdr.zip
http://download.freeroms.com/nes_roms/07/wintergam.zip
http://download.freeroms.com/nes_roms/07/wizardry.zip
http://download.freeroms.com/nes_roms/07/wizardry2.zip
http://download.freeroms.com/nes_roms/07/wizwar.zip
http://download.freeroms.com/nes_roms/07/wizwar2.zip
http://download.freeroms.com/nes_roms/07/wizwar3.zip
http://download.freeroms.com/nes_roms/07/wlion.zip
http://download.freeroms.com/nes_roms/07/wolverine.zip
http://download.freeroms.com/nes_roms/07/worldcup.zip
http://download.freeroms.com/nes_roms/07/worldrun.zip
http://download.freeroms.com/nes_roms/07/wrckcrew.zip
http://download.freeroms.com/nes_roms/07/wresmani.zip
http://download.freeroms.com/nes_roms/07/wrldgame.zip
http://download.freeroms.com/nes_roms/07/wurm.zip
http://download.freeroms.com/nes_roms/07/wwfking.zip
http://download.freeroms.com/nes_roms/07/wwfsteel.zip
http://download.freeroms.com/nes_roms/07/xenophobe.zip
http://download.freeroms.com/nes_roms/07/xevious.zip
http://download.freeroms.com/nes_roms/07/xmen.zip
http://download.freeroms.com/nes_roms/07/yindy.zip
http://download.freeroms.com/nes_roms/07/ykung.zip
http://download.freeroms.com/nes_roms/07/yonoid.zip
http://download.freeroms.com/nes_roms/07/yoshi.zip
http://download.freeroms.com/nes_roms/07/yoshiscookie.zip
http://download.freeroms.com/nes_roms/07/ys2j.zip
http://download.freeroms.com/nes_roms/07/ysj.zip
http://download.freeroms.com/nes_roms/07/zanac.zip
http://download.freeroms.com/nes_roms/07/zen.zip
http://download.freeroms.com/nes_roms/07/zg.zip
http://download.freeroms.com/nes_roms/07/zippy.zip
http://download.freeroms.com/nes_roms/07/zoids.zip
http://download.freeroms.com/nes_roms/07/zoids2.zip
http://download.freeroms.com/nes_roms/07/zoids3.zip
http://download.freeroms.com/nes_roms/07/zombie.zip
http://download.freeroms.com/nes_roms/08/advanced_dungeons_and_dragons_-_dragon_strike.zip
http://download.freeroms.com/nes_roms/08/advanced_dungeons_and_dragons_-_heroes_of_the_lance.zip
http://download.freeroms.com/nes_roms/08/advanced_dungeons_and_dragons_-_hillsfar.zip
http://download.freeroms.com/nes_roms/08/advanced_dungeons_and_dragons_-_pool_of_radiance.zip
http://download.freeroms.com/nes_roms/08/adventures_of_captain_comic,_the.zip
http://download.freeroms.com/nes_roms/08/adventures_of_gilligans_island,_the.zip
http://download.freeroms.com/nes_roms/08/after_burner.zip
http://download.freeroms.com/nes_roms/08/air_fortress.zip
http://download.freeroms.com/nes_roms/08/al_unser_jr._turbo_racing.zip
http://download.freeroms.com/nes_roms/08/aladdin.zip
http://download.freeroms.com/nes_roms/08/aladdin_-_return_of_jaffar,_the.zip
http://download.freeroms.com/nes_roms/08/aladdin_2.zip
http://download.freeroms.com/nes_roms/08/aladdin_3.zip
http://download.freeroms.com/nes_roms/08/aladdin_4.zip
http://download.freeroms.com/nes_roms/08/alien_3.zip
http://download.freeroms.com/nes_roms/08/alien_syndrome.zip
http://download.freeroms.com/nes_roms/08/alpha_mission.zip
http://download.freeroms.com/nes_roms/08/archon.zip
http://download.freeroms.com/nes_roms/08/argos_no_senshi.zip
http://download.freeroms.com/nes_roms/08/arkistas_ring.zip
http://download.freeroms.com/nes_roms/08/athletic_world.zip
http://download.freeroms.com/nes_roms/08/auto-upturn.zip
http://download.freeroms.com/nes_roms/08/baby_boomer.zip
http://download.freeroms.com/nes_roms/08/back_to_the_future_ii_and_iii.zip
http://download.freeroms.com/nes_roms/08/bandai_golf_-_challenge_pebble_beach.zip
http://download.freeroms.com/nes_roms/08/bandit_kings_of_ancient_china.zip
http://download.freeroms.com/nes_roms/08/barker_bills_trick_shooting.zip
http://download.freeroms.com/nes_roms/08/bases_loaded.zip
http://download.freeroms.com/nes_roms/08/bases_loaded_3.zip
http://download.freeroms.com/nes_roms/08/bases_loaded_4.zip
http://download.freeroms.com/nes_roms/08/bases_loaded_ii.zip
http://download.freeroms.com/nes_roms/08/battle_tank.zip
http://download.freeroms.com/nes_roms/08/battleship.zip
http://download.freeroms.com/nes_roms/08/battletoads.zip
http://download.freeroms.com/nes_roms/08/battletoads_and_double_dragon_-_the_ultimate_team.zip
http://download.freeroms.com/nes_roms/08/bb_car.zip
http://download.freeroms.com/nes_roms/08/bee_52.zip
http://download.freeroms.com/nes_roms/08/beetlejuice.zip
http://download.freeroms.com/nes_roms/08/bible_adventures_(v1.4).zip
http://download.freeroms.com/nes_roms/08/bible_buffet_(v6.0).zip
http://download.freeroms.com/nes_roms/08/big_birds_hide_and_speak.zip
http://download.freeroms.com/nes_roms/08/big_nose_freaks_out.zip
http://download.freeroms.com/nes_roms/08/big_nose_the_caveman.zip
http://download.freeroms.com/nes_roms/08/bigfoot.zip
http://download.freeroms.com/nes_roms/08/bill_and_teds_excellent_video_game_adventure.zip
http://download.freeroms.com/nes_roms/08/bill_elliotts_nascar_challenge.zip
http://download.freeroms.com/nes_roms/08/bio_hazard.zip
http://download.freeroms.com/nes_roms/08/blackjack.zip
http://download.freeroms.com/nes_roms/08/blue_marlin,_the.zip
http://download.freeroms.com/nes_roms/08/boogerman.zip
http://download.freeroms.com/nes_roms/08/boulder_dash.zip
http://download.freeroms.com/nes_roms/08/break_time_-_the_national_pool_tour.zip
http://download.freeroms.com/nes_roms/08/brush_roller.zip
http://download.freeroms.com/nes_roms/08/bubble_bath_babes.zip
http://download.freeroms.com/nes_roms/08/bugs_bunny_birthday_blowout,_the.zip
http://download.freeroms.com/nes_roms/08/captain_planet_and_the_planeteers.zip
http://download.freeroms.com/nes_roms/08/casino_kid_2.zip
http://download.freeroms.com/nes_roms/08/castelian.zip
http://download.freeroms.com/nes_roms/08/castle_of_deceit.zip
http://download.freeroms.com/nes_roms/08/challenge_of_the_dragon.zip
http://download.freeroms.com/nes_roms/08/cheetah_men_ii.zip
http://download.freeroms.com/nes_roms/08/chess_academys_(sachen-jap).zip
http://download.freeroms.com/nes_roms/08/chessmaster,_the.zip
http://download.freeroms.com/nes_roms/08/chiller.zip
http://download.freeroms.com/nes_roms/08/china_rabbit_baby.zip
http://download.freeroms.com/nes_roms/08/chinese_checkers.zip
http://download.freeroms.com/nes_roms/08/chip_and_dale_3.zip
http://download.freeroms.com/nes_roms/08/chip_n_dale_rescue_rangers_2.zip
http://download.freeroms.com/nes_roms/08/classic_concentration.zip
http://download.freeroms.com/nes_roms/08/cliffhanger.zip
http://download.freeroms.com/nes_roms/08/color_a_dinosaur.zip
http://download.freeroms.com/nes_roms/08/commando.zip
http://download.freeroms.com/nes_roms/08/conflict.zip
http://download.freeroms.com/nes_roms/08/contra_spirits_(1996).zip
http://download.freeroms.com/nes_roms/08/cool_world.zip
http://download.freeroms.com/nes_roms/08/cosmic_crusade.zip
http://download.freeroms.com/nes_roms/08/cowboy_kid.zip
http://download.freeroms.com/nes_roms/08/crackout.zip
http://download.freeroms.com/nes_roms/08/cross_fire.zip
http://download.freeroms.com/nes_roms/08/crystal_mines.zip
http://download.freeroms.com/nes_roms/08/d.j._boy.zip
http://download.freeroms.com/nes_roms/08/dai-2-ji_-_super_robot_taisen.zip
http://download.freeroms.com/nes_roms/08/daikaijuu_deburas.zip
http://download.freeroms.com/nes_roms/08/daisenryaku.zip
http://download.freeroms.com/nes_roms/08/dance_aerobics.zip
http://download.freeroms.com/nes_roms/08/dancing_blocks.zip
http://download.freeroms.com/nes_roms/08/danny_sullivans_indy_heat.zip
http://download.freeroms.com/nes_roms/08/darkman.zip
http://download.freeroms.com/nes_roms/08/darkseed.zip
http://download.freeroms.com/nes_roms/08/darkwing_duck_2_.zip
http://download.freeroms.com/nes_roms/08/dash_galaxy_in_the_alien_asylum.zip
http://download.freeroms.com/nes_roms/08/days_of_thunder.zip
http://download.freeroms.com/nes_roms/08/death_race.zip
http://download.freeroms.com/nes_roms/08/deathbots.zip
http://download.freeroms.com/nes_roms/08/decathlon.zip
http://download.freeroms.com/nes_roms/08/demo_boy_2.zip
http://download.freeroms.com/nes_roms/08/demogorgon_monk.zip
http://download.freeroms.com/nes_roms/08/desert_commander.zip
http://download.freeroms.com/nes_roms/08/destiny_of_an_emperor.zip
http://download.freeroms.com/nes_roms/08/dezaemon.zip
http://download.freeroms.com/nes_roms/08/dizzy_the_adventurer.zip
http://download.freeroms.com/nes_roms/08/doki!_doki!_yuuenchi.zip
http://download.freeroms.com/nes_roms/08/donkey_kong.zip
http://download.freeroms.com/nes_roms/08/donkey_kong_3.zip
http://download.freeroms.com/nes_roms/08/donkey_kong_classics.zip
http://download.freeroms.com/nes_roms/08/donkey_kong_country_4.zip
http://download.freeroms.com/nes_roms/08/donkey_kong_jr..zip
http://download.freeroms.com/nes_roms/08/donkey_kong_jr._math.zip
http://download.freeroms.com/nes_roms/08/doraemon_-_giga_zombie_no_gyakushuu.zip
http://download.freeroms.com/nes_roms/08/double_dare.zip
http://download.freeroms.com/nes_roms/08/double_moon_densetsu.zip
http://download.freeroms.com/nes_roms/08/downtown_-_nekketsu_koushin_kyoku_-_soreyuke_daiundoukai.zip
http://download.freeroms.com/nes_roms/08/downtown_special_-_kunio-kun_no_jidaigeki_dayo_zenin_shuugou!.zip
http://download.freeroms.com/nes_roms/08/dr._chaos.zip
http://download.freeroms.com/nes_roms/08/dr._mario.zip
http://download.freeroms.com/nes_roms/08/dracs_night_out.zip
http://download.freeroms.com/nes_roms/08/dragon,_the_.zip
http://download.freeroms.com/nes_roms/08/dragon_ball_-_shen_long_no_nazo.zip
http://download.freeroms.com/nes_roms/08/dragon_ball_3_-_gokuu_den.zip
http://download.freeroms.com/nes_roms/08/dragon_ball_z_-_kyoushuu!_saiya_jin.zip
http://download.freeroms.com/nes_roms/08/dragon_ball_z_-_super_butouden_2.zip
http://download.freeroms.com/nes_roms/08/dragon_ball_z_gaiden_-_saiya_jin_zetsumetsu_keikaku.zip
http://download.freeroms.com/nes_roms/08/dragon_ball_z_ii_-_gekishin_freeza!!.zip
http://download.freeroms.com/nes_roms/08/dragon_ball_z_iii_-_ressen_jinzou_ningen.zip
http://download.freeroms.com/nes_roms/08/dragon_power.zip
http://download.freeroms.com/nes_roms/08/dragon_quest_iv.zip
http://download.freeroms.com/nes_roms/08/duck.zip
http://download.freeroms.com/nes_roms/08/duck_tales_iii_.zip
http://download.freeroms.com/nes_roms/08/dudes_with_attitude.zip
http://download.freeroms.com/nes_roms/08/dusty_diamonds_all-star_softball.zip
http://download.freeroms.com/nes_roms/08/earthworm_jim_2.zip
http://download.freeroms.com/nes_roms/08/earthworm_jim_3.zip
http://download.freeroms.com/nes_roms/08/egypt.zip
http://download.freeroms.com/nes_roms/08/english_word_blaster_v1.0.zip
http://download.freeroms.com/nes_roms/08/exodus_(v4.0).zip
http://download.freeroms.com/nes_roms/08/f-15_strike_eagle.zip
http://download.freeroms.com/nes_roms/08/famicom_wars.zip
http://download.freeroms.com/nes_roms/08/fantastic_adventures_of_dizzy,_the.zip
http://download.freeroms.com/nes_roms/08/faria_-_a_world_of_mystery_and_danger!.zip
http://download.freeroms.com/nes_roms/08/fatal_fury_2.zip
http://download.freeroms.com/nes_roms/08/felix_the_cat.zip
http://download.freeroms.com/nes_roms/08/ferrari_-_grand_prix_challenge.zip
http://download.freeroms.com/nes_roms/08/festers_quest.zip
http://download.freeroms.com/nes_roms/08/fifa_97_international_soccer.zip
http://download.freeroms.com/nes_roms/08/fighting_hero.zip
http://download.freeroms.com/nes_roms/08/final_combat.zip
http://download.freeroms.com/nes_roms/08/final_fantasy.zip
http://download.freeroms.com/nes_roms/08/final_fantasy_i_and_ii.zip
http://download.freeroms.com/nes_roms/08/final_fantasy_ii.zip
http://download.freeroms.com/nes_roms/08/final_fantasy_iii.zip
http://download.freeroms.com/nes_roms/08/final_fantasy_v.zip
http://download.freeroms.com/nes_roms/08/final_fight_3.zip
http://download.freeroms.com/nes_roms/08/fire_dragon.zip
http://download.freeroms.com/nes_roms/08/fire_emblem.zip
http://download.freeroms.com/nes_roms/08/fire_emblem_gaiden.zip
http://download.freeroms.com/nes_roms/08/fire_hawk.zip
http://download.freeroms.com/nes_roms/08/fire_n_ice.zip
http://download.freeroms.com/nes_roms/08/firehouse_rescue.zip
http://download.freeroms.com/nes_roms/08/flight_of_the_intruder.zip
http://download.freeroms.com/nes_roms/08/flintstones,_the_-_the_rescue_of_dino_and_hoppy.zip
http://download.freeroms.com/nes_roms/08/flintstones,_the_-_the_surprise_at_dinosaur_peak!_.zip
http://download.freeroms.com/nes_roms/08/forcity.zip
http://download.freeroms.com/nes_roms/08/formula_one_-_built_to_win.zip
http://download.freeroms.com/nes_roms/08/foton_-_the_ultimate_game_on_planet_earth.zip
http://download.freeroms.com/nes_roms/08/free_fall.zip
http://download.freeroms.com/nes_roms/08/freedom_force.zip
http://download.freeroms.com/nes_roms/08/fun_house.zip
http://download.freeroms.com/nes_roms/08/fushigi_no_umi_no_nadia.zip
http://download.freeroms.com/nes_roms/08/fuzzical_fighter.zip
http://download.freeroms.com/nes_roms/08/gaiapolis.zip
http://download.freeroms.com/nes_roms/08/galactic_crusader.zip
http://download.freeroms.com/nes_roms/08/ganbare_goemon!_-_karakuri_douchuu.zip
http://download.freeroms.com/nes_roms/08/gemfire.zip
http://download.freeroms.com/nes_roms/08/genghis_khan.zip
http://download.freeroms.com/nes_roms/08/getsufuu_maden.zip
http://download.freeroms.com/nes_roms/08/ghoul_school.zip
http://download.freeroms.com/nes_roms/08/glk_dance_by_fengli.zip
http://download.freeroms.com/nes_roms/08/goal!.zip
http://download.freeroms.com/nes_roms/08/goal!_two.zip
http://download.freeroms.com/nes_roms/08/goal_3.zip
http://download.freeroms.com/nes_roms/08/grand_combat.zip
http://download.freeroms.com/nes_roms/08/great_waldo_search,_the.zip
http://download.freeroms.com/nes_roms/08/great_wall,_the.zip
http://download.freeroms.com/nes_roms/08/greg_normans_golf_power.zip
http://download.freeroms.com/nes_roms/08/gumshoe.zip
http://download.freeroms.com/nes_roms/08/gun-nac.zip
http://download.freeroms.com/nes_roms/08/gyromite.zip
http://download.freeroms.com/nes_roms/08/happy_pairs.zip
http://download.freeroms.com/nes_roms/08/harris_legend.zip
http://download.freeroms.com/nes_roms/08/hell_fighter.zip
http://download.freeroms.com/nes_roms/08/hello_kitty_no_ohanabatake.zip
http://download.freeroms.com/nes_roms/08/hello_kitty_world.zip
http://download.freeroms.com/nes_roms/08/herakles_no_eikou_2_-_titan_no_metsubou.zip
http://download.freeroms.com/nes_roms/08/hero_quest.zip
http://download.freeroms.com/nes_roms/08/high_speed.zip
http://download.freeroms.com/nes_roms/08/hirake!_ponkikki.zip
http://download.freeroms.com/nes_roms/08/hit_the_ice.zip
http://download.freeroms.com/nes_roms/08/hollywood_squares.zip
http://download.freeroms.com/nes_roms/08/hook.zip
http://download.freeroms.com/nes_roms/08/hot_dance_2000.zip
http://download.freeroms.com/nes_roms/08/hottaaman_no_chitei_tanken.zip
http://download.freeroms.com/nes_roms/08/huge_insect.zip
http://download.freeroms.com/nes_roms/08/hyaku_no_sekai_no_monogatari_-_the_tales_on_a_watery_wilderness.zip
http://download.freeroms.com/nes_roms/08/i_can_remember.zip
http://download.freeroms.com/nes_roms/08/ike_ike!_nekketsu_hockey_bu_-_subette_koronde_dai_rantou.zip
http://download.freeroms.com/nes_roms/08/impossible_mission_ii.zip
http://download.freeroms.com/nes_roms/08/incredible_crash_dummies,_the.zip
http://download.freeroms.com/nes_roms/08/infiltrator.zip
http://download.freeroms.com/nes_roms/08/ironsword_-_wizards_and_warriors_ii.zip
http://download.freeroms.com/nes_roms/08/ivan_ironman_stewarts_super_off-road.zip
http://download.freeroms.com/nes_roms/08/jajamaru_gekimaden_-_maboroshi_no_kinmajou.zip
http://download.freeroms.com/nes_roms/08/jeopardy!.zip
http://download.freeroms.com/nes_roms/08/jeopardy!_junior_edition.zip
http://download.freeroms.com/nes_roms/08/jim_hensons_muppet_adventure_-_chaos_at_the_carnival.zip
http://download.freeroms.com/nes_roms/08/jimmy_connors_tennis.zip
http://download.freeroms.com/nes_roms/08/joe_and_mac_-_caveman_ninja.zip
http://download.freeroms.com/nes_roms/08/john_elways_quarterback.zip
http://download.freeroms.com/nes_roms/08/jordan_vs_bird_-_one_on_one.zip
http://download.freeroms.com/nes_roms/08/joshua_(v6.0).zip
http://download.freeroms.com/nes_roms/08/journey_to_silius.zip
http://download.freeroms.com/nes_roms/08/joust.zip
http://download.freeroms.com/nes_roms/08/jovial_race.zip
http://download.freeroms.com/nes_roms/08/joypad_test_cartridge.zip
http://download.freeroms.com/nes_roms/08/jurassic_boy_2.zip
http://download.freeroms.com/nes_roms/08/just_breed.zip
http://download.freeroms.com/nes_roms/08/juuouki.zip
http://download.freeroms.com/nes_roms/08/kaijuu_monogatari.zip
http://download.freeroms.com/nes_roms/08/kaiketsu_yanchamaru_2_-_karakuri_land.zip
http://download.freeroms.com/nes_roms/08/kaiketsu_yanchamaru_3_-_taiketsu!_zouringen.zip
http://download.freeroms.com/nes_roms/08/kanshakudama_nage_kantarou_no_toukaidou_gojuusan_tsugi.zip
http://download.freeroms.com/nes_roms/08/kero_kero_keroppi_no_daibouken.zip
http://download.freeroms.com/nes_roms/08/kero_kero_keroppi_no_daibouken_2_-_donuts_ike_ha_oosawagi!.zip
http://download.freeroms.com/nes_roms/08/keroppi_to_keroriinu_no_splash_bomb!.zip
http://download.freeroms.com/nes_roms/08/kick_master.zip
http://download.freeroms.com/nes_roms/08/kid_klown.zip
http://download.freeroms.com/nes_roms/08/kid_niki_-_radical_ninja.zip
http://download.freeroms.com/nes_roms/08/king_neptunes_adventure.zip
http://download.freeroms.com/nes_roms/08/king_of_fighters_96,_the.zip
http://download.freeroms.com/nes_roms/08/king_of_fighters_97,_the_by_rex_soft.zip
http://download.freeroms.com/nes_roms/08/king_of_fighters_99,_the.zip
http://download.freeroms.com/nes_roms/08/king_of_kings,_the_(v1.3).zip
http://download.freeroms.com/nes_roms/08/kings_of_the_beach.zip
http://download.freeroms.com/nes_roms/08/kings_quest_v.zip
http://download.freeroms.com/nes_roms/08/kirbys_adventure.zip
http://download.freeroms.com/nes_roms/08/kiwi_kraze_-_a_bird-brained_adventure!.zip
http://download.freeroms.com/nes_roms/08/klax.zip
http://download.freeroms.com/nes_roms/08/korean_igo.zip
http://download.freeroms.com/nes_roms/08/kouryuu_densetsu_villgust_gaiden.zip
http://download.freeroms.com/nes_roms/08/krion_conquest,_the.zip
http://download.freeroms.com/nes_roms/08/krustys_fun_house.zip
http://download.freeroms.com/nes_roms/08/kunio_kun_no_nekketsu_soccer_league.zip
http://download.freeroms.com/nes_roms/08/kyatto_ninja_teyandee.zip
http://download.freeroms.com/nes_roms/08/laser_invasion.zip
http://download.freeroms.com/nes_roms/08/last_action_hero.zip
http://download.freeroms.com/nes_roms/08/last_starfighter,_the.zip
http://download.freeroms.com/nes_roms/08/legend_of_the_ghost_lion.zip
http://download.freeroms.com/nes_roms/08/legend_of_zelda,_the.zip
http://download.freeroms.com/nes_roms/08/legendary_wings.zip
http://download.freeroms.com/nes_roms/08/lempereur.zip
http://download.freeroms.com/nes_roms/08/lethal_weapon.zip
http://download.freeroms.com/nes_roms/08/linus_spaceheads_cosmic_crusade.zip
http://download.freeroms.com/nes_roms/08/lion_king,_the.zip
http://download.freeroms.com/nes_roms/08/lion_king_iii,_the_-_simon_and_pumba.zip
http://download.freeroms.com/nes_roms/08/little_magic.zip
http://download.freeroms.com/nes_roms/08/little_ninja_brothers.zip
http://download.freeroms.com/nes_roms/08/little_red_hood.zip
http://download.freeroms.com/nes_roms/08/little_samson.zip
http://download.freeroms.com/nes_roms/08/locksmith.zip
http://download.freeroms.com/nes_roms/08/lucky_777.zip
http://download.freeroms.com/nes_roms/08/lunar_pool.zip
http://download.freeroms.com/nes_roms/08/lupin_sansei_-_pandora_no_isan.zip
http://download.freeroms.com/nes_roms/08/mafat_conspiracy_-_golgo_13.zip
http://download.freeroms.com/nes_roms/08/magic_block.zip
http://download.freeroms.com/nes_roms/08/magic_carpet_1001.zip
http://download.freeroms.com/nes_roms/08/magic_cubes.zip
http://download.freeroms.com/nes_roms/08/magic_darts.zip
http://download.freeroms.com/nes_roms/08/magic_dragon.zip
http://download.freeroms.com/nes_roms/08/magic_jewelry.zip
http://download.freeroms.com/nes_roms/08/magic_jewelry_2.zip
http://download.freeroms.com/nes_roms/08/magic_johnsons_fast_break.zip
http://download.freeroms.com/nes_roms/08/magic_mathematic.zip
http://download.freeroms.com/nes_roms/08/magician.zip
http://download.freeroms.com/nes_roms/08/magmax.zip
http://download.freeroms.com/nes_roms/08/mahjan_samit_kabukicho_hen.zip
http://download.freeroms.com/nes_roms/08/mahjang_companion.zip
http://download.freeroms.com/nes_roms/08/mahjong_academy.zip
http://download.freeroms.com/nes_roms/08/mahjong_world.zip
http://download.freeroms.com/nes_roms/08/major_league_baseball.zip
http://download.freeroms.com/nes_roms/08/majou_densetsu_2_-_daimashikyou_galious.zip
http://download.freeroms.com/nes_roms/08/mandm_heroes.zip
http://download.freeroms.com/nes_roms/08/mari_street_fighter_iii_turbo.zip
http://download.freeroms.com/nes_roms/08/mario_16_(1996).zip
http://download.freeroms.com/nes_roms/08/mario_7-in-1_.zip
http://download.freeroms.com/nes_roms/08/mario_bros.zip
http://download.freeroms.com/nes_roms/08/mario_is_missing!.zip
http://download.freeroms.com/nes_roms/08/marios_time_machine!.zip
http://download.freeroms.com/nes_roms/08/master_chu_and_the_drunkard_hu.zip
http://download.freeroms.com/nes_roms/08/master_fighter_ii.zip
http://download.freeroms.com/nes_roms/08/mcdonaldland.zip
http://download.freeroms.com/nes_roms/08/mei_nu_quan_(honey_peach).zip
http://download.freeroms.com/nes_roms/08/menace_beach.zip
http://download.freeroms.com/nes_roms/08/mendel_palace.zip
http://download.freeroms.com/nes_roms/08/mermaids_of_atlantis_-_the_riddle_of_the_magic_bubble.zip
http://download.freeroms.com/nes_roms/08/metal_gear.zip
http://download.freeroms.com/nes_roms/08/metal_max.zip
http://download.freeroms.com/nes_roms/08/metroid.zip
http://download.freeroms.com/nes_roms/08/michael_andrettis_world_grand_prix.zip
http://download.freeroms.com/nes_roms/08/mickey_mania_7.zip
http://download.freeroms.com/nes_roms/08/mickey_mousecapade.zip
http://download.freeroms.com/nes_roms/08/mickeys_adventures_in_numberland.zip
http://download.freeroms.com/nes_roms/08/mickeys_safari_in_letterland.zip
http://download.freeroms.com/nes_roms/08/mig_29_-_soviet_fighter.zip
http://download.freeroms.com/nes_roms/08/millionaire.zip
http://download.freeroms.com/nes_roms/08/milons_secret_castle.zip
http://download.freeroms.com/nes_roms/08/mini_putt.zip
http://download.freeroms.com/nes_roms/08/minna_no_taabou_no_nakayoshi_daisakusen.zip
http://download.freeroms.com/nes_roms/08/miracle_piano_teaching_system,_the.zip
http://download.freeroms.com/nes_roms/08/mirai_senshi_-_lios.zip
http://download.freeroms.com/nes_roms/08/mitsume_ga_tooru.zip
http://download.freeroms.com/nes_roms/08/moai_kun.zip
http://download.freeroms.com/nes_roms/08/monster_party.zip
http://download.freeroms.com/nes_roms/08/monster_truck_rally.zip
http://download.freeroms.com/nes_roms/08/moon_crystal.zip
http://download.freeroms.com/nes_roms/08/moon_ranger.zip
http://download.freeroms.com/nes_roms/08/mortal_kombat_2.zip
http://download.freeroms.com/nes_roms/08/mortal_kombat_3.zip
http://download.freeroms.com/nes_roms/08/mortal_kombat_3_-_special_56_peoples.zip
http://download.freeroms.com/nes_roms/08/mortal_kombat_3_extra_60.zip
http://download.freeroms.com/nes_roms/08/mortal_kombat_4.zip
http://download.freeroms.com/nes_roms/08/mortal_kombat_ii.zip
http://download.freeroms.com/nes_roms/08/mortal_kombat_ii_special.zip
http://download.freeroms.com/nes_roms/08/mortal_kombat_iii_special.zip
http://download.freeroms.com/nes_roms/08/mortal_kombat_trilogy.zip
http://download.freeroms.com/nes_roms/08/mortal_kombat_v1996_turbo_30_peoples.zip
http://download.freeroms.com/nes_roms/08/motocross_champion.zip
http://download.freeroms.com/nes_roms/08/motor_city_patrol.zip
http://download.freeroms.com/nes_roms/08/ms._pac-man.zip
http://download.freeroms.com/nes_roms/08/musashi_no_bouken.zip
http://download.freeroms.com/nes_roms/08/mutant_virus,_the.zip
http://download.freeroms.com/nes_roms/08/napoleons_war.zip
http://download.freeroms.com/nes_roms/08/nba_jam_2.zip
http://download.freeroms.com/nes_roms/08/nekketsu!_street_basket_-_ganbare_dunk_heroes.zip
http://download.freeroms.com/nes_roms/08/nekketsu_kakutou_densetsu.zip
http://download.freeroms.com/nes_roms/08/nes_play_action_football.zip
http://download.freeroms.com/nes_roms/08/nes_powerpad_test_cart.zip
http://download.freeroms.com/nes_roms/08/nes_test_cart_(official_nintendo).zip
http://download.freeroms.com/nes_roms/08/nigel_mansells_world_championship_challenge.zip
http://download.freeroms.com/nes_roms/08/niji_no_silk_road.zip
http://download.freeroms.com/nes_roms/08/ninja_crusaders.zip
http://download.freeroms.com/nes_roms/08/ninja_jajamaru_-_ginga_daisakusen.zip
http://download.freeroms.com/nes_roms/08/ninja_kid.zip
http://download.freeroms.com/nes_roms/08/ninja_kun_-_ashura_no_shou.zip
http://download.freeroms.com/nes_roms/08/nintendo_world_championships_1990.zip
http://download.freeroms.com/nes_roms/08/nintendo_world_cup.zip
http://download.freeroms.com/nes_roms/08/nobunagas_ambition.zip
http://download.freeroms.com/nes_roms/08/nobunagas_ambition_2.zip
http://download.freeroms.com/nes_roms/08/olympic_iq.zip
http://download.freeroms.com/nes_roms/08/operation_secret_storm.zip
http://download.freeroms.com/nes_roms/08/otaku_no_seiza_-_an_adventure_in_the_otaku_galaxy.zip
http://download.freeroms.com/nes_roms/08/overlord.zip
http://download.freeroms.com/nes_roms/08/paaman_part_2_-_himitsu_kessha_madoodan_wo_taose!.zip
http://download.freeroms.com/nes_roms/08/pac-man.zip
http://download.freeroms.com/nes_roms/08/pac-man_(namco).zip
http://download.freeroms.com/nes_roms/08/pac-mania.zip
http://download.freeroms.com/nes_roms/08/palamedes.zip
http://download.freeroms.com/nes_roms/08/panic_restaurant.zip
http://download.freeroms.com/nes_roms/08/parallel_world.zip
http://download.freeroms.com/nes_roms/08/peek-a-boo_poker.zip
http://download.freeroms.com/nes_roms/08/penguin_and_seal,_the.zip
http://download.freeroms.com/nes_roms/08/perfect_fit.zip
http://download.freeroms.com/nes_roms/08/pesterminator_-_the_western_exterminator.zip
http://download.freeroms.com/nes_roms/08/phantasy_star_2.zip
http://download.freeroms.com/nes_roms/08/pin_bot.zip
http://download.freeroms.com/nes_roms/08/po_po_team.zip
http://download.freeroms.com/nes_roms/08/pocahontas.zip
http://download.freeroms.com/nes_roms/08/pocahontas_2.zip
http://download.freeroms.com/nes_roms/08/pocket_monster.zip
http://download.freeroms.com/nes_roms/08/pokemon_2000.zip
http://download.freeroms.com/nes_roms/08/pokemon_blue.zip
http://download.freeroms.com/nes_roms/08/pokemon_gold.zip
http://download.freeroms.com/nes_roms/08/pokemon_green.zip
http://download.freeroms.com/nes_roms/08/pokemon_silver.zip
http://download.freeroms.com/nes_roms/08/poker.zip
http://download.freeroms.com/nes_roms/08/poker_ii.zip
http://download.freeroms.com/nes_roms/08/poker_iii.zip
http://download.freeroms.com/nes_roms/08/poker_mahjong.zip
http://download.freeroms.com/nes_roms/08/popeye_2_-_travels_in_persia.zip
http://download.freeroms.com/nes_roms/08/popeye_no_eigo_asobi.zip
http://download.freeroms.com/nes_roms/08/power_blade.zip
http://download.freeroms.com/nes_roms/08/power_blade_2.zip
http://download.freeroms.com/nes_roms/08/power_punch_2.zip
http://download.freeroms.com/nes_roms/08/power_rangers_2.zip
http://download.freeroms.com/nes_roms/08/power_rangers_iii.zip
http://download.freeroms.com/nes_roms/08/power_rangers_iv.zip
http://download.freeroms.com/nes_roms/08/pradikus_conflict,_the.zip
http://download.freeroms.com/nes_roms/08/pro_sport_hockey.zip
http://download.freeroms.com/nes_roms/08/punch-out!!.zip
http://download.freeroms.com/nes_roms/08/puyo_puyo.zip
http://download.freeroms.com/nes_roms/08/puzznic.zip
http://download.freeroms.com/nes_roms/08/pyramid.zip
http://download.freeroms.com/nes_roms/08/pyramid_ii.zip
http://download.freeroms.com/nes_roms/08/q_boy.zip
http://download.freeroms.com/nes_roms/08/qix.zip
http://download.freeroms.com/nes_roms/08/quattro_adventure.zip
http://download.freeroms.com/nes_roms/08/quattro_arcade.zip
http://download.freeroms.com/nes_roms/08/quattro_sports.zip
http://download.freeroms.com/nes_roms/08/r.c._pro-am.zip
http://download.freeroms.com/nes_roms/08/r.c._pro-am_2.zip
http://download.freeroms.com/nes_roms/08/race_america.zip
http://download.freeroms.com/nes_roms/08/racermate_challenger_ii_v6.02.002.zip
http://download.freeroms.com/nes_roms/08/racket_attack.zip
http://download.freeroms.com/nes_roms/08/rad_racer_2.zip
http://download.freeroms.com/nes_roms/08/rad_racket_-_deluxe_tennis_ii.zip
http://download.freeroms.com/nes_roms/08/radia_senki_-_reimei_hen.zip
http://download.freeroms.com/nes_roms/08/rally_bike.zip
http://download.freeroms.com/nes_roms/08/rayban_the_third.zip
http://download.freeroms.com/nes_roms/08/red_pig.zip
http://download.freeroms.com/nes_roms/08/remote_control.zip
http://download.freeroms.com/nes_roms/08/roadblasters.zip
http://download.freeroms.com/nes_roms/08/robo_warrior.zip
http://download.freeroms.com/nes_roms/08/robocop_3.zip
http://download.freeroms.com/nes_roms/08/robocop_vs_the_terminator.zip
http://download.freeroms.com/nes_roms/08/robodemons.zip
http://download.freeroms.com/nes_roms/08/rockball.zip
http://download.freeroms.com/nes_roms/08/rocket_ranger.zip
http://download.freeroms.com/nes_roms/08/rocman_x.zip
http://download.freeroms.com/nes_roms/08/rollerblade_racer.zip
http://download.freeroms.com/nes_roms/08/rollergames.zip
http://download.freeroms.com/nes_roms/08/romance_of_the_three_kingdoms_ii.zip
http://download.freeroms.com/nes_roms/08/roundball_-_2-on-2_challenge.zip
http://download.freeroms.com/nes_roms/08/saint_seiya_-_ougon_densetsu.zip
http://download.freeroms.com/nes_roms/08/saiyuuki_world_2_-_tenjoukai_no_majin.zip
http://download.freeroms.com/nes_roms/08/sanrio_carnival_2.zip
http://download.freeroms.com/nes_roms/08/sanrio_cup_-_pon_pon_volley.zip
http://download.freeroms.com/nes_roms/08/sd_gundam_gaiden_-_knight_gundam_monogatari.zip
http://download.freeroms.com/nes_roms/08/secret_scout_in_the_temple_of_demise.zip
http://download.freeroms.com/nes_roms/08/secret_ties.zip
http://download.freeroms.com/nes_roms/08/sesame_street_123.zip
http://download.freeroms.com/nes_roms/08/sesame_street_abc.zip
http://download.freeroms.com/nes_roms/08/sesame_street_countdown.zip
http://download.freeroms.com/nes_roms/08/shikinjou.zip
http://download.freeroms.com/nes_roms/08/shinobi.zip
http://download.freeroms.com/nes_roms/08/shinsenden.zip
http://download.freeroms.com/nes_roms/08/shockwave.zip
http://download.freeroms.com/nes_roms/08/shooting_range.zip
http://download.freeroms.com/nes_roms/08/short_order_-_eggsplode.zip
http://download.freeroms.com/nes_roms/08/shufflepuck_cafe.zip
http://download.freeroms.com/nes_roms/08/shui_guan_pipe.zip
http://download.freeroms.com/nes_roms/08/sidewinder.zip
http://download.freeroms.com/nes_roms/08/silent_assault_(color_dreams).zip
http://download.freeroms.com/nes_roms/08/silent_assult_(sachen-joy_van).zip
http://download.freeroms.com/nes_roms/08/silver_eagle.zip
http://download.freeroms.com/nes_roms/08/simpsons,_the_-_bart_vs._the_space_mutants.zip
http://download.freeroms.com/nes_roms/08/simpsons,_the_-_bart_vs._the_world.zip
http://download.freeroms.com/nes_roms/08/simpsons,_the_-_bartman_meets_radioactive_man.zip
http://download.freeroms.com/nes_roms/08/ski_or_die.zip
http://download.freeroms.com/nes_roms/08/skull_and_crossbones.zip
http://download.freeroms.com/nes_roms/08/snakes_revenge.zip
http://download.freeroms.com/nes_roms/08/softball_tengoku.zip
http://download.freeroms.com/nes_roms/08/solar_jetman_-_hunt_for_the_golden_warpship.zip
http://download.freeroms.com/nes_roms/08/solitaire_(rev1.1).zip
http://download.freeroms.com/nes_roms/08/sonic_3d_blast_6.zip
http://download.freeroms.com/nes_roms/08/sonic_the_hedgehog.zip
http://download.freeroms.com/nes_roms/08/sore_ike!_anapanman_-_minna_de_hiking_game!.zip
http://download.freeroms.com/nes_roms/08/space_boy.zip
http://download.freeroms.com/nes_roms/08/space_shuttle_project.zip
http://download.freeroms.com/nes_roms/08/spartan_x_2.zip
http://download.freeroms.com/nes_roms/08/spider-man_-_return_of_the_sinister_six.zip
http://download.freeroms.com/nes_roms/08/spiritual_warfare_(v6.1).zip
http://download.freeroms.com/nes_roms/08/splatter_house_-_wanpaku_graffiti.zip
http://download.freeroms.com/nes_roms/08/spot.zip
http://download.freeroms.com/nes_roms/08/spy_hunter.zip
http://download.freeroms.com/nes_roms/08/square_no_tom_sawyer.zip
http://download.freeroms.com/nes_roms/08/squashed.zip
http://download.freeroms.com/nes_roms/08/stack_up_(robot_block).zip
http://download.freeroms.com/nes_roms/08/stadium_events.zip
http://download.freeroms.com/nes_roms/08/stanley_-_the_search_for_dr._livingston.zip
http://download.freeroms.com/nes_roms/08/star_trek_-_25th_anniversary.zip
http://download.freeroms.com/nes_roms/08/star_trek_-_the_next_generation.zip
http://download.freeroms.com/nes_roms/08/star_voyager.zip
http://download.freeroms.com/nes_roms/08/star_wars.zip
http://download.freeroms.com/nes_roms/08/star_wars_(namco).zip
http://download.freeroms.com/nes_roms/08/star_wars_-_the_empire_strikes_back.zip
http://download.freeroms.com/nes_roms/08/starship_hector.zip
http://download.freeroms.com/nes_roms/08/startropics.zip
http://download.freeroms.com/nes_roms/08/startropics_ii_-_zodas_revenge.zip
http://download.freeroms.com/nes_roms/08/sted_-_iseki_wakusei_no_yabou.zip
http://download.freeroms.com/nes_roms/08/stinger.zip
http://download.freeroms.com/nes_roms/08/strategist_(with_intro).zip
http://download.freeroms.com/nes_roms/08/street_blaster_ii_pro.zip
http://download.freeroms.com/nes_roms/08/street_cop.zip
http://download.freeroms.com/nes_roms/08/street_fighter_ii_-_the_world_warrior.zip
http://download.freeroms.com/nes_roms/08/street_fighter_iii_(18_fighter).zip
http://download.freeroms.com/nes_roms/08/street_fighter_iii_(9_fighter).zip
http://download.freeroms.com/nes_roms/08/street_fighter_iv.zip
http://download.freeroms.com/nes_roms/08/street_fighter_v_(20_peoples).zip
http://download.freeroms.com/nes_roms/08/street_fighter_vi.zip
http://download.freeroms.com/nes_roms/08/street_fighter_zero_2.zip
http://download.freeroms.com/nes_roms/08/street_fighter_zero_2_97.zip
http://download.freeroms.com/nes_roms/08/street_heroes.zip
http://download.freeroms.com/nes_roms/08/stroke_and_match_golf_(vs).zip
http://download.freeroms.com/nes_roms/08/stunt_kids.zip
http://download.freeroms.com/nes_roms/08/summer_carnival_92_-_recca.zip
http://download.freeroms.com/nes_roms/08/sunday_funday.zip
http://download.freeroms.com/nes_roms/08/super_aladdin.zip
http://download.freeroms.com/nes_roms/08/super_cars.zip
http://download.freeroms.com/nes_roms/08/super_contra_6.zip
http://download.freeroms.com/nes_roms/08/super_contra_7.zip
http://download.freeroms.com/nes_roms/08/super_contra_ii.zip
http://download.freeroms.com/nes_roms/08/super_contra_x.zip
http://download.freeroms.com/nes_roms/08/super_donkey_kong.zip
http://download.freeroms.com/nes_roms/08/super_donkey_kong_2.zip
http://download.freeroms.com/nes_roms/08/super_glove_ball.zip
http://download.freeroms.com/nes_roms/08/super_jeopardy!.zip
http://download.freeroms.com/nes_roms/08/super_mario_14.zip
http://download.freeroms.com/nes_roms/08/super_mario_bros._(usajapan).zip
http://download.freeroms.com/nes_roms/08/super_mario_bros._+_duck_hunt.zip
http://download.freeroms.com/nes_roms/08/super_mario_bros._+_duck_hunt_+_world_class_track_meet.zip
http://download.freeroms.com/nes_roms/08/super_mario_bros._2.zip
http://download.freeroms.com/nes_roms/08/super_mario_bros._3.zip
http://download.freeroms.com/nes_roms/08/super_mario_bros_2_(lost_levels).zip
http://download.freeroms.com/nes_roms/08/super_mario_bros_6.zip
http://download.freeroms.com/nes_roms/08/super_mario_bros_iv.zip
http://download.freeroms.com/nes_roms/08/super_mario_kart_raider.zip
http://download.freeroms.com/nes_roms/08/super_mario_world.zip
http://download.freeroms.com/nes_roms/08/super_mario_world_9.zip
http://download.freeroms.com/nes_roms/08/super_pang.zip
http://download.freeroms.com/nes_roms/08/super_pang_2.zip
http://download.freeroms.com/nes_roms/08/super_shinobi,_the.zip
http://download.freeroms.com/nes_roms/08/super_sonic_5_(1997).zip
http://download.freeroms.com/nes_roms/08/super_spike_vball.zip
http://download.freeroms.com/nes_roms/08/super_spike_vball_+_nintendo_world_cup.zip
http://download.freeroms.com/nes_roms/08/super_team_games.zip
http://download.freeroms.com/nes_roms/08/swamp_thing.zip
http://download.freeroms.com/nes_roms/08/sweet_home.zip
http://download.freeroms.com/nes_roms/08/sword_master.zip
http://download.freeroms.com/nes_roms/08/tag_team_wrestling.zip
http://download.freeroms.com/nes_roms/08/taiwan_mahjong_16.zip
http://download.freeroms.com/nes_roms/08/taiwan_mahjong_2.zip
http://download.freeroms.com/nes_roms/08/taiyou_no_yuusha_firebird.zip
http://download.freeroms.com/nes_roms/08/takahashi_meijin_no_bouken_shima_iv.zip
http://download.freeroms.com/nes_roms/08/target_-_renegade.zip
http://download.freeroms.com/nes_roms/08/taros_quest.zip
http://download.freeroms.com/nes_roms/08/tasac.zip
http://download.freeroms.com/nes_roms/08/tashiro_masashi_no_princess_ga_ippai.zip
http://download.freeroms.com/nes_roms/08/tecmo_baseball.zip
http://download.freeroms.com/nes_roms/08/tecmo_cup_-_soccer_game.zip
http://download.freeroms.com/nes_roms/08/teenage_mutant_ninja_turtles_-_tournament_fighters.zip
http://download.freeroms.com/nes_roms/08/tekken_2.zip
http://download.freeroms.com/nes_roms/08/tekken_3.zip
http://download.freeroms.com/nes_roms/08/tenchi_wo_kurau_ii_-_shokatsu_koumei_den.zip
http://download.freeroms.com/nes_roms/08/terra_cresta.zip
http://download.freeroms.com/nes_roms/08/thunder_and_lightning.zip
http://download.freeroms.com/nes_roms/08/thunder_warrior.zip
http://download.freeroms.com/nes_roms/08/thunderbirds.zip
http://download.freeroms.com/nes_roms/08/tiles_of_fate.zip
http://download.freeroms.com/nes_roms/08/time_diver_avenger.zip
http://download.freeroms.com/nes_roms/08/time_diver_eon_man.zip
http://download.freeroms.com/nes_roms/08/time_zone.zip
http://download.freeroms.com/nes_roms/08/times_of_lore.zip
http://download.freeroms.com/nes_roms/08/tiny_toon_4.zip
http://download.freeroms.com/nes_roms/08/tiny_toon_adventures_6.zip
http://download.freeroms.com/nes_roms/08/titanic_1912.zip
http://download.freeroms.com/nes_roms/08/to_the_earth.zip
http://download.freeroms.com/nes_roms/08/toita_basketball.zip
http://download.freeroms.com/nes_roms/08/tokkyuu_shirei_-_solbrain.zip
http://download.freeroms.com/nes_roms/08/tom_and_jerry_(and_tuffy).zip
http://download.freeroms.com/nes_roms/08/tom_and_jerry_3.zip
http://download.freeroms.com/nes_roms/08/toobin.zip
http://download.freeroms.com/nes_roms/08/top_gun.zip
http://download.freeroms.com/nes_roms/08/top_gun_-_the_second_mission.zip
http://download.freeroms.com/nes_roms/08/top_gun_iii.zip
http://download.freeroms.com/nes_roms/08/track_and_field.zip
http://download.freeroms.com/nes_roms/08/treasure_master.zip
http://download.freeroms.com/nes_roms/08/trolls_on_treasure_island.zip
http://download.freeroms.com/nes_roms/08/tsuppari_oozumou.zip
http://download.freeroms.com/nes_roms/08/twin_eagle.zip
http://download.freeroms.com/nes_roms/08/twin_eagle_-_revenge_joes_brother.zip
http://download.freeroms.com/nes_roms/08/twinbee_3_-_poko_poko_dai_maou.zip
http://download.freeroms.com/nes_roms/08/uchuusen_-_cosmo_carrier.zip
http://download.freeroms.com/nes_roms/08/ultimate_air_combat.zip
http://download.freeroms.com/nes_roms/08/ultimate_league_soccer.zip
http://download.freeroms.com/nes_roms/08/uncanny_x-men,_the.zip
http://download.freeroms.com/nes_roms/08/uncharted_waters.zip
http://download.freeroms.com/nes_roms/08/untouchables,_the.zip
http://download.freeroms.com/nes_roms/08/urban_strike.zip
http://download.freeroms.com/nes_roms/08/valkyrie_no_bouken_-_toki_no_kagi_densetsu.zip
http://download.freeroms.com/nes_roms/08/vegas_dream.zip
http://download.freeroms.com/nes_roms/08/venice_beach_volleyball.zip
http://download.freeroms.com/nes_roms/08/venus_senki.zip
http://download.freeroms.com/nes_roms/08/videomation.zip
http://download.freeroms.com/nes_roms/08/volleyball.zip
http://download.freeroms.com/nes_roms/08/vs._castlevania_(vs).zip
http://download.freeroms.com/nes_roms/08/vs._tko_boxing_(vs).zip
http://download.freeroms.com/nes_roms/08/wagyan_land.zip
http://download.freeroms.com/nes_roms/08/wagyan_land_2.zip
http://download.freeroms.com/nes_roms/08/wai_wai_world.zip
http://download.freeroms.com/nes_roms/08/wai_wai_world_2_-_sos!!_paseri_jou.zip
http://download.freeroms.com/nes_roms/08/wait_and_see!.zip
http://download.freeroms.com/nes_roms/08/wally_bear_and_the_no_gang.zip
http://download.freeroms.com/nes_roms/08/wanpaku_kokkun_no_gourmet_world.zip
http://download.freeroms.com/nes_roms/08/warios_woods.zip
http://download.freeroms.com/nes_roms/08/wheel_of_fortune_-_starring_vanna_white.zip
http://download.freeroms.com/nes_roms/08/wheel_of_fortune_family_edition.zip
http://download.freeroms.com/nes_roms/08/who_framed_roger_rabbit.zip
http://download.freeroms.com/nes_roms/08/widget.zip
http://download.freeroms.com/nes_roms/08/wild_gunman.zip
http://download.freeroms.com/nes_roms/08/wily_and_light_no_rockboard_-_thats_paradise.zip
http://download.freeroms.com/nes_roms/08/wits.zip
http://download.freeroms.com/nes_roms/08/world_champ.zip
http://download.freeroms.com/nes_roms/08/world_class_track_meet.zip
http://download.freeroms.com/nes_roms/08/world_hero.zip
http://download.freeroms.com/nes_roms/08/world_heroes_2.zip
http://download.freeroms.com/nes_roms/08/world_of_card_game,_the.zip
http://download.freeroms.com/nes_roms/08/wrath_of_the_black_manta.zip
http://download.freeroms.com/nes_roms/08/wwf_wrestlemania_challenge.zip
http://download.freeroms.com/nes_roms/08/xexyz.zip
http://download.freeroms.com/nes_roms/08/ys.zip
http://download.freeroms.com/nes_roms/08/ys_ii_-_ancient_ys_vanished_-_the_final_chapter.zip
http://download.freeroms.com/nes_roms/08/ys_iii_-_wanderers_from_ys.zip
http://download.freeroms.com/nes_roms/08/yume_penguin_monogatari_(japan)_[t+spa1.0_paladinknights].zip
http://download.freeroms.com/nes_roms/08/yuu_yuu_hakusho_final_-_makai_saikyou_retsuden.zip
http://download.freeroms.com/nes_roms/08/zelda_ii_-_the_adventure_of_link.zip
http://download.freeroms.com/nes_roms/08/zombie_hunter.zip
